################################################################################
#                                                                              #
#      IAR Universal Linker V6.5.1.95                                          #
#                                                                              #
#           Link time     =  16/Jun/2024  11:36:18                             #
#           Target CPU    =  MSP430                                            #
#           List file     =  C:\Projetos\Ztec\Source\emeter-app\emeter-app-676 #
#                            41\Debug\List\emeter-app-67641.map                #
#           Output file 1 =  C:\Projetos\Ztec\Source\emeter-app\emeter-app-676 #
#                            41\Debug\Exe\emeter-app-67641.d43                 #
#                            Format: ubrof10                                   #
#                            UBROF version 10.0.6                              #
#                            Using library modules for C-SPY (-rt)             #
#           Command line  =  -f C:\Users\liwka\AppData\Local\Temp\EW37E.tmp    #
#                            (C:\Projetos\Ztec\Source\emeter-app\emeter-app-67 #
#                            641\Debug\Obj\emeter-basic-display.r43            #
#                            C:\Projetos\Ztec\Source\emeter-app\emeter-app-676 #
#                            41\Debug\Obj\emeter-basic-oled.r43                #
#                            C:\Projetos\Ztec\Source\emeter-app\emeter-app-676 #
#                            41\Debug\Obj\emeter-communication.r43             #
#                            C:\Projetos\Ztec\Source\emeter-app\emeter-app-676 #
#                            41\Debug\Obj\emeter-dlt645.r43                    #
#                            C:\Projetos\Ztec\Source\emeter-app\emeter-app-676 #
#                            41\Debug\Obj\emeter-keypad.r43                    #
#                            C:\Projetos\Ztec\Source\emeter-app\emeter-app-676 #
#                            41\Debug\Obj\emeter-lcd.r43                       #
#                            C:\Projetos\Ztec\Source\emeter-app\emeter-app-676 #
#                            41\Debug\Obj\emeter-main.r43                      #
#                            C:\Projetos\Ztec\Source\emeter-metrology\emeter-m #
#                            etrology-67641\Debug\Exe\emeter-metrology-67641.r #
#                            43                                                #
#                            C:\Projetos\Ztec\Source\emeter-app\emeter-app-676 #
#                            41\Debug\Obj\emeter-multirate.r43                 #
#                            C:\Projetos\Ztec\Source\emeter-app\emeter-app-676 #
#                            41\Debug\Obj\emeter-oled.r43                      #
#                            C:\Projetos\Ztec\Source\emeter-app\emeter-app-676 #
#                            41\Debug\Obj\emeter-rtc-c.r43                     #
#                            C:\Projetos\Ztec\Source\emeter-app\emeter-app-676 #
#                            41\Debug\Obj\emeter-setup.r43                     #
#                            -o                                                #
#                            C:\Projetos\Ztec\Source\emeter-app\emeter-app-676 #
#                            41\Debug\Exe\emeter-app-67641.d43                 #
#                            -l                                                #
#                            C:\Projetos\Ztec\Source\emeter-app\emeter-app-676 #
#                            41\Debug\List\emeter-app-67641.map                #
#                            -xms                                              #
#                            "-IC:\Program Files (x86)\IAR Systems\Embedded Wo #
#                            rkbench 8.0\430\LIB\"                             #
#                            -f                                                #
#                            "C:\Program Files (x86)\IAR Systems\Embedded Work #
#                            bench 8.0\430\config\linker\lnk430f67641a.xcl"    #
#                            (-cmsp430 -QCODE_I=CODE_ID -QTLS16_I=TLS16_ID     #
#                            -D__iar_HWMUL=4C0 -Z(CONST)INFO=1800-19FF         #
#                            -Z(CONST)INFOA=1980-19FF                          #
#                            -Z(CONST)INFOB=1900-197F                          #
#                            -Z(CONST)INFOC=1880-18FF                          #
#                            -Z(CONST)INFOD=1800-187F                          #
#                            -Z(DATA)DATA16_I,DATA16_Z,DATA16_N,TLS16_I=1C00-3 #
#                            BFF                                               #
#                            -Z(DATA)DATA16_HEAP+_DATA16_HEAP_SIZE             #
#                            -Z(DATA)CODE_I                                    #
#                            -Z(DATA)DATA20_I,DATA20_Z,DATA20_N,DATA20_HEAP+_D #
#                            ATA20_HEAP_SIZE                                   #
#                            -Z(DATA)CSTACK+_STACK_SIZE#                       #
#                            -Z(CONST)DATA16_C,DATA16_ID,TLS16_ID,DIFUNCT,CHEC #
#                            KSUM=4000-FF7F                                    #
#                            -Z(CODE)CSTART,ISR_CODE,CODE16=4000-FF7F          #
#                            -P(CODE)CODE=4000-FF7F,10000-23FFF                #
#                            -Z(CONST)DATA20_C,DATA20_ID,CODE_ID=4000-FF7F,100 #
#                            40-23FFF                                          #
#                            -Z(CODE)INTVEC=FF80-FFFF                          #
#                            -Z(CODE)RESET=FFFE-FFFF) -f                       #
#                            "C:\Program Files (x86)\IAR Systems\Embedded Work #
#                            bench 8.0\430\config\linker\multiplier32.xcl"     #
#                            (-e?Mul8Hw=?Mul8 -e?Mul16Hw=?Mul16                #
#                            -e?Mul16to32uHw=?Mul16to32u                       #
#                            -e?Mul16to32sHw=?Mul16to32s -e?Mul32Hw32=?Mul32   #
#                            -e?Mul64Hw32=_Mul64i                              #
#                            -e?Mul32u32uto64iHw32=_Mul32u32uto64i             #
#                            -e?Mul32fHw32=_Mul32f                             #
#                            -e_Mul64fHw32Ptr=_Mul64fPtr) -D_STACK_SIZE=96     #
#                            -rt                                               #
#                            "C:\Program Files (x86)\IAR Systems\Embedded Work #
#                            bench 8.0\430\lib\dlib\dl430xllfn.r43"            #
#                            -e_PrintfLarge=_Printf -e_ScanfLarge=_Scanf       #
#                            -D_DATA16_HEAP_SIZE=50 -s __program_start         #
#                            -D_DATA20_HEAP_SIZE=50)                           #
#                                                                              #
#                           Copyright (C) 1987-2016 IAR Systems AB.            #
################################################################################





                ****************************************
                *                                      *
                *           CROSS REFERENCE            *
                *                                      *
                ****************************************

       Program entry at :           4000  Relocatable, from module : ?cstart




                ****************************************
                *                                      *
                *            RUNTIME MODEL             *
                *                                      *
                ****************************************

  __Heap_Handler             = Basic
  __SystemLibrary            = DLib
  __code_model               = large
  __core                     = 430X
  __data_model               = large
  __dlib_file_descriptor     = 0
  __dlib_full_locale_support = 0
  __double_size              = 32
  __pic                      = no
  __reg_r4                   = free
  __reg_r5                   = free
  __rt_version               = 3

                ****************************************
                *                                      *
                *    AUTOMATIC SYMBOL REDIRECTIONS     *
                *                                      *
                ****************************************

                  There are no automatic symbol redirections.



                ****************************************
                *                                      *
                *              MODULE MAP              *
                *                                      *
                ****************************************


  DEFINED ABSOLUTE ENTRIES
    *************************************************************************

  DEFINED ABSOLUTE ENTRIES
  PROGRAM MODULE, NAME : ?ABS_ENTRY_MOD

Absolute parts
           ENTRY                   ADDRESS         REF BY
           =====                   =======         ======
           _DATA20_HEAP_SIZE       0050 
           _DATA16_HEAP_SIZE       0050 
           _STACK_SIZE             0096 
           __iar_HWMUL             04C0            ?Mul16to32sHw (?Mul16to32sHw)
                                                   ?Mul32Hw32 (?Mul32Hw32)
                                                   ?Mul32fHw32 (?Mul32fHw32)
                                                   ?Mul32u32uto64iHw32 (?Mul32u32uto64iHw32)
                                                   ?Mul64Hw32 (?Mul64Hw32)
                                                   Segment part 1 (?Mul8Hw)
    *************************************************************************

  FILE NAME : C:\Projetos\Ztec\Source\emeter-app\emeter-app-67641\Debug\Obj\emeter-basic-display.r43
    *************************************************************************

  FILE NAME : C:\Projetos\Ztec\Source\emeter-app\emeter-app-67641\Debug\Obj\emeter-basic-oled.r43
  PROGRAM MODULE, NAME : emeter-basic-oled

  SEGMENTS IN THE MODULE
  ======================
DATA20_I
  Relative segment, address: 1C00 - 1C01 (0x2 bytes), align: 1
  Segment part 49.            Intra module refs:   update_oled
           ENTRY                   ADDRESS         REF BY
           =====                   =======         ======
           oled_step               1C00            main (emeter-main)
    -------------------------------------------------------------------------
<CODE> 1 (was CODE)
  Relative segment, address: 895E - 8999 (0x3c bytes), align: 1
  Segment part 51.
           ENTRY                   ADDRESS         REF BY
           =====                   =======         ======
           OLED_display_startup_message
                                   895E            system_setup (emeter-setup)
               calls direct
    -------------------------------------------------------------------------
<CODE> 1 (was CODE)
  Relative segment, address: 7A68 - 7AF7 (0x90 bytes), align: 1
  Segment part 52.            Intra module refs:   display_oled_item
           LOCAL                   ADDRESS         
           =====                   =======         
           oled_date_temp          7A68 
               calls direct
    -------------------------------------------------------------------------
<CODE> 1 (was CODE)
  Relative segment, address: 7812 - 7819 (0x8 bytes), align: 1
  Segment part 71.            Intra module refs:   oled_rms_current
                                                   oled_rms_voltage
           LOCAL                   ADDRESS         
           =====                   =======         
           ?Subroutine7            7812 
    -------------------------------------------------------------------------
<CODE> 1 (was CODE)
  Relative segment, address: 781A - 781F (0x6 bytes), align: 1
  Segment part 72.            Intra module refs:   oled_rms_current
                                                   oled_rms_voltage
           LOCAL                   ADDRESS         
           =====                   =======         
           ?Subroutine6            781A 
    -------------------------------------------------------------------------
<CODE> 1 (was CODE)
  Relative segment, address: 7820 - 7829 (0xa bytes), align: 1
  Segment part 73.            Intra module refs:   oled_rms_current
                                                   oled_rms_voltage
           LOCAL                   ADDRESS         
           =====                   =======         
           ?Subroutine5            7820 
    -------------------------------------------------------------------------
<CODE> 1 (was CODE)
  Relative segment, address: 782A - 787F (0x56 bytes), align: 1
  Segment part 74.            Intra module refs:   display_oled_item
           LOCAL                   ADDRESS         
           =====                   =======         
           oled_mains_frequency    782A 
               calls direct
    -------------------------------------------------------------------------
<CODE> 1 (was CODE)
  Relative segment, address: 7880 - 7883 (0x4 bytes), align: 1
  Segment part 75.            Intra module refs:   oled_mains_frequency
                                                   oled_power_factor
           LOCAL                   ADDRESS         
           =====                   =======         
           ?Subroutine4            7880 
    -------------------------------------------------------------------------
<CODE> 1 (was CODE)
  Relative segment, address: 7884 - 7887 (0x4 bytes), align: 1
  Segment part 76.            Intra module refs:   ?Subroutine4
                                                   ?Subroutine6
           LOCAL                   ADDRESS         
           =====                   =======         
           ?Subroutine19           7884 
    -------------------------------------------------------------------------
<CODE> 1 (was CODE)
  Relative segment, address: 7888 - 788D (0x6 bytes), align: 1
  Segment part 77.            Intra module refs:   ?Subroutine19
                                                   ?Subroutine2
                                                   ?Subroutine3
                                                   ?Subroutine5
                                                   ?Subroutine7
    -------------------------------------------------------------------------
<CODE> 1 (was CODE)
  Relative segment, address: 788E - 7899 (0xc bytes), align: 1
  Segment part 78.            Intra module refs:   oled_mains_frequency
                                                   oled_power_factor
           LOCAL                   ADDRESS         
           =====                   =======         
           ?Subroutine3            788E 
    -------------------------------------------------------------------------
<CODE> 1 (was CODE)
  Relative segment, address: 789A - 78A5 (0xc bytes), align: 1
  Segment part 79.            Intra module refs:   ?Subroutine18
                                                   ?Subroutine3
                                                   ?Subroutine4
           LOCAL                   ADDRESS         
           =====                   =======         
           ?Subroutine20           789A 
    -------------------------------------------------------------------------
<CODE> 1 (was CODE)
  Relative segment, address: 78A6 - 78AD (0x8 bytes), align: 1
  Segment part 80.            Intra module refs:   oled_mains_frequency
                                                   oled_power_factor
           LOCAL                   ADDRESS         
           =====                   =======         
           ?Subroutine2            78A6 
    -------------------------------------------------------------------------
<CODE> 1 (was CODE)
  Relative segment, address: 957C - 9585 (0xa bytes), align: 1
  Segment part 81.            Intra module refs:   ?Subroutine2
                                                   oled_date_temp
           LOCAL                   ADDRESS         
           =====                   =======         
           ?Subroutine18           957C 
    -------------------------------------------------------------------------
<CODE> 1 (was CODE)
  Relative segment, address: 5EF8 - 5F05 (0xe bytes), align: 1
  Segment part 53.            Intra module refs:   display_oled_item
           LOCAL                   ADDRESS         
           =====                   =======         
           oled_active_power       5EF8 
               calls direct
    -------------------------------------------------------------------------
<CODE> 1 (was CODE)
  Relative segment, address: 5F06 - 5FA9 (0xa4 bytes), align: 1
  Segment part 54.            Intra module refs:   oled_active_power
                                                   oled_apparent_power
           LOCAL                   ADDRESS         
           =====                   =======         
           ?Subroutine0            5F06 
    -------------------------------------------------------------------------
<CODE> 1 (was CODE)
  Relative segment, address: 5FAA - 605B (0xb2 bytes), align: 1
  Segment part 55.            Intra module refs:   display_oled_item
           LOCAL                   ADDRESS         
           =====                   =======         
           oled_reactive_power     5FAA 
               calls direct
    -------------------------------------------------------------------------
<CODE> 1 (was CODE)
  Relative segment, address: 605C - 606D (0x12 bytes), align: 1
  Segment part 56.            Intra module refs:   ?Subroutine0
                                                   oled_reactive_power
           LOCAL                   ADDRESS         
           =====                   =======         
           ?Subroutine16           605C 
    -------------------------------------------------------------------------
<CODE> 1 (was CODE)
  Relative segment, address: 606E - 6075 (0x8 bytes), align: 1
  Segment part 57.            Intra module refs:   ?Subroutine0
                                                   oled_reactive_power
           LOCAL                   ADDRESS         
           =====                   =======         
           ?Subroutine14           606E 
    -------------------------------------------------------------------------
<CODE> 1 (was CODE)
  Relative segment, address: 6076 - 607B (0x6 bytes), align: 1
  Segment part 58.            Intra module refs:   ?Subroutine10
                                                   ?Subroutine14
                                                   ?Subroutine8
           LOCAL                   ADDRESS         
           =====                   =======         
           ?Subroutine21           6076 
    -------------------------------------------------------------------------
<CODE> 1 (was CODE)
  Relative segment, address: 607C - 6085 (0xa bytes), align: 1
  Segment part 59.            Intra module refs:   ?Subroutine0
                                                   oled_reactive_power
           LOCAL                   ADDRESS         
           =====                   =======         
           ?Subroutine13           607C 
    -------------------------------------------------------------------------
<CODE> 1 (was CODE)
  Relative segment, address: 6086 - 6091 (0xc bytes), align: 1
  Segment part 60.            Intra module refs:   ?Subroutine0
                                                   oled_reactive_power
           LOCAL                   ADDRESS         
           =====                   =======         
           ?Subroutine10           6086 
    -------------------------------------------------------------------------
<CODE> 1 (was CODE)
  Relative segment, address: 6092 - 609D (0xc bytes), align: 1
  Segment part 61.            Intra module refs:   ?Subroutine0
                                                   oled_reactive_power
           LOCAL                   ADDRESS         
           =====                   =======         
           ?Subroutine8            6092 
    -------------------------------------------------------------------------
<CODE> 1 (was CODE)
  Relative segment, address: 609E - 60AF (0x12 bytes), align: 1
  Segment part 62.            Intra module refs:   display_oled_item
           LOCAL                   ADDRESS         
           =====                   =======         
           oled_apparent_power     609E 
               calls direct
    -------------------------------------------------------------------------
<CODE> 1 (was CODE)
  Relative segment, address: 82D2 - 832F (0x5e bytes), align: 1
  Segment part 63.            Intra module refs:   display_oled_item
           LOCAL                   ADDRESS         
           =====                   =======         
           oled_power_factor       82D2 
               calls direct
    -------------------------------------------------------------------------
<CODE> 1 (was CODE)
  Relative segment, address: 92F8 - 930B (0x14 bytes), align: 1
  Segment part 64.            Intra module refs:   oled_power_factor
           LOCAL                   ADDRESS         
           =====                   =======         
           ?Subroutine17           92F8 
    -------------------------------------------------------------------------
<CODE> 1 (was CODE)
  Relative segment, address: 7770 - 7811 (0xa2 bytes), align: 1
  Segment part 65.            Intra module refs:   display_oled_item
           LOCAL                   ADDRESS         
           =====                   =======         
           oled_rms_voltage        7770 
               calls direct
    -------------------------------------------------------------------------
<CODE> 1 (was CODE)
  Relative segment, address: 7372 - 7373 (0x2 bytes), align: 1
  Segment part 66.            Intra module refs:   oled_rms_current
                                                   oled_rms_voltage
           LOCAL                   ADDRESS         
           =====                   =======         
           ?Subroutine15           7372 
    -------------------------------------------------------------------------
<CODE> 1 (was CODE)
  Relative segment, address: 7374 - 7379 (0x6 bytes), align: 1
  Segment part 67.            Intra module refs:   ?Subroutine11
                                                   ?Subroutine15
                                                   ?Subroutine9
                                                   update_oled
           LOCAL                   ADDRESS         
           =====                   =======         
           ?Subroutine22           7374 
    -------------------------------------------------------------------------
<CODE> 1 (was CODE)
  Relative segment, address: 737A - 741B (0xa2 bytes), align: 1
  Segment part 68.            Intra module refs:   display_oled_item
           LOCAL                   ADDRESS         
           =====                   =======         
           oled_rms_current        737A 
               calls direct
    -------------------------------------------------------------------------
<CODE> 1 (was CODE)
  Relative segment, address: 741C - 7423 (0x8 bytes), align: 1
  Segment part 69.            Intra module refs:   oled_rms_current
                                                   oled_rms_voltage
           LOCAL                   ADDRESS         
           =====                   =======         
           ?Subroutine11           741C 
    -------------------------------------------------------------------------
<CODE> 1 (was CODE)
  Relative segment, address: 7424 - 742B (0x8 bytes), align: 1
  Segment part 70.            Intra module refs:   oled_rms_current
                                                   oled_rms_voltage
           LOCAL                   ADDRESS         
           =====                   =======         
           ?Subroutine9            7424 
    -------------------------------------------------------------------------
<CODE> 1 (was CODE)
  Relative segment, address: 67D8 - 6853 (0x7c bytes), align: 1
  Segment part 82.            Intra module refs:   display_oled_item
           LOCAL                   ADDRESS         
           =====                   =======         
           oled_imported_active_energy
                                   67D8 
               calls direct
    -------------------------------------------------------------------------
<CODE> 1 (was CODE)
  Relative segment, address: 6854 - 6863 (0x10 bytes), align: 1
  Segment part 83.            Intra module refs:   oled_imported_active_energy
                                                   oled_imported_reactive_energy
           LOCAL                   ADDRESS         
           =====                   =======         
           ?Subroutine1            6854 
    -------------------------------------------------------------------------
<CODE> 1 (was CODE)
  Relative segment, address: 6864 - 6913 (0xb0 bytes), align: 1
  Segment part 84.            Intra module refs:   display_oled_item
           LOCAL                   ADDRESS         
           =====                   =======         
           oled_imported_reactive_energy
                                   6864 
               calls direct
    -------------------------------------------------------------------------
<CODE> 1 (was CODE)
  Relative segment, address: 9440 - 944D (0xe bytes), align: 1
  Segment part 85.            Intra module refs:   oled_imported_active_energy
                                                   oled_imported_reactive_energy
           LOCAL                   ADDRESS         
           =====                   =======         
           ?Subroutine12           9440 
    -------------------------------------------------------------------------
<CODE> 1 (was CODE)
  Relative segment, address: 8592 - 85E3 (0x52 bytes), align: 1
  Segment part 86.            Intra module refs:   update_oled
           ENTRY                   ADDRESS         REF BY
           =====                   =======         ======
           display_oled_item       8592 
               calls direct
    -------------------------------------------------------------------------
<CODE> 1 (was CODE)
  Relative segment, address: 8146 - 81A9 (0x64 bytes), align: 1
  Segment part 87.
           ENTRY                   ADDRESS         REF BY
           =====                   =======         ======
           update_oled             8146            main (emeter-main)
               calls direct
    -------------------------------------------------------------------------
DATA20_ID
  Relative segment, address: 9ECA - 9ECB (0x2 bytes), align: 1
  Segment part 50.            Intra module refs:   oled_step
    -------------------------------------------------------------------------
DATA20_C
  Relative segment, address: 9A4A - 9A4F (0x6 bytes), align: 0
  Segment part 2.             Intra module refs:   OLED_display_startup_message
    -------------------------------------------------------------------------
DATA20_C
  Relative segment, address: 9A50 - 9A62 (0x13 bytes), align: 0
  Segment part 3.             Intra module refs:   OLED_display_startup_message
    -------------------------------------------------------------------------
DATA20_C
  Relative segment, address: 9A63 - 9A73 (0x11 bytes), align: 0
  Segment part 4.             Intra module refs:   OLED_display_startup_message
    -------------------------------------------------------------------------
DATA20_C
  Relative segment, address: 9A74 - 9A83 (0x10 bytes), align: 0
  Segment part 5.             Intra module refs:   OLED_display_startup_message
    -------------------------------------------------------------------------
DATA20_C
  Relative segment, address: 9A84 - 9A8B (0x8 bytes), align: 0
  Segment part 6.             Intra module refs:   oled_date_temp
    -------------------------------------------------------------------------
DATA20_C
  Relative segment, address: 9A8C - 9A9C (0x11 bytes), align: 0
  Segment part 7.             Intra module refs:   oled_date_temp
    -------------------------------------------------------------------------
DATA20_C
  Relative segment, address: 9A9D - 9AAB (0xf bytes), align: 0
  Segment part 8.             Intra module refs:   oled_date_temp
    -------------------------------------------------------------------------
DATA20_C
  Relative segment, address: 9AAC - 9AAC (0x1 bytes), align: 0
  Segment part 9.             Intra module refs:   oled_date_temp
    -------------------------------------------------------------------------
DATA20_C
  Relative segment, address: 9AAD - 9ABB (0xf bytes), align: 0
  Segment part 10.            Intra module refs:   oled_date_temp
    -------------------------------------------------------------------------
DATA20_C
  Relative segment, address: 9ABC - 9AC8 (0xd bytes), align: 0
  Segment part 11.            Intra module refs:   oled_active_power
    -------------------------------------------------------------------------
DATA20_C
  Relative segment, address: 9AC9 - 9ACB (0x3 bytes), align: 0
  Segment part 12.            Intra module refs:   ?Subroutine16
                                                   oled_imported_reactive_energy
    -------------------------------------------------------------------------
DATA20_C
  Relative segment, address: 9ACC - 9AD3 (0x8 bytes), align: 0
  Segment part 13.            Intra module refs:   ?Subroutine0
                                                   oled_imported_active_energy
                                                   oled_reactive_power
    -------------------------------------------------------------------------
DATA20_C
  Relative segment, address: 9AD4 - 9AED (0x1a bytes), align: 0
  Segment part 14.            Intra module refs:   ?Subroutine8
    -------------------------------------------------------------------------
DATA20_C
  Relative segment, address: 9AEE - 9AF3 (0x6 bytes), align: 0
  Segment part 15.            Intra module refs:   ?Subroutine0
                                                   oled_imported_reactive_energy
                                                   oled_reactive_power
    -------------------------------------------------------------------------
DATA20_C
  Relative segment, address: 9AF4 - 9B0D (0x1a bytes), align: 0
  Segment part 16.            Intra module refs:   ?Subroutine14
    -------------------------------------------------------------------------
DATA20_C
  Relative segment, address: 9B0E - 9B13 (0x6 bytes), align: 0
  Segment part 17.            Intra module refs:   ?Subroutine0
                                                   oled_imported_reactive_energy
                                                   oled_reactive_power
    -------------------------------------------------------------------------
DATA20_C
  Relative segment, address: 9B14 - 9B2D (0x1a bytes), align: 0
  Segment part 18.            Intra module refs:   ?Subroutine10
    -------------------------------------------------------------------------
DATA20_C
  Relative segment, address: 9B2E - 9B33 (0x6 bytes), align: 0
  Segment part 19.            Intra module refs:   ?Subroutine0
                                                   oled_imported_reactive_energy
                                                   oled_reactive_power
    -------------------------------------------------------------------------
DATA20_C
  Relative segment, address: 9B34 - 9B43 (0x10 bytes), align: 0
  Segment part 20.            Intra module refs:   oled_reactive_power
    -------------------------------------------------------------------------
DATA20_C
  Relative segment, address: 9B44 - 9B52 (0xf bytes), align: 0
  Segment part 21.            Intra module refs:   oled_apparent_power
    -------------------------------------------------------------------------
DATA20_C
  Relative segment, address: 9B53 - 9B5F (0xd bytes), align: 0
  Segment part 22.            Intra module refs:   oled_power_factor
    -------------------------------------------------------------------------
DATA20_C
  Relative segment, address: 9B60 - 9B62 (0x3 bytes), align: 0
  Segment part 23.            Intra module refs:   ?Subroutine17
    -------------------------------------------------------------------------
DATA20_C
  Relative segment, address: 9B63 - 9B65 (0x3 bytes), align: 0
  Segment part 24.            Intra module refs:   ?Subroutine17
    -------------------------------------------------------------------------
DATA20_C
  Relative segment, address: 9B66 - 9B69 (0x4 bytes), align: 0
  Segment part 25.            Intra module refs:   oled_power_factor
                                                   oled_rms_current
                                                   oled_rms_voltage
    -------------------------------------------------------------------------
DATA20_C
  Relative segment, address: 9B6A - 9B6D (0x4 bytes), align: 0
  Segment part 26.            Intra module refs:   oled_power_factor
                                                   oled_rms_current
                                                   oled_rms_voltage
    -------------------------------------------------------------------------
DATA20_C
  Relative segment, address: 9B6E - 9B71 (0x4 bytes), align: 0
  Segment part 27.            Intra module refs:   oled_power_factor
                                                   oled_rms_current
                                                   oled_rms_voltage
    -------------------------------------------------------------------------
DATA20_C
  Relative segment, address: 9B72 - 9B7B (0xa bytes), align: 0
  Segment part 28.            Intra module refs:   oled_rms_voltage
    -------------------------------------------------------------------------
DATA20_C
  Relative segment, address: 9B7C - 9B91 (0x16 bytes), align: 0
  Segment part 29.            Intra module refs:   oled_rms_voltage
    -------------------------------------------------------------------------
DATA20_C
  Relative segment, address: 9B92 - 9B94 (0x3 bytes), align: 0
  Segment part 30.            Intra module refs:   oled_rms_voltage
    -------------------------------------------------------------------------
DATA20_C
  Relative segment, address: 9B95 - 9BAA (0x16 bytes), align: 0
  Segment part 31.            Intra module refs:   oled_rms_voltage
    -------------------------------------------------------------------------
DATA20_C
  Relative segment, address: 9BAB - 9BC0 (0x16 bytes), align: 0
  Segment part 32.            Intra module refs:   oled_rms_voltage
    -------------------------------------------------------------------------
DATA20_C
  Relative segment, address: 9BC1 - 9BC6 (0x6 bytes), align: 0
  Segment part 33.            Intra module refs:   oled_rms_current
    -------------------------------------------------------------------------
DATA20_C
  Relative segment, address: 9BC7 - 9BDC (0x16 bytes), align: 0
  Segment part 34.            Intra module refs:   oled_rms_current
    -------------------------------------------------------------------------
DATA20_C
  Relative segment, address: 9BDD - 9BDF (0x3 bytes), align: 0
  Segment part 35.            Intra module refs:   oled_rms_current
    -------------------------------------------------------------------------
DATA20_C
  Relative segment, address: 9BE0 - 9BF5 (0x16 bytes), align: 0
  Segment part 36.            Intra module refs:   oled_rms_current
    -------------------------------------------------------------------------
DATA20_C
  Relative segment, address: 9BF6 - 9C0B (0x16 bytes), align: 0
  Segment part 37.            Intra module refs:   oled_rms_current
    -------------------------------------------------------------------------
DATA20_C
  Relative segment, address: 9C0C - 9C16 (0xb bytes), align: 0
  Segment part 38.            Intra module refs:   oled_mains_frequency
    -------------------------------------------------------------------------
DATA20_C
  Relative segment, address: 9C17 - 9C1B (0x5 bytes), align: 0
  Segment part 39.            Intra module refs:   oled_imported_active_energy
                                                   oled_mains_frequency
    -------------------------------------------------------------------------
DATA20_C
  Relative segment, address: 9C1C - 9C1F (0x4 bytes), align: 0
  Segment part 40.            Intra module refs:   oled_mains_frequency
    -------------------------------------------------------------------------
DATA20_C
  Relative segment, address: 9C20 - 9C24 (0x5 bytes), align: 0
  Segment part 41.            Intra module refs:   oled_imported_active_energy
                                                   oled_mains_frequency
    -------------------------------------------------------------------------
DATA20_C
  Relative segment, address: 9C25 - 9C29 (0x5 bytes), align: 0
  Segment part 42.            Intra module refs:   oled_imported_active_energy
                                                   oled_mains_frequency
    -------------------------------------------------------------------------
DATA20_C
  Relative segment, address: 9C2A - 9C2D (0x4 bytes), align: 0
  Segment part 43.            Intra module refs:   oled_imported_active_energy
    -------------------------------------------------------------------------
DATA20_C
  Relative segment, address: 9C2E - 9C3B (0xe bytes), align: 0
  Segment part 44.            Intra module refs:   oled_imported_active_energy
    -------------------------------------------------------------------------
DATA20_C
  Relative segment, address: 9C3C - 9C4B (0x10 bytes), align: 0
  Segment part 45.            Intra module refs:   oled_imported_reactive_energy
    -------------------------------------------------------------------------
DATA20_C
  Relative segment, address: 9C4C - 9C54 (0x9 bytes), align: 0
  Segment part 46.            Intra module refs:   oled_imported_reactive_energy
    -------------------------------------------------------------------------
DATA20_C
  Relative segment, address: 9C55 - 9C5C (0x8 bytes), align: 0
  Segment part 47.            Intra module refs:   update_oled
    -------------------------------------------------------------------------
DATA20_C
  Relative segment, address: 9C5D - 9C60 (0x4 bytes), align: 0
  Segment part 48.            Intra module refs:   update_oled

    *************************************************************************

  FILE NAME : C:\Projetos\Ztec\Source\emeter-app\emeter-app-67641\Debug\Obj\emeter-communication.r43
  PROGRAM MODULE, NAME : emeter-communication

  SEGMENTS IN THE MODULE
  ======================
DATA16_AN
  Relative segment, address: 0222 - 0223 (0x2 bytes), align: 0
  Segment part 1. ROOT        Intra module refs:   RS485_sendBuf
                                                   USCI_A0_isr
                                                   USCI_A2_isr
                                                   main (emeter-main)
                                                   reactive_energy_pulse_end (emeter-main)
                                                   reactive_energy_pulse_start (emeter-main)
                                                   system_setup (emeter-setup)
           ENTRY                   ADDRESS         REF BY
           =====                   =======         ======
           _A_PBOUT_L              0222 
           LOCAL                   ADDRESS         
           =====                   =======         
           PBOUT                   0222 
           PBOUT_H                 0223 
           PBOUT_L                 0222 
    -------------------------------------------------------------------------
DATA16_AN
  Relative segment, address: 05C0 - 05C1 (0x2 bytes), align: 0
  Segment part 2. ROOT        Intra module refs:   serial_configure
           ENTRY                   ADDRESS         REF BY
           =====                   =======         ======
           _A_UCA0CTLW0_L          05C0 
           LOCAL                   ADDRESS         
           =====                   =======         
           UCA0CTLW0               05C0 
           UCA0CTLW0_H             05C1 
           UCA0CTLW0_L             05C0 
    -------------------------------------------------------------------------
DATA16_AN
  Relative segment, address: 05C2 - 05C3 (0x2 bytes), align: 0
  Segment part 3. ROOT        Intra module refs:   serial_configure
           ENTRY                   ADDRESS         REF BY
           =====                   =======         ======
           _A_UCA0CTLW1_L          05C2 
           LOCAL                   ADDRESS         
           =====                   =======         
           UCA0CTLW1               05C2 
           UCA0CTLW1_H             05C3 
           UCA0CTLW1_L             05C2 
    -------------------------------------------------------------------------
DATA16_AN
  Relative segment, address: 05C6 - 05C7 (0x2 bytes), align: 0
  Segment part 4. ROOT        Intra module refs:   serial_configure
           ENTRY                   ADDRESS         REF BY
           =====                   =======         ======
           _A_UCA0BRW_L            05C6 
           LOCAL                   ADDRESS         
           =====                   =======         
           UCA0BRW                 05C6 
           UCA0BRW_H               05C7 
           UCA0BRW_L               05C6 
    -------------------------------------------------------------------------
DATA16_AN
  Relative segment, address: 05C8 - 05C9 (0x2 bytes), align: 0
  Segment part 5. ROOT        Intra module refs:   serial_configure
           ENTRY                   ADDRESS         REF BY
           =====                   =======         ======
           _A_UCA0MCTLW_L          05C8 
           LOCAL                   ADDRESS         
           =====                   =======         
           UCA0MCTLW               05C8 
           UCA0MCTLW_H             05C9 
           UCA0MCTLW_L             05C8 
    -------------------------------------------------------------------------
DATA16_AN
  Relative segment, address: 05CC - 05CD (0x2 bytes), align: 0
  Segment part 6. ROOT        Intra module refs:   USCI_A0_isr
           ENTRY                   ADDRESS         REF BY
           =====                   =======         ======
           _A_UCA0RXBUF_L          05CC 
           LOCAL                   ADDRESS         
           =====                   =======         
           UCA0RXBUF               05CC 
           UCA0RXBUF_H             05CD 
           UCA0RXBUF_L             05CC 
    -------------------------------------------------------------------------
DATA16_AN
  Relative segment, address: 05CE - 05CF (0x2 bytes), align: 0
  Segment part 7. ROOT        Intra module refs:   serial_configure
                                                   serial_write
           ENTRY                   ADDRESS         REF BY
           =====                   =======         ======
           _A_UCA0TXBUF_L          05CE 
           LOCAL                   ADDRESS         
           =====                   =======         
           UCA0TXBUF               05CE 
           UCA0TXBUF_H             05CF 
           UCA0TXBUF_L             05CE 
    -------------------------------------------------------------------------
DATA16_AN
  Relative segment, address: 05DA - 05DB (0x2 bytes), align: 0
  Segment part 8. ROOT        Intra module refs:   serial_configure
           ENTRY                   ADDRESS         REF BY
           =====                   =======         ======
           _A_UCA0IE_L             05DA 
           LOCAL                   ADDRESS         
           =====                   =======         
           UCA0IE                  05DA 
           UCA0IE_H                05DB 
           UCA0IE_L                05DA 
    -------------------------------------------------------------------------
DATA16_AN
  Relative segment, address: 05DC - 05DD (0x2 bytes), align: 0
  Segment part 9. ROOT        Intra module refs:   RS485_sendBuf
                                                   USCI_A0_isr
                                                   serial_write
           ENTRY                   ADDRESS         REF BY
           =====                   =======         ======
           _A_UCA0IFG_L            05DC 
           LOCAL                   ADDRESS         
           =====                   =======         
           UCA0IFG                 05DC 
           UCA0IFG_H               05DD 
           UCA0IFG_L               05DC 
    -------------------------------------------------------------------------
DATA16_AN
  Relative segment, address: 05DE - 05DF (0x2 bytes), align: 0
  Segment part 10. ROOT       Intra module refs:   USCI_A0_isr
           ENTRY                   ADDRESS         REF BY
           =====                   =======         ======
           UCA0IV                  05DE 
    -------------------------------------------------------------------------
DATA16_AN
  Relative segment, address: 05E0 - 05E1 (0x2 bytes), align: 0
  Segment part 11. ROOT       Intra module refs:   serial_configure
           ENTRY                   ADDRESS         REF BY
           =====                   =======         ======
           _A_UCA1CTLW0_L          05E0 
           LOCAL                   ADDRESS         
           =====                   =======         
           UCA1CTLW0               05E0 
           UCA1CTLW0_H             05E1 
           UCA1CTLW0_L             05E0 
    -------------------------------------------------------------------------
DATA16_AN
  Relative segment, address: 05E2 - 05E3 (0x2 bytes), align: 0
  Segment part 12. ROOT       Intra module refs:   serial_configure
           ENTRY                   ADDRESS         REF BY
           =====                   =======         ======
           _A_UCA1CTLW1_L          05E2 
           LOCAL                   ADDRESS         
           =====                   =======         
           UCA1CTLW1               05E2 
           UCA1CTLW1_H             05E3 
           UCA1CTLW1_L             05E2 
    -------------------------------------------------------------------------
DATA16_AN
  Relative segment, address: 05E6 - 05E7 (0x2 bytes), align: 0
  Segment part 13. ROOT       Intra module refs:   serial_configure
           ENTRY                   ADDRESS         REF BY
           =====                   =======         ======
           _A_UCA1BRW_L            05E6 
           LOCAL                   ADDRESS         
           =====                   =======         
           UCA1BRW                 05E6 
           UCA1BRW_H               05E7 
           UCA1BRW_L               05E6 
    -------------------------------------------------------------------------
DATA16_AN
  Relative segment, address: 05E8 - 05E9 (0x2 bytes), align: 0
  Segment part 14. ROOT       Intra module refs:   serial_configure
           ENTRY                   ADDRESS         REF BY
           =====                   =======         ======
           _A_UCA1MCTLW_L          05E8 
           LOCAL                   ADDRESS         
           =====                   =======         
           UCA1MCTLW               05E8 
           UCA1MCTLW_H             05E9 
           UCA1MCTLW_L             05E8 
    -------------------------------------------------------------------------
DATA16_AN
  Relative segment, address: 05EC - 05ED (0x2 bytes), align: 0
  Segment part 15. ROOT       Intra module refs:   USCI_A1_isr
           ENTRY                   ADDRESS         REF BY
           =====                   =======         ======
           _A_UCA1RXBUF_L          05EC 
           LOCAL                   ADDRESS         
           =====                   =======         
           UCA1RXBUF               05EC 
           UCA1RXBUF_H             05ED 
           UCA1RXBUF_L             05EC 
    -------------------------------------------------------------------------
DATA16_AN
  Relative segment, address: 05EE - 05EF (0x2 bytes), align: 0
  Segment part 16. ROOT       Intra module refs:   serial_configure
                                                   serial_write
           ENTRY                   ADDRESS         REF BY
           =====                   =======         ======
           _A_UCA1TXBUF_L          05EE 
           LOCAL                   ADDRESS         
           =====                   =======         
           UCA1TXBUF               05EE 
           UCA1TXBUF_H             05EF 
           UCA1TXBUF_L             05EE 
    -------------------------------------------------------------------------
DATA16_AN
  Relative segment, address: 05FA - 05FB (0x2 bytes), align: 0
  Segment part 17. ROOT       Intra module refs:   serial_configure
           ENTRY                   ADDRESS         REF BY
           =====                   =======         ======
           _A_UCA1IE_L             05FA 
           LOCAL                   ADDRESS         
           =====                   =======         
           UCA1IE                  05FA 
           UCA1IE_H                05FB 
           UCA1IE_L                05FA 
    -------------------------------------------------------------------------
DATA16_AN
  Relative segment, address: 05FC - 05FD (0x2 bytes), align: 0
  Segment part 18. ROOT       Intra module refs:   RS485_sendBuf
                                                   USCI_A1_isr
                                                   serial_write
           ENTRY                   ADDRESS         REF BY
           =====                   =======         ======
           _A_UCA1IFG_L            05FC 
           LOCAL                   ADDRESS         
           =====                   =======         
           UCA1IFG                 05FC 
           UCA1IFG_H               05FD 
           UCA1IFG_L               05FC 
    -------------------------------------------------------------------------
DATA16_AN
  Relative segment, address: 05FE - 05FF (0x2 bytes), align: 0
  Segment part 19. ROOT       Intra module refs:   USCI_A1_isr
           ENTRY                   ADDRESS         REF BY
           =====                   =======         ======
           UCA1IV                  05FE 
    -------------------------------------------------------------------------
DATA16_AN
  Relative segment, address: 0600 - 0601 (0x2 bytes), align: 0
  Segment part 20. ROOT       Intra module refs:   serial_configure
           ENTRY                   ADDRESS         REF BY
           =====                   =======         ======
           _A_UCA2CTLW0_L          0600 
           LOCAL                   ADDRESS         
           =====                   =======         
           UCA2CTLW0               0600 
           UCA2CTLW0_H             0601 
           UCA2CTLW0_L             0600 
    -------------------------------------------------------------------------
DATA16_AN
  Relative segment, address: 0602 - 0603 (0x2 bytes), align: 0
  Segment part 21. ROOT       Intra module refs:   serial_configure
           ENTRY                   ADDRESS         REF BY
           =====                   =======         ======
           _A_UCA2CTLW1_L          0602 
           LOCAL                   ADDRESS         
           =====                   =======         
           UCA2CTLW1               0602 
           UCA2CTLW1_H             0603 
           UCA2CTLW1_L             0602 
    -------------------------------------------------------------------------
DATA16_AN
  Relative segment, address: 0606 - 0607 (0x2 bytes), align: 0
  Segment part 22. ROOT       Intra module refs:   serial_configure
           ENTRY                   ADDRESS         REF BY
           =====                   =======         ======
           _A_UCA2BRW_L            0606 
           LOCAL                   ADDRESS         
           =====                   =======         
           UCA2BRW                 0606 
           UCA2BRW_H               0607 
           UCA2BRW_L               0606 
    -------------------------------------------------------------------------
DATA16_AN
  Relative segment, address: 0608 - 0609 (0x2 bytes), align: 0
  Segment part 23. ROOT       Intra module refs:   serial_configure
           ENTRY                   ADDRESS         REF BY
           =====                   =======         ======
           _A_UCA2MCTLW_L          0608 
           LOCAL                   ADDRESS         
           =====                   =======         
           UCA2MCTLW               0608 
           UCA2MCTLW_H             0609 
           UCA2MCTLW_L             0608 
    -------------------------------------------------------------------------
DATA16_AN
  Relative segment, address: 060C - 060D (0x2 bytes), align: 0
  Segment part 24. ROOT       Intra module refs:   USCI_A2_isr
           ENTRY                   ADDRESS         REF BY
           =====                   =======         ======
           _A_UCA2RXBUF_L          060C 
           LOCAL                   ADDRESS         
           =====                   =======         
           UCA2RXBUF               060C 
           UCA2RXBUF_H             060D 
           UCA2RXBUF_L             060C 
    -------------------------------------------------------------------------
DATA16_AN
  Relative segment, address: 060E - 060F (0x2 bytes), align: 0
  Segment part 25. ROOT       Intra module refs:   serial_configure
                                                   serial_write
           ENTRY                   ADDRESS         REF BY
           =====                   =======         ======
           _A_UCA2TXBUF_L          060E 
           LOCAL                   ADDRESS         
           =====                   =======         
           UCA2TXBUF               060E 
           UCA2TXBUF_H             060F 
           UCA2TXBUF_L             060E 
    -------------------------------------------------------------------------
DATA16_AN
  Relative segment, address: 061A - 061B (0x2 bytes), align: 0
  Segment part 26. ROOT       Intra module refs:   serial_configure
           ENTRY                   ADDRESS         REF BY
           =====                   =======         ======
           _A_UCA2IE_L             061A 
           LOCAL                   ADDRESS         
           =====                   =======         
           UCA2IE                  061A 
           UCA2IE_H                061B 
           UCA2IE_L                061A 
    -------------------------------------------------------------------------
DATA16_AN
  Relative segment, address: 061C - 061D (0x2 bytes), align: 0
  Segment part 27. ROOT       Intra module refs:   RS485_sendBuf
                                                   USCI_A2_isr
                                                   serial_write
           ENTRY                   ADDRESS         REF BY
           =====                   =======         ======
           _A_UCA2IFG_L            061C 
           LOCAL                   ADDRESS         
           =====                   =======         
           UCA2IFG                 061C 
           UCA2IFG_H               061D 
           UCA2IFG_L               061C 
    -------------------------------------------------------------------------
DATA16_AN
  Relative segment, address: 061E - 061F (0x2 bytes), align: 0
  Segment part 28. ROOT       Intra module refs:   USCI_A2_isr
           ENTRY                   ADDRESS         REF BY
           =====                   =======         ======
           UCA2IV                  061E 
    -------------------------------------------------------------------------
DATA20_Z
  Relative segment, address: 1C02 - 1E17 (0x216 bytes), align: 1
  Segment part 33.            Intra module refs:   ?Subroutine1
                                                   ?Subroutine2
                                                   ?Subroutine3
                                                   ?Subroutine4
                                                   ?Subroutine5
                                                   ?Subroutine6
                                                   RS485_sendBuf
                                                   USCI_A0_isr
                                                   USCI_A1_isr
                                                   USCI_A2_isr
                                                   serial_configure
                                                   serial_write
           ENTRY                   ADDRESS         REF BY
           =====                   =======         ======
           ports                   1C02            ?Subroutine1 (emeter-dlt645)
                                                   dlt645_service (emeter-dlt645)
                                                   process_preset_single_reg (emeter-dlt645)
                                                   process_read_hold_reg (emeter-dlt645)
                                                   process_read_inp_reg (emeter-dlt645)
    -------------------------------------------------------------------------
DATA20_C
  Relative segment, address: 9C61 - 9C68 (0x8 bytes), align: 0
  Segment part 34.            Intra module refs:   serial_configure
           LOCAL                   ADDRESS         
           =====                   =======         
           mod_patterns            9C61 
    -------------------------------------------------------------------------
<CODE> 1 (was CODE)
  Relative segment, address: 5CC2 - 5EF7 (0x236 bytes), align: 1
  Segment part 35.
           ENTRY                   ADDRESS         REF BY
           =====                   =======         ======
           serial_configure        5CC2            ?Subroutine0 (emeter-setup)
                                                   system_setup (emeter-setup)
               calls direct
    -------------------------------------------------------------------------
<CODE> 1 (was CODE)
  Relative segment, address: 7C8A - 7D07 (0x7e bytes), align: 1
  Segment part 37.            Intra module refs:   RS485_sendBuf
           ENTRY                   ADDRESS         REF BY
           =====                   =======         ======
           serial_write            7C8A 
    -------------------------------------------------------------------------
<CODE> 1 (was CODE)
  Relative segment, address: 949C - 94A7 (0xc bytes), align: 1
  Segment part 38.            Intra module refs:   serial_write
           LOCAL                   ADDRESS         
           =====                   =======         
           ?Subroutine0            949C 
    -------------------------------------------------------------------------
<CODE> 1 (was CODE)
  Relative segment, address: 7DF6 - 7E65 (0x70 bytes), align: 1
  Segment part 39.
           ENTRY                   ADDRESS         REF BY
           =====                   =======         ======
           RS485_sendBuf           7DF6            ?Subroutine0 (emeter-dlt645)
                                                   process_preset_single_reg (emeter-dlt645)
               calls direct
    -------------------------------------------------------------------------
ISR_CODE
  Relative segment, address: 4030 - 40F3 (0xc4 bytes), align: 1
  Segment part 42.            Intra module refs:   USCI_A0_isr::??INTVEC 118
           ENTRY                   ADDRESS         REF BY
           =====                   =======         ======
           USCI_A0_isr             4030 
               interrupt function
               calls direct
    -------------------------------------------------------------------------
ISR_CODE
  Relative segment, address: 40F4 - 40FD (0xa bytes), align: 1
  Segment part 43.            Intra module refs:   USCI_A0_isr
           LOCAL                   ADDRESS         
           =====                   =======         
           ?Subroutine1            40F4 
    -------------------------------------------------------------------------
ISR_CODE
  Relative segment, address: 40FE - 410B (0xe bytes), align: 1
  Segment part 44.            Intra module refs:   ?Subroutine1
                                                   USCI_A0_isr
           LOCAL                   ADDRESS         
           =====                   =======         
           ?Subroutine4            40FE 
    -------------------------------------------------------------------------
ISR_CODE
  Relative segment, address: 410C - 41B3 (0xa8 bytes), align: 1
  Segment part 45.            Intra module refs:   USCI_A1_isr::??INTVEC 106
           ENTRY                   ADDRESS         REF BY
           =====                   =======         ======
           USCI_A1_isr             410C 
               interrupt function
               calls direct
    -------------------------------------------------------------------------
ISR_CODE
  Relative segment, address: 41B4 - 41BD (0xa bytes), align: 1
  Segment part 46.            Intra module refs:   USCI_A1_isr
           LOCAL                   ADDRESS         
           =====                   =======         
           ?Subroutine2            41B4 
    -------------------------------------------------------------------------
ISR_CODE
  Relative segment, address: 41BE - 41CB (0xe bytes), align: 1
  Segment part 47.            Intra module refs:   ?Subroutine2
                                                   USCI_A1_isr
           LOCAL                   ADDRESS         
           =====                   =======         
           ?Subroutine5            41BE 
    -------------------------------------------------------------------------
ISR_CODE
  Relative segment, address: 41CC - 428F (0xc4 bytes), align: 1
  Segment part 48.            Intra module refs:   USCI_A2_isr::??INTVEC 104
           ENTRY                   ADDRESS         REF BY
           =====                   =======         ======
           USCI_A2_isr             41CC 
               interrupt function
               calls direct
    -------------------------------------------------------------------------
ISR_CODE
  Relative segment, address: 4290 - 4299 (0xa bytes), align: 1
  Segment part 49.            Intra module refs:   USCI_A2_isr
           LOCAL                   ADDRESS         
           =====                   =======         
           ?Subroutine3            4290 
    -------------------------------------------------------------------------
ISR_CODE
  Relative segment, address: 429A - 42A7 (0xe bytes), align: 1
  Segment part 50.            Intra module refs:   ?Subroutine3
                                                   USCI_A2_isr
           LOCAL                   ADDRESS         
           =====                   =======         
           ?Subroutine6            429A 
    -------------------------------------------------------------------------
INTVEC
  Common segment, address: FF80 - FFE9 (0x6a bytes), align: 1
  Segment part 29. ROOT 
           ENTRY                   ADDRESS         REF BY
           =====                   =======         ======
           USCI_A2_isr::??INTVEC 104
                                   FFE8 
    -------------------------------------------------------------------------
INTVEC
  Common segment, address: FF80 - FFEB (0x6c bytes), align: 1
  Segment part 30. ROOT 
           ENTRY                   ADDRESS         REF BY
           =====                   =======         ======
           USCI_A1_isr::??INTVEC 106
                                   FFEA 
    -------------------------------------------------------------------------
INTVEC
  Common segment, address: FF80 - FFF7 (0x78 bytes), align: 1
  Segment part 31. ROOT 
           ENTRY                   ADDRESS         REF BY
           =====                   =======         ======
           USCI_A0_isr::??INTVEC 118
                                   FFF6 

    *************************************************************************

  FILE NAME : C:\Projetos\Ztec\Source\emeter-app\emeter-app-67641\Debug\Obj\emeter-dlt645.r43
  PROGRAM MODULE, NAME : emeter-dlt645

  SEGMENTS IN THE MODULE
  ======================
<CODE> 1 (was CODE)
  Relative segment, address: 8A7C - 8AAF (0x34 bytes), align: 1
  Segment part 2.             Intra module refs:   ?Subroutine0
                                                   dlt645_service
           ENTRY                   ADDRESS         REF BY
           =====                   =======         ======
           CalculateCRC            8A7C 
    -------------------------------------------------------------------------
<CODE> 1 (was CODE)
  Relative segment, address: 7E66 - 7ED1 (0x6c bytes), align: 1
  Segment part 3.             Intra module refs:   dlt645_service
           ENTRY                   ADDRESS         REF BY
           =====                   =======         ======
           update_holding_registers
                                   7E66            main (emeter-main)
               calls direct
    -------------------------------------------------------------------------
<CODE> 1 (was CODE)
  Relative segment, address: 80E2 - 8145 (0x64 bytes), align: 1
  Segment part 4.             Intra module refs:   process_read_inp_reg
           LOCAL                   ADDRESS         
           =====                   =======         
           get_ptr_from_input_register_addr
                                   80E2 
    -------------------------------------------------------------------------
<CODE> 1 (was CODE)
  Relative segment, address: 9044 - 9061 (0x1e bytes), align: 1
  Segment part 5.             Intra module refs:   dlt645_service
           ENTRY                   ADDRESS         REF BY
           =====                   =======         ======
           process_force_single_coil
                                   9044 
               calls direct
    -------------------------------------------------------------------------
<CODE> 1 (was CODE)
  Relative segment, address: 70C8 - 71C1 (0xfa bytes), align: 1
  Segment part 6.             Intra module refs:   dlt645_service
           ENTRY                   ADDRESS         REF BY
           =====                   =======         ======
           process_preset_single_reg
                                   70C8 
               calls direct
    -------------------------------------------------------------------------
<CODE> 1 (was CODE)
  Relative segment, address: 7FA8 - 8011 (0x6a bytes), align: 1
  Segment part 7.             Intra module refs:   dlt645_service
           ENTRY                   ADDRESS         REF BY
           =====                   =======         ======
           process_read_hold_reg   7FA8 
               calls direct
    -------------------------------------------------------------------------
<CODE> 1 (was CODE)
  Relative segment, address: 8A46 - 8A7B (0x36 bytes), align: 1
  Segment part 9.             Intra module refs:   process_read_hold_reg
                                                   process_read_inp_reg
           LOCAL                   ADDRESS         
           =====                   =======         
           ?Subroutine0            8A46 
    -------------------------------------------------------------------------
<CODE> 1 (was CODE)
  Relative segment, address: 7F3E - 7FA7 (0x6a bytes), align: 1
  Segment part 8.             Intra module refs:   dlt645_service
           ENTRY                   ADDRESS         REF BY
           =====                   =======         ======
           process_read_inp_reg    7F3E 
               calls direct
    -------------------------------------------------------------------------
<CODE> 1 (was CODE)
  Relative segment, address: 6696 - 67D7 (0x142 bytes), align: 1
  Segment part 10.
           ENTRY                   ADDRESS         REF BY
           =====                   =======         ======
           dlt645_service          6696            main (emeter-main)
               calls direct
    -------------------------------------------------------------------------
<CODE> 1 (was CODE)
  Relative segment, address: 8F7C - 8F9F (0x24 bytes), align: 1
  Segment part 11.            Intra module refs:   dlt645_service
           LOCAL                   ADDRESS         
           =====                   =======         
           ?Subroutine1            8F7C 

    *************************************************************************

  FILE NAME : C:\Projetos\Ztec\Source\emeter-app\emeter-app-67641\Debug\Obj\emeter-keypad.r43
    *************************************************************************

  FILE NAME : C:\Projetos\Ztec\Source\emeter-app\emeter-app-67641\Debug\Obj\emeter-lcd.r43
  PROGRAM MODULE, NAME : emeter-lcd

  SEGMENTS IN THE MODULE
  ======================
DATA16_AN
  Relative segment, address: 0A00 - 0A01 (0x2 bytes), align: 0
  Segment part 1. ROOT 
           ENTRY                   ADDRESS         REF BY
           =====                   =======         ======
           _A_LCDCCTL0_L           0A00 
           LOCAL                   ADDRESS         
           =====                   =======         
           LCDCCTL0                0A00 
           LCDCCTL0_H              0A01 
           LCDCCTL0_L              0A00 
    -------------------------------------------------------------------------
DATA16_AN
  Relative segment, address: 0A02 - 0A03 (0x2 bytes), align: 0
  Segment part 2. ROOT 
           ENTRY                   ADDRESS         REF BY
           =====                   =======         ======
           _A_LCDCCTL1_L           0A02 
           LOCAL                   ADDRESS         
           =====                   =======         
           LCDCCTL1                0A02 
           LCDCCTL1_H              0A03 
           LCDCCTL1_L              0A02 
    -------------------------------------------------------------------------
DATA16_AN
  Relative segment, address: 0A04 - 0A05 (0x2 bytes), align: 0
  Segment part 3. ROOT 
           ENTRY                   ADDRESS         REF BY
           =====                   =======         ======
           _A_LCDCBLKCTL_L         0A04 
           LOCAL                   ADDRESS         
           =====                   =======         
           LCDCBLKCTL              0A04 
           LCDCBLKCTL_H            0A05 
           LCDCBLKCTL_L            0A04 
    -------------------------------------------------------------------------
DATA16_AN
  Relative segment, address: 0A06 - 0A07 (0x2 bytes), align: 0
  Segment part 4. ROOT 
           ENTRY                   ADDRESS         REF BY
           =====                   =======         ======
           _A_LCDCMEMCTL_L         0A06 
           LOCAL                   ADDRESS         
           =====                   =======         
           LCDCMEMCTL              0A06 
           LCDCMEMCTL_H            0A07 
           LCDCMEMCTL_L            0A06 
    -------------------------------------------------------------------------
DATA16_AN
  Relative segment, address: 0A08 - 0A09 (0x2 bytes), align: 0
  Segment part 5. ROOT 
           ENTRY                   ADDRESS         REF BY
           =====                   =======         ======
           _A_LCDCVCTL_L           0A08 
           LOCAL                   ADDRESS         
           =====                   =======         
           LCDCVCTL                0A08 
           LCDCVCTL_H              0A09 
           LCDCVCTL_L              0A08 
    -------------------------------------------------------------------------
DATA16_AN
  Relative segment, address: 0A0A - 0A0B (0x2 bytes), align: 0
  Segment part 6. ROOT 
           ENTRY                   ADDRESS         REF BY
           =====                   =======         ======
           _A_LCDCPCTL0_L          0A0A 
           LOCAL                   ADDRESS         
           =====                   =======         
           LCDCPCTL0               0A0A 
           LCDCPCTL0_H             0A0B 
           LCDCPCTL0_L             0A0A 
    -------------------------------------------------------------------------
DATA16_AN
  Relative segment, address: 0A0C - 0A0D (0x2 bytes), align: 0
  Segment part 7. ROOT 
           ENTRY                   ADDRESS         REF BY
           =====                   =======         ======
           _A_LCDCPCTL1_L          0A0C 
           LOCAL                   ADDRESS         
           =====                   =======         
           LCDCPCTL1               0A0C 
           LCDCPCTL1_H             0A0D 
           LCDCPCTL1_L             0A0C 
    -------------------------------------------------------------------------
DATA16_AN
  Relative segment, address: 0A0E - 0A0F (0x2 bytes), align: 0
  Segment part 8. ROOT 
           ENTRY                   ADDRESS         REF BY
           =====                   =======         ======
           _A_LCDCPCTL2_L          0A0E 
           LOCAL                   ADDRESS         
           =====                   =======         
           LCDCPCTL2               0A0E 
           LCDCPCTL2_H             0A0F 
           LCDCPCTL2_L             0A0E 
    -------------------------------------------------------------------------
DATA16_AN
  Relative segment, address: 0A12 - 0A13 (0x2 bytes), align: 0
  Segment part 9. ROOT 
           ENTRY                   ADDRESS         REF BY
           =====                   =======         ======
           _A_LCDCCPCTL_L          0A12 
           LOCAL                   ADDRESS         
           =====                   =======         
           LCDCCPCTL               0A12 
           LCDCCPCTL_H             0A13 
           LCDCCPCTL_L             0A12 
    -------------------------------------------------------------------------
DATA16_AN
  Relative segment, address: 0A20 - 0A20 (0x1 bytes), align: 0
  Segment part 10. ROOT 
           ENTRY                   ADDRESS         REF BY
           =====                   =======         ======
           LCDM1                   0A20 

    *************************************************************************

  FILE NAME : C:\Projetos\Ztec\Source\emeter-app\emeter-app-67641\Debug\Obj\emeter-main.r43
  PROGRAM MODULE, NAME : emeter-main

  SEGMENTS IN THE MODULE
  ======================
DATA16_AN
  Relative segment, address: 0200 - 0201 (0x2 bytes), align: 0
  Segment part 1. ROOT        Intra module refs:   main
           ENTRY                   ADDRESS         REF BY
           =====                   =======         ======
           _A_PAIN_L               0200 
           LOCAL                   ADDRESS         
           =====                   =======         
           PAIN                    0200 
           PAIN_H                  0201 
           PAIN_L                  0200 
    -------------------------------------------------------------------------
DATA16_AN
  Relative segment, address: 0262 - 0263 (0x2 bytes), align: 0
  Segment part 3. ROOT        Intra module refs:   main
                                                   system_setup (emeter-setup)
           ENTRY                   ADDRESS         REF BY
           =====                   =======         ======
           _A_PDOUT_L              0262 
           LOCAL                   ADDRESS         
           =====                   =======         
           PDOUT                   0262 
           PDOUT_H                 0263 
           PDOUT_L                 0262 
    -------------------------------------------------------------------------
DATA16_AN
  Relative segment, address: 015C - 015D (0x2 bytes), align: 0
  Segment part 4. ROOT        Intra module refs:   ISR_trap
                                                   main
                                                   rtc_isr (emeter-rtc-c)
                                                   system_setup (emeter-setup)
           ENTRY                   ADDRESS         REF BY
           =====                   =======         ======
           _A_WDTCTL_L             015C 
           LOCAL                   ADDRESS         
           =====                   =======         
           WDTCTL                  015C 
           WDTCTL_H                015D 
           WDTCTL_L                015C 
    -------------------------------------------------------------------------
DATA20_Z
  Relative segment, address: 1E18 - 1F17 (0x100 bytes), align: 1
  Segment part 19.            Intra module refs:   energy_update
                                                   update_input_registers
           ENTRY                   ADDRESS         REF BY
           =====                   =======         ======
           energy_consumed         1E18            oled_imported_active_energy (emeter-basic-oled)
                                                   oled_imported_reactive_energy (emeter-basic-oled)
    -------------------------------------------------------------------------
DATA20_Z
  Relative segment, address: 1F18 - 1F1D (0x6 bytes), align: 1
  Segment part 20.            Intra module refs:   sag_swell_event
           ENTRY                   ADDRESS         REF BY
           =====                   =======         ======
           sag_events              1F18 
    -------------------------------------------------------------------------
DATA20_Z
  Relative segment, address: 1F1E - 1F29 (0xc bytes), align: 1
  Segment part 21.            Intra module refs:   sag_swell_event
           ENTRY                   ADDRESS         REF BY
           =====                   =======         ======
           sag_duration            1F1E 
    -------------------------------------------------------------------------
DATA20_Z
  Relative segment, address: 1F2A - 1F2F (0x6 bytes), align: 1
  Segment part 22.            Intra module refs:   sag_swell_event
           ENTRY                   ADDRESS         REF BY
           =====                   =======         ======
           swell_events            1F2A 
    -------------------------------------------------------------------------
DATA20_Z
  Relative segment, address: 1F30 - 1F3B (0xc bytes), align: 1
  Segment part 23.            Intra module refs:   sag_swell_event
           ENTRY                   ADDRESS         REF BY
           =====                   =======         ======
           swell_duration          1F30 
    -------------------------------------------------------------------------
DATA20_Z
  Relative segment, address: 1F3C - 1F3D (0x2 bytes), align: 1
  Segment part 24.            Intra module refs:   main
           ENTRY                   ADDRESS         REF BY
           =====                   =======         ======
           ModoDisplay             1F3C 
    -------------------------------------------------------------------------
DATA20_Z
  Relative segment, address: 1F3E - 1F41 (0x4 bytes), align: 1
  Segment part 25.            Intra module refs:   main
           ENTRY                   ADDRESS         REF BY
           =====                   =======         ======
           Contador4096            1F3E            adc_interrupt (metrology-background)
                                                   dlt645_service (emeter-dlt645)
[...]
                                                   div48 (div48)
                                                   estimate_current_rtc_correction (emeter-rtc-c)
                                                   evaluate_power_factor (metrology-foreground)
                                                   evaluate_reactive_power (metrology-foreground)

    -------------------------------------------------------------------------
  LIBRARY MODULE, NAME : ?Mul32u32uto64iHw32

  SEGMENTS IN THE MODULE
  ======================
<CODE> 1 (was CODE)
  Relative segment, address: 8C64 - 8C8F (0x2c bytes), align: 1
  Segment part 0.
           ENTRY                   ADDRESS         REF BY
           =====                   =======         ======
           ?Mul32u32uto64iHw32     8C64            _Mul32s32sto64i (?mul32s32sto64i)

    -------------------------------------------------------------------------
  LIBRARY MODULE, NAME : ?Mul64Hw32

  SEGMENTS IN THE MODULE
  ======================
<CODE> 1 (was CODE)
  Relative segment, address: 83EA - 8441 (0x58 bytes), align: 1
  Segment part 0.
           ENTRY                   ADDRESS         REF BY
           =====                   =======         ======
           ?Mul64Hw32              83EA            ?Subroutine2 (metrology-foreground)
                                                   sag_swell_control (metrology-foreground)

    -------------------------------------------------------------------------
  LIBRARY MODULE, NAME : ?sprintf

  SEGMENTS IN THE MODULE
  ======================
<CODE> 1 (was CODE)
  Relative segment, address: 8922 - 895D (0x3c bytes), align: 1
  Segment part 2.
           ENTRY                   ADDRESS         REF BY
           =====                   =======         ======
           sprintf                 8922            Oled_display_valor (emeter-oled)
                                                   oled_date_temp (emeter-basic-oled)
                                                   update_oled (emeter-basic-oled)
               calls direct

    -------------------------------------------------------------------------
  LIBRARY MODULE, NAME : ?strchr

  SEGMENTS IN THE MODULE
  ======================
<CODE> 1 (was CODE)
  Relative segment, address: 93DE - 93EB (0xe bytes), align: 1
  Segment part 2.
           ENTRY                   ADDRESS         REF BY
           =====                   =======         ======
           __iar_Strchr            93DE            _PrintfLarge (?xprintflarge)

    -------------------------------------------------------------------------
  LIBRARY MODULE, NAME : ?strlen

  SEGMENTS IN THE MODULE
  ======================
<CODE> 1 (was CODE)
  Relative segment, address: 9024 - 9043 (0x20 bytes), align: 1
  Segment part 2.
           ENTRY                   ADDRESS         REF BY
           =====                   =======         ======
           strlen                  9024            Oled_titulo (emeter-oled)
                                                   _PrintfLarge (?xprintflarge)

    -------------------------------------------------------------------------
  LIBRARY MODULE, NAME : ?xdtest

  SEGMENTS IN THE MODULE
  ======================
<CODE> 1 (was CODE)
  Relative segment, address: 8F58 - 8F7B (0x24 bytes), align: 1
  Segment part 2.
           ENTRY                   ADDRESS         REF BY
           =====                   =======         ======
           __iar_Dtest             8F58            fmax (?fmax)

    -------------------------------------------------------------------------
  LIBRARY MODULE, NAME : ?xdunscal

  SEGMENTS IN THE MODULE
  ======================
<CODE> 1 (was CODE)
  Relative segment, address: 871E - 8765 (0x48 bytes), align: 1
  Segment part 2.
           ENTRY                   ADDRESS         REF BY
           =====                   =======         ======
           __iar_Dunscale          871E            _LdtobLarge (?xprintflarge)

    -------------------------------------------------------------------------
  LIBRARY MODULE, NAME : ?xprintflarge

  SEGMENTS IN THE MODULE
  ======================
<CODE> 1 (was CODE)
  Relative segment, address: 5334 - 57E9 (0x4b6 bytes), align: 1
  Segment part 23.
           ENTRY                   ADDRESS         REF BY
           =====                   =======         ======
           _PrintfLarge            5334            sprintf (?sprintf)
               calls direct
    -------------------------------------------------------------------------
<CODE> 1 (was CODE)
  Relative segment, address: 944E - 945B (0xe bytes), align: 1
  Segment part 25.            Intra module refs:   _PrintfLarge
    -------------------------------------------------------------------------
<CODE> 1 (was CODE)
  Relative segment, address: 92BC - 92C1 (0x6 bytes), align: 1
  Segment part 26.            Intra module refs:   _PrintfLarge
    -------------------------------------------------------------------------
<CODE> 1 (was CODE)
  Relative segment, address: 92C2 - 92CF (0xe bytes), align: 1
  Segment part 27.            Intra module refs:   Segment part 26
                                                   _PrintfLarge
    -------------------------------------------------------------------------
<CODE> 1 (was CODE)
  Relative segment, address: 4538 - 45B7 (0x80 bytes), align: 1
  Segment part 8.             Intra module refs:   _PrintfLarge
           LOCAL                   ADDRESS         
           =====                   =======         
           LoadInt                 4538 
    -------------------------------------------------------------------------
<CODE> 1 (was CODE)
  Relative segment, address: 45B8 - 45C9 (0x12 bytes), align: 1
  Segment part 9.             Intra module refs:   LoadInt
    -------------------------------------------------------------------------
<CODE> 1 (was CODE)
  Relative segment, address: 45CA - 4837 (0x26e bytes), align: 1
  Segment part 10.            Intra module refs:   _LdtobLarge
           LOCAL                   ADDRESS         
           =====                   =======         
           _GenldLarge             45CA 
               calls direct
    -------------------------------------------------------------------------
<CODE> 1 (was CODE)
  Relative segment, address: 4838 - 4847 (0x10 bytes), align: 1
  Segment part 11.            Intra module refs:   _GenldLarge
    -------------------------------------------------------------------------
<CODE> 1 (was CODE)
  Relative segment, address: 4848 - 4857 (0x10 bytes), align: 1
  Segment part 12.            Intra module refs:   _GenldLarge
    -------------------------------------------------------------------------
<CODE> 1 (was CODE)
  Relative segment, address: 4858 - 4865 (0xe bytes), align: 1
  Segment part 13.            Intra module refs:   _GenldLarge
    -------------------------------------------------------------------------
<CODE> 1 (was CODE)
  Relative segment, address: 4866 - 486B (0x6 bytes), align: 1
  Segment part 14.            Intra module refs:   _GenldLarge
    -------------------------------------------------------------------------
<CODE> 1 (was CODE)
  Relative segment, address: 486C - 487B (0x10 bytes), align: 1
  Segment part 15.            Intra module refs:   Segment part 14
                                                   _GenldLarge
    -------------------------------------------------------------------------
<CODE> 1 (was CODE)
  Relative segment, address: 487C - 488D (0x12 bytes), align: 1
  Segment part 16.            Intra module refs:   _GenldLarge
    -------------------------------------------------------------------------
<CODE> 1 (was CODE)
  Relative segment, address: 488E - 48B1 (0x24 bytes), align: 1
  Segment part 17.            Intra module refs:   _GenldLarge
    -------------------------------------------------------------------------
<CODE> 1 (was CODE)
  Relative segment, address: 48B2 - 48F3 (0x42 bytes), align: 1
  Segment part 18.            Intra module refs:   _LdtobLarge
           LOCAL                   ADDRESS         
           =====                   =======         
           scale                   48B2 
               calls direct
    -------------------------------------------------------------------------
<CODE> 1 (was CODE)
  Relative segment, address: 48F4 - 4B4D (0x25a bytes), align: 1
  Segment part 19.            Intra module refs:   _PrintfLarge
           LOCAL                   ADDRESS         
           =====                   =======         
           _LdtobLarge             48F4 
               calls direct
    -------------------------------------------------------------------------
<CODE> 1 (was CODE)
  Relative segment, address: 4B4E - 4D0B (0x1be bytes), align: 1
  Segment part 20.            Intra module refs:   _PrintfLarge
           LOCAL                   ADDRESS         
           =====                   =======         
           _LitobLarge             4B4E 
               calls direct
    -------------------------------------------------------------------------
<CODE> 1 (was CODE)
  Relative segment, address: 4D0C - 4D1D (0x12 bytes), align: 1
  Segment part 21.            Intra module refs:   _LitobLarge
    -------------------------------------------------------------------------
<CODE> 1 (was CODE)
  Relative segment, address: 4D1E - 4D27 (0xa bytes), align: 1
  Segment part 22.            Intra module refs:   LoadInt
                                                   _LitobLarge
                                                   _PrintfLarge
    -------------------------------------------------------------------------
<CODE> 1 (was CODE)
  Relative segment, address: 8B46 - 8B75 (0x30 bytes), align: 1
  Segment part 32.            Intra module refs:   Segment part 27
           LOCAL                   ADDRESS         
           =====                   =======         
           pad                     8B46 
               calls direct
    -------------------------------------------------------------------------
<CODE> 1 (was CODE)
  Relative segment, address: 8F34 - 8F57 (0x24 bytes), align: 1
  Segment part 33.            Intra module refs:   _PrintfLarge
                                                   _PutcharsLarge
           LOCAL                   ADDRESS         
           =====                   =======         
           _PutcharLarge           8F34 
               calls indirect
    -------------------------------------------------------------------------
<CODE> 1 (was CODE)
  Relative segment, address: 8E2C - 8E51 (0x26 bytes), align: 1
  Segment part 34.            Intra module refs:   Segment part 25
                                                   pad
           LOCAL                   ADDRESS         
           =====                   =======         
           _PutcharsLarge          8E2C 
               calls direct
    -------------------------------------------------------------------------
<CODE> 1 (was CODE)
  Relative segment, address: 9416 - 9423 (0xe bytes), align: 1
  Segment part 24.            Intra module refs:   _PrintfLarge
    -------------------------------------------------------------------------
<CODE> 1 (was CODE)
  Relative segment, address: 9358 - 9369 (0x12 bytes), align: 1
  Segment part 28.            Intra module refs:   _PrintfLarge
    -------------------------------------------------------------------------
<CODE> 1 (was CODE)
  Relative segment, address: 9320 - 9333 (0x14 bytes), align: 1
  Segment part 29.            Intra module refs:   _PrintfLarge
    -------------------------------------------------------------------------
<CODE> 1 (was CODE)
  Relative segment, address: 8A0E - 8A45 (0x38 bytes), align: 1
  Segment part 30.            Intra module refs:   _PrintfLarge
    -------------------------------------------------------------------------
<CODE> 1 (was CODE)
  Relative segment, address: 9484 - 948F (0xc bytes), align: 1
  Segment part 31.            Intra module refs:   Segment part 30
    -------------------------------------------------------------------------
DATA20_C
  Relative segment, address: 9EB1 - 9EB7 (0x7 bytes), align: 0
  Segment part 2.             Intra module refs:   _PrintfLarge
    -------------------------------------------------------------------------
DATA20_C
  Relative segment, address: 9EB8 - 9EBB (0x4 bytes), align: 0
  Segment part 3.             Intra module refs:   _LdtobLarge
    -------------------------------------------------------------------------
DATA20_C
  Relative segment, address: 9EBC - 9EBF (0x4 bytes), align: 0
  Segment part 4.             Intra module refs:   _LdtobLarge
    -------------------------------------------------------------------------
DATA20_C
  Relative segment, address: 9EC0 - 9EC3 (0x4 bytes), align: 0
  Segment part 5.             Intra module refs:   _LdtobLarge
    -------------------------------------------------------------------------
DATA20_C
  Relative segment, address: 9EC4 - 9EC7 (0x4 bytes), align: 0
  Segment part 6.             Intra module refs:   _LdtobLarge
    -------------------------------------------------------------------------
DATA20_C
  Relative segment, address: 9EC8 - 9EC9 (0x2 bytes), align: 0
  Segment part 7.             Intra module refs:   _GenldLarge

    -------------------------------------------------------------------------
  LIBRARY MODULE, NAME : ?xsprout

  SEGMENTS IN THE MODULE
  ======================
<CODE> 1 (was CODE)
  Relative segment, address: 9408 - 9415 (0xe bytes), align: 1
  Segment part 2.
           ENTRY                   ADDRESS         REF BY
           =====                   =======         ======
           _SProut                 9408            sprintf (?sprintf)




                ****************************************
                *                                      *
                *      SEGMENTS IN ADDRESS ORDER       *
                *                                      *
                ****************************************


SEGMENT              SPACE    START ADDRESS   END ADDRESS     SIZE  TYPE  ALIGN
=======              =====    =============   ===========     ====  ====  =====
DATA16_AN                              0102 - 0103               2   rel    0
                                       0120 - 0121               2 
                                       0124 - 0127               4 
                                       012C - 012F               4 
                                       0140 - 0141               2 
                                       0144 - 0145               2 
                                       015C - 015D               2 
                                       0160 - 0165               6 
                                       0168 - 016F               8 
                                       01B0 - 01B1               2 
                                       0200 - 0207               8 
                                       020A - 020B               2 
                                       0222 - 0227               6 
                                       022A - 022B               2 
                                       0242 - 0247               6 
                                       024A - 024B               2 
                                       0262 - 0267               6 
                                       026A - 026B               2 
                                       0282 - 0287               6 
                                       028A - 028B               2 
                                       0322 - 0325               4 
                                       032A - 032B               2 
                                       04A0 - 04A7               8 
                                       04AE - 04B7               A 
                                       04C2 - 04C3               2 
                                       04C8 - 04C9               2 
                                       04D0 - 04D7               8 
                                       04E0 - 04EB               C 
                                       0500 - 0501               2 
                                       050E - 0511               4 
                                       0520 - 052B               C 
                                       0530 - 0531               2 
                                       05C0 - 05C3               4 
                                       05C6 - 05C9               4 
                                       05CC - 05CF               4 
                                       05DA - 05E3               A 
                                       05E6 - 05E9               4 
                                       05EC - 05EF               4 
                                       05FA - 0603               A 
                                       0606 - 0609               4 
                                       060C - 060F               4 
                                       061A - 061F               6 
                                       0640 - 0641               2 
                                       0646 - 0649               4 
                                       064E - 064F               2 
                                       0660 - 0661               2 
                                       066A - 066D               4 
                                       0740 - 0745               6 
                                       074A - 074B               2 
                                       0752 - 0753               2 
                                       075A - 075D               4 
                                       0800 - 0805               6 
                                       0808 - 080D               6 
                                       0810 - 0827              18 
                                       0850 - 085B               C 
                                       09E0 - 09E1               2 
                                       09E4 - 09E5               2 
                                       09F4 - 09F7               4 
                                       09FC - 0A0F              14 
                                       0A12 - 0A13               2 
                                       0A20 - 0A20               1 
INFO                                   1800 - 187F              80   rel    1
CODE_I                                    1C00                       rel    1
DATA20_I                               1C00 - 1C01               2   rel    1
DATA20_Z                               1C02 - 24F1             8F0   rel    1
DATA20_N                                  24F2                       rel    1
CSTACK                                 3B6A - 3BFF              96   rel    1
CSTART                                 4000 - 402F              30   rel    1
ISR_CODE                               4030 - 4537             508   rel    1
<CODE> 1                               4538 - 95D7            50A0   rel    1
DATA20_C                               95D8 - 9EC9             8F2   rel    1
DATA20_ID                              9ECA - 9ECB               2   rel    1
CODE_ID                                   9ECC                       rel    1
INTVEC                                 FF80 - FFFD              7E   com    1
RESET                                  FFFE - FFFF               2   rel    1

                ****************************************
                *                                      *
                *        END OF CROSS REFERENCE        *
                *                                      *
                ****************************************

 22 104 bytes of CODE  memory
  2 440 bytes of DATA  memory (+ 305 absolute )
  2 420 bytes of CONST memory

Errors: none
Warnings: none

