################################################################################
#                                                                              #
#      IAR Universal Linker V6.5.1.95                                          #
#                                                                              #
#           Link time     =  21/May/2024  17:12:58                             #
#           Target CPU    =  MSP430                                            #
#           List file     =  C:\Projetos\Ztec\Source\emeter-app\emeter-app-676 #
#                            41\Debug\List\emeter-app-67641.map                #
#           Output file 1 =  C:\Projetos\Ztec\Source\emeter-app\emeter-app-676 #
#                            41\Debug\Exe\emeter-app-67641.d43                 #
#                            Format: ubrof10                                   #
#                            UBROF version 10.0.6                              #
#                            Using library modules for C-SPY (-rt)             #
#           Command line  =  -f C:\Users\liwka\AppData\Local\Temp\EW178E.tmp   #
#                            (C:\Projetos\Ztec\Source\emeter-app\emeter-app-67 #
#                            641\Debug\Obj\emeter-basic-display.r43            #
#                            C:\Projetos\Ztec\Source\emeter-app\emeter-app-676 #
#                            41\Debug\Obj\emeter-basic-oled.r43                #
#                            C:\Projetos\Ztec\Source\emeter-app\emeter-app-676 #
#                            41\Debug\Obj\emeter-communication.r43             #
#                            C:\Projetos\Ztec\Source\emeter-app\emeter-app-676 #
#                            41\Debug\Obj\emeter-dlt645.r43                    #
#                            C:\Projetos\Ztec\Source\emeter-app\emeter-app-676 #
#                            41\Debug\Obj\emeter-keypad.r43                    #
#                            C:\Projetos\Ztec\Source\emeter-app\emeter-app-676 #
#                            41\Debug\Obj\emeter-lcd.r43                       #
#                            C:\Projetos\Ztec\Source\emeter-app\emeter-app-676 #
#                            41\Debug\Obj\emeter-main.r43                      #
#                            C:\Projetos\Ztec\Source\emeter-metrology\emeter-m #
#                            etrology-67641\Debug\Exe\emeter-metrology-67641.r #
#                            43                                                #
#                            C:\Projetos\Ztec\Source\emeter-app\emeter-app-676 #
#                            41\Debug\Obj\emeter-multirate.r43                 #
#                            C:\Projetos\Ztec\Source\emeter-app\emeter-app-676 #
#                            41\Debug\Obj\emeter-oled.r43                      #
#                            C:\Projetos\Ztec\Source\emeter-app\emeter-app-676 #
#                            41\Debug\Obj\emeter-rtc-c.r43                     #
#                            C:\Projetos\Ztec\Source\emeter-app\emeter-app-676 #
#                            41\Debug\Obj\emeter-setup.r43                     #
#                            -o                                                #
#                            C:\Projetos\Ztec\Source\emeter-app\emeter-app-676 #
#                            41\Debug\Exe\emeter-app-67641.d43                 #
#                            -l                                                #
#                            C:\Projetos\Ztec\Source\emeter-app\emeter-app-676 #
#                            41\Debug\List\emeter-app-67641.map                #
#                            -xms                                              #
#                            "-IC:\Program Files (x86)\IAR Systems\Embedded Wo #
#                            rkbench 8.0\430\LIB\"                             #
#                            -f                                                #
#                            "C:\Program Files (x86)\IAR Systems\Embedded Work #
#                            bench 8.0\430\config\linker\lnk430f67641a.xcl"    #
#                            (-cmsp430 -QCODE_I=CODE_ID -QTLS16_I=TLS16_ID     #
#                            -D__iar_HWMUL=4C0 -Z(CONST)INFO=1800-19FF         #
#                            -Z(CONST)INFOA=1980-19FF                          #
#                            -Z(CONST)INFOB=1900-197F                          #
#                            -Z(CONST)INFOC=1880-18FF                          #
#                            -Z(CONST)INFOD=1800-187F                          #
#                            -Z(DATA)DATA16_I,DATA16_Z,DATA16_N,TLS16_I=1C00-3 #
#                            BFF                                               #
#                            -Z(DATA)DATA16_HEAP+_DATA16_HEAP_SIZE             #
#                            -Z(DATA)CODE_I                                    #
#                            -Z(DATA)DATA20_I,DATA20_Z,DATA20_N,DATA20_HEAP+_D #
#                            ATA20_HEAP_SIZE                                   #
#                            -Z(DATA)CSTACK+_STACK_SIZE#                       #
#                            -Z(CONST)DATA16_C,DATA16_ID,TLS16_ID,DIFUNCT,CHEC #
#                            KSUM=4000-FF7F                                    #
#                            -Z(CODE)CSTART,ISR_CODE,CODE16=4000-FF7F          #
#                            -P(CODE)CODE=4000-FF7F,10000-23FFF                #
#                            -Z(CONST)DATA20_C,DATA20_ID,CODE_ID=4000-FF7F,100 #
#                            40-23FFF                                          #
#                            -Z(CODE)INTVEC=FF80-FFFF                          #
#                            -Z(CODE)RESET=FFFE-FFFF) -f                       #
#                            "C:\Program Files (x86)\IAR Systems\Embedded Work #
#                            bench 8.0\430\config\linker\multiplier32.xcl"     #
#                            (-e?Mul8Hw=?Mul8 -e?Mul16Hw=?Mul16                #
#                            -e?Mul16to32uHw=?Mul16to32u                       #
#                            -e?Mul16to32sHw=?Mul16to32s -e?Mul32Hw32=?Mul32   #
#                            -e?Mul64Hw32=_Mul64i                              #
#                            -e?Mul32u32uto64iHw32=_Mul32u32uto64i             #
#                            -e?Mul32fHw32=_Mul32f                             #
#                            -e_Mul64fHw32Ptr=_Mul64fPtr) -D_STACK_SIZE=96     #
#                            -rt                                               #
#                            "C:\Program Files (x86)\IAR Systems\Embedded Work #
#                            bench 8.0\430\lib\dlib\dl430xllfn.r43"            #
#                            -e_PrintfLarge=_Printf -e_ScanfLarge=_Scanf       #
#                            -D_DATA16_HEAP_SIZE=50 -s __program_start         #
#                            -D_DATA20_HEAP_SIZE=50)                           #
#                                                                              #
#                           Copyright (C) 1987-2016 IAR Systems AB.            #
################################################################################





                ****************************************
                *                                      *
                *           CROSS REFERENCE            *
                *                                      *
                ****************************************

       Program entry at :           4000  Relocatable, from module : ?cstart




                ****************************************
                *                                      *
                *            RUNTIME MODEL             *
                *                                      *
                ****************************************

  __Heap_Handler             = Basic
  __SystemLibrary            = DLib
  __code_model               = large
  __core                     = 430X
  __data_model               = large
  __dlib_file_descriptor     = 0
  __dlib_full_locale_support = 0
  __double_size              = 32
  __pic                      = no
  __reg_r4                   = free
  __reg_r5                   = free
  __rt_version               = 3

                ****************************************
                *                                      *
                *    AUTOMATIC SYMBOL REDIRECTIONS     *
                *                                      *
                ****************************************

                  There are no automatic symbol redirections.



                ****************************************
                *                                      *
                *              MODULE MAP              *
                *                                      *
                ****************************************


  DEFINED ABSOLUTE ENTRIES
    *************************************************************************

  DEFINED ABSOLUTE ENTRIES
  PROGRAM MODULE, NAME : ?ABS_ENTRY_MOD

Absolute parts
           ENTRY                   ADDRESS         REF BY
           =====                   =======         ======
           _DATA20_HEAP_SIZE       0050 
           _DATA16_HEAP_SIZE       0050 
           _STACK_SIZE             0096 
           __iar_HWMUL             04C0            ?Mul16to32sHw (?Mul16to32sHw)
                                                   ?Mul32Hw32 (?Mul32Hw32)
                                                   ?Mul32u32uto64iHw32 (?Mul32u32uto64iHw32)
                                                   ?Mul64Hw32 (?Mul64Hw32)
    *************************************************************************

  FILE NAME : C:\Projetos\Ztec\Source\emeter-app\emeter-app-67641\Debug\Obj\emeter-basic-display.r43
  PROGRAM MODULE, NAME : emeter-basic-display

  SEGMENTS IN THE MODULE
  ======================
DATA16_AN
  Relative segment, address: 0A20 - 0A20 (0x1 bytes), align: 0
  Segment part 1. ROOT        Intra module refs:   bar_graph
                                                   lcd_cell (emeter-lcd)
                                                   lcd_field_cell (emeter-lcd)
                                                   lcd_icon (emeter-lcd)
                                                   lcd_init (emeter-lcd)
           ENTRY                   ADDRESS         REF BY
           =====                   =======         ======
           LCDM1                   0A20 
    -------------------------------------------------------------------------
DATA20_C
  Relative segment, address: 83EC - 83F1 (0x6 bytes), align: 0
  Segment part 4.             Intra module refs:   display_startup_message
    -------------------------------------------------------------------------
DATA20_C
  Relative segment, address: 83F2 - 83F3 (0x2 bytes), align: 0
  Segment part 7.             Intra module refs:   display_clear_lines
    -------------------------------------------------------------------------
DATA20_C
  Relative segment, address: 83F4 - 83F8 (0x5 bytes), align: 0
  Segment part 8.             Intra module refs:   display_item
    -------------------------------------------------------------------------
DATA20_C
  Relative segment, address: 83F9 - 83FD (0x5 bytes), align: 0
  Segment part 9.             Intra module refs:   display_item
    -------------------------------------------------------------------------
DATA20_C
  Relative segment, address: 83FE - 8402 (0x5 bytes), align: 0
  Segment part 10.            Intra module refs:   display_item
    -------------------------------------------------------------------------
DATA20_C
  Relative segment, address: 8403 - 8407 (0x5 bytes), align: 0
  Segment part 11.            Intra module refs:   display_item
    -------------------------------------------------------------------------
DATA20_C
  Relative segment, address: 8408 - 840C (0x5 bytes), align: 0
  Segment part 12.            Intra module refs:   display_item
    -------------------------------------------------------------------------
DATA20_C
  Relative segment, address: 840D - 8411 (0x5 bytes), align: 0
  Segment part 13.            Intra module refs:   display_item
    -------------------------------------------------------------------------
DATA20_C
  Relative segment, address: 8412 - 8414 (0x3 bytes), align: 0
  Segment part 14.            Intra module refs:   display_power_factor
    -------------------------------------------------------------------------
DATA20_C
  Relative segment, address: 8415 - 8419 (0x5 bytes), align: 0
  Segment part 15.            Intra module refs:   display_item
    -------------------------------------------------------------------------
DATA20_C
  Relative segment, address: 841A - 841E (0x5 bytes), align: 0
  Segment part 16.            Intra module refs:   display_item
    -------------------------------------------------------------------------
DATA20_C
  Relative segment, address: 841F - 8423 (0x5 bytes), align: 0
  Segment part 17.            Intra module refs:   display_item
    -------------------------------------------------------------------------
DATA20_C
  Relative segment, address: 8424 - 8428 (0x5 bytes), align: 0
  Segment part 18.            Intra module refs:   display_item
    -------------------------------------------------------------------------
DATA20_C
  Relative segment, address: 8429 - 842D (0x5 bytes), align: 0
  Segment part 20.            Intra module refs:   display_item
           LOCAL                   ADDRESS         
           =====                   =======         
           lcd_high                8429 
    -------------------------------------------------------------------------
<CODE> 1 (was CODE)
  Relative segment, address: 79C0 - 79DB (0x1c bytes), align: 1
  Segment part 26.
           ENTRY                   ADDRESS         REF BY
           =====                   =======         ======
           bar_graph               79C0            main (emeter-main)
    -------------------------------------------------------------------------
DATA20_C
  Relative segment, address: 842E - 8434 (0x7 bytes), align: 0
  Segment part 21.            Intra module refs:   bar_graph
           LOCAL                   ADDRESS         
           =====                   =======         
           bar_graph::pattern      842E 
    -------------------------------------------------------------------------
<CODE> 1 (was CODE)
  Relative segment, address: 5834 - 594B (0x118 bytes), align: 1
  Segment part 27.            Intra module refs:   display_clear_lines
                                                   display_startup_message
           ENTRY                   ADDRESS         REF BY
           =====                   =======         ======
           display_clear_periphery
                                   5834 
               calls direct
    -------------------------------------------------------------------------
<CODE> 1 (was CODE)
  Relative segment, address: 7CE0 - 7CED (0xe bytes), align: 1
  Segment part 29.
           ENTRY                   ADDRESS         REF BY
           =====                   =======         ======
           display_startup_message
                                   7CE0            system_setup (emeter-setup)
               calls direct
    -------------------------------------------------------------------------
<CODE> 1 (was CODE)
  Relative segment, address: 7AF2 - 7B09 (0x18 bytes), align: 1
  Segment part 32.            Intra module refs:   update_display
           ENTRY                   ADDRESS         REF BY
           =====                   =======         ======
           display_clear_lines     7AF2 
               calls direct
    -------------------------------------------------------------------------
<CODE> 1 (was CODE)
  Relative segment, address: 7828 - 784D (0x26 bytes), align: 1
  Segment part 33.            Intra module refs:   update_display
           ENTRY                   ADDRESS         REF BY
           =====                   =======         ======
           display_phase_icon      7828 
               calls direct
    -------------------------------------------------------------------------
DATA20_C
  Relative segment, address: 8435 - 8437 (0x3 bytes), align: 0
  Segment part 22.            Intra module refs:   display_phase_icon
           LOCAL                   ADDRESS         
           =====                   =======         
           display_phase_icon::phase_icons
                                   8435 
    -------------------------------------------------------------------------
<CODE> 1 (was CODE)
  Relative segment, address: 7240 - 727F (0x40 bytes), align: 1
  Segment part 34.            Intra module refs:   display_item
           LOCAL                   ADDRESS         
           =====                   =======         
           display_power_factor    7240 
               calls direct
    -------------------------------------------------------------------------
<CODE> 1 (was CODE)
  Relative segment, address: 6F7A - 6F95 (0x1c bytes), align: 1
  Segment part 35.            Intra module refs:   display_item
           LOCAL                   ADDRESS         
           =====                   =======         
           display_date            6F7A 
               calls direct
    -------------------------------------------------------------------------
<CODE> 1 (was CODE)
  Relative segment, address: 6F96 - 6FA7 (0x12 bytes), align: 1
  Segment part 36.            Intra module refs:   display_date
                                                   display_time
           LOCAL                   ADDRESS         
           =====                   =======         
           ?Subroutine0            6F96 
    -------------------------------------------------------------------------
<CODE> 1 (was CODE)
  Relative segment, address: 6FA8 - 6FC7 (0x20 bytes), align: 1
  Segment part 37.            Intra module refs:   display_item
           LOCAL                   ADDRESS         
           =====                   =======         
           display_time            6FA8 
               calls direct
    -------------------------------------------------------------------------
<CODE> 1 (was CODE)
  Relative segment, address: 7DEC - 7DF5 (0xa bytes), align: 1
  Segment part 38.            Intra module refs:   display_date
                                                   display_time
           LOCAL                   ADDRESS         
           =====                   =======         
           ?Subroutine5            7DEC 
    -------------------------------------------------------------------------
<CODE> 1 (was CODE)
  Relative segment, address: 7D0A - 7D17 (0xe bytes), align: 1
  Segment part 39.            Intra module refs:   display_date
                                                   display_time
           LOCAL                   ADDRESS         
           =====                   =======         
           ?Subroutine4            7D0A 
    -------------------------------------------------------------------------
<CODE> 1 (was CODE)
  Relative segment, address: 7D18 - 7D25 (0xe bytes), align: 1
  Segment part 40.            Intra module refs:   display_date
                                                   display_time
           LOCAL                   ADDRESS         
           =====                   =======         
           ?Subroutine3            7D18 
    -------------------------------------------------------------------------
<CODE> 1 (was CODE)
  Relative segment, address: 7E28 - 7E31 (0xa bytes), align: 1
  Segment part 41.            Intra module refs:   display_date
                                                   display_time
           LOCAL                   ADDRESS         
           =====                   =======         
           ?Subroutine2            7E28 
    -------------------------------------------------------------------------
<CODE> 1 (was CODE)
  Relative segment, address: 50C0 - 52AD (0x1ee bytes), align: 1
  Segment part 42.            Intra module refs:   update_display
           ENTRY                   ADDRESS         REF BY
           =====                   =======         ======
           display_item            50C0 
               calls direct
    -------------------------------------------------------------------------
DATA20_Z
  Relative segment, address: 1C12 - 1C13 (0x2 bytes), align: 1
  Segment part 23.            Intra module refs:   update_display
           ENTRY                   ADDRESS         REF BY
           =====                   =======         ======
           display_step            1C12 
    -------------------------------------------------------------------------
DATA20_Z
  Relative segment, address: 1C14 - 1C15 (0x2 bytes), align: 1
  Segment part 24.            Intra module refs:   update_display
           ENTRY                   ADDRESS         REF BY
           =====                   =======         ======
           display_select          1C14 
    -------------------------------------------------------------------------
<CODE> 1 (was CODE)
  Relative segment, address: 6CD0 - 6D2B (0x5c bytes), align: 1
  Segment part 45.
           ENTRY                   ADDRESS         REF BY
           =====                   =======         ======
           update_display          6CD0            main (emeter-main)
               calls direct
    -------------------------------------------------------------------------
DATA20_C
  Relative segment, address: 8438 - 8476 (0x3f bytes), align: 0
  Segment part 25.            Intra module refs:   update_display
           LOCAL                   ADDRESS         
           =====                   =======         
           update_display::display_steps
                                   8438 
    -------------------------------------------------------------------------
<CODE> 1 (was CODE)
  Relative segment, address: 7E86 - 7E8B (0x6 bytes), align: 1
  Segment part 43.            Intra module refs:   display_item
           LOCAL                   ADDRESS         
           =====                   =======         
           ?Subroutine6            7E86 
    -------------------------------------------------------------------------
<CODE> 1 (was CODE)
  Relative segment, address: 7E80 - 7E85 (0x6 bytes), align: 1
  Segment part 44.            Intra module refs:   display_item
           LOCAL                   ADDRESS         
           =====                   =======         
           ?Subroutine1            7E80 

    *************************************************************************

  FILE NAME : C:\Projetos\Ztec\Source\emeter-app\emeter-app-67641\Debug\Obj\emeter-basic-oled.r43
    *************************************************************************

  FILE NAME : C:\Projetos\Ztec\Source\emeter-app\emeter-app-67641\Debug\Obj\emeter-communication.r43
  PROGRAM MODULE, NAME : emeter-communication

  SEGMENTS IN THE MODULE
  ======================
DATA16_AN
  Relative segment, address: 0222 - 0223 (0x2 bytes), align: 0
  Segment part 1. ROOT        Intra module refs:   USCI_A0_isr
                                                   active_energy_pulse_end (emeter-main)
                                                   active_energy_pulse_start (emeter-main)
                                                   reactive_energy_pulse_end (emeter-main)
                                                   reactive_energy_pulse_start (emeter-main)
                                                   serial_write
                                                   system_setup (emeter-setup)
           ENTRY                   ADDRESS         REF BY
           =====                   =======         ======
           _A_PBOUT_L              0222 
           LOCAL                   ADDRESS         
           =====                   =======         
           PBOUT                   0222 
           PBOUT_H                 0223 
           PBOUT_L                 0222 
    -------------------------------------------------------------------------
DATA16_AN
  Relative segment, address: 05C0 - 05C1 (0x2 bytes), align: 0
  Segment part 2. ROOT        Intra module refs:   serial_configure
           ENTRY                   ADDRESS         REF BY
           =====                   =======         ======
           _A_UCA0CTLW0_L          05C0 
           LOCAL                   ADDRESS         
           =====                   =======         
           UCA0CTLW0               05C0 
           UCA0CTLW0_H             05C1 
           UCA0CTLW0_L             05C0 
    -------------------------------------------------------------------------
DATA16_AN
  Relative segment, address: 05C6 - 05C7 (0x2 bytes), align: 0
  Segment part 3. ROOT        Intra module refs:   serial_configure
           ENTRY                   ADDRESS         REF BY
           =====                   =======         ======
           _A_UCA0BRW_L            05C6 
           LOCAL                   ADDRESS         
           =====                   =======         
           UCA0BRW                 05C6 
           UCA0BRW_H               05C7 
           UCA0BRW_L               05C6 
    -------------------------------------------------------------------------
DATA16_AN
  Relative segment, address: 05C8 - 05C9 (0x2 bytes), align: 0
  Segment part 4. ROOT        Intra module refs:   serial_configure
           ENTRY                   ADDRESS         REF BY
           =====                   =======         ======
           _A_UCA0MCTLW_L          05C8 
           LOCAL                   ADDRESS         
           =====                   =======         
           UCA0MCTLW               05C8 
           UCA0MCTLW_H             05C9 
           UCA0MCTLW_L             05C8 
    -------------------------------------------------------------------------
DATA16_AN
  Relative segment, address: 05CC - 05CD (0x2 bytes), align: 0
  Segment part 5. ROOT        Intra module refs:   USCI_A0_isr
           ENTRY                   ADDRESS         REF BY
           =====                   =======         ======
           _A_UCA0RXBUF_L          05CC 
           LOCAL                   ADDRESS         
           =====                   =======         
           UCA0RXBUF               05CC 
           UCA0RXBUF_H             05CD 
           UCA0RXBUF_L             05CC 
    -------------------------------------------------------------------------
DATA16_AN
  Relative segment, address: 05CE - 05CF (0x2 bytes), align: 0
  Segment part 6. ROOT        Intra module refs:   USCI_A0_isr
                                                   serial_configure
           ENTRY                   ADDRESS         REF BY
           =====                   =======         ======
           _A_UCA0TXBUF_L          05CE 
           LOCAL                   ADDRESS         
           =====                   =======         
           UCA0TXBUF               05CE 
           UCA0TXBUF_H             05CF 
           UCA0TXBUF_L             05CE 
    -------------------------------------------------------------------------
DATA16_AN
  Relative segment, address: 05DA - 05DB (0x2 bytes), align: 0
  Segment part 7. ROOT        Intra module refs:   USCI_A0_isr
                                                   serial_configure
                                                   serial_write
           ENTRY                   ADDRESS         REF BY
           =====                   =======         ======
           _A_UCA0IE_L             05DA 
           LOCAL                   ADDRESS         
           =====                   =======         
           UCA0IE                  05DA 
           UCA0IE_H                05DB 
           UCA0IE_L                05DA 
    -------------------------------------------------------------------------
DATA16_AN
  Relative segment, address: 05DE - 05DF (0x2 bytes), align: 0
  Segment part 8. ROOT        Intra module refs:   USCI_A0_isr
           ENTRY                   ADDRESS         REF BY
           =====                   =======         ======
           UCA0IV                  05DE 
    -------------------------------------------------------------------------
DATA16_AN
  Relative segment, address: 05E0 - 05E1 (0x2 bytes), align: 0
  Segment part 9. ROOT        Intra module refs:   serial_configure
           ENTRY                   ADDRESS         REF BY
           =====                   =======         ======
           _A_UCA1CTLW0_L          05E0 
           LOCAL                   ADDRESS         
           =====                   =======         
           UCA1CTLW0               05E0 
           UCA1CTLW0_H             05E1 
           UCA1CTLW0_L             05E0 
    -------------------------------------------------------------------------
DATA16_AN
  Relative segment, address: 05E6 - 05E7 (0x2 bytes), align: 0
  Segment part 10. ROOT       Intra module refs:   serial_configure
           ENTRY                   ADDRESS         REF BY
           =====                   =======         ======
           _A_UCA1BRW_L            05E6 
           LOCAL                   ADDRESS         
           =====                   =======         
           UCA1BRW                 05E6 
           UCA1BRW_H               05E7 
           UCA1BRW_L               05E6 
    -------------------------------------------------------------------------
DATA16_AN
  Relative segment, address: 05E8 - 05E9 (0x2 bytes), align: 0
  Segment part 11. ROOT       Intra module refs:   serial_configure
           ENTRY                   ADDRESS         REF BY
           =====                   =======         ======
           _A_UCA1MCTLW_L          05E8 
           LOCAL                   ADDRESS         
           =====                   =======         
           UCA1MCTLW               05E8 
           UCA1MCTLW_H             05E9 
           UCA1MCTLW_L             05E8 
    -------------------------------------------------------------------------
DATA16_AN
  Relative segment, address: 05EC - 05ED (0x2 bytes), align: 0
  Segment part 12. ROOT       Intra module refs:   USCI_A1_isr
           ENTRY                   ADDRESS         REF BY
           =====                   =======         ======
           _A_UCA1RXBUF_L          05EC 
           LOCAL                   ADDRESS         
           =====                   =======         
           UCA1RXBUF               05EC 
           UCA1RXBUF_H             05ED 
           UCA1RXBUF_L             05EC 
    -------------------------------------------------------------------------
DATA16_AN
  Relative segment, address: 05EE - 05EF (0x2 bytes), align: 0
  Segment part 13. ROOT       Intra module refs:   USCI_A1_isr
                                                   serial_configure
           ENTRY                   ADDRESS         REF BY
           =====                   =======         ======
           _A_UCA1TXBUF_L          05EE 
           LOCAL                   ADDRESS         
           =====                   =======         
           UCA1TXBUF               05EE 
           UCA1TXBUF_H             05EF 
           UCA1TXBUF_L             05EE 
    -------------------------------------------------------------------------
DATA16_AN
  Relative segment, address: 05FA - 05FB (0x2 bytes), align: 0
  Segment part 14. ROOT       Intra module refs:   USCI_A1_isr
                                                   serial_configure
                                                   serial_write
           ENTRY                   ADDRESS         REF BY
           =====                   =======         ======
           _A_UCA1IE_L             05FA 
           LOCAL                   ADDRESS         
           =====                   =======         
           UCA1IE                  05FA 
           UCA1IE_H                05FB 
           UCA1IE_L                05FA 
    -------------------------------------------------------------------------
DATA16_AN
  Relative segment, address: 05FE - 05FF (0x2 bytes), align: 0
  Segment part 15. ROOT       Intra module refs:   USCI_A1_isr
           ENTRY                   ADDRESS         REF BY
           =====                   =======         ======
           UCA1IV                  05FE 
    -------------------------------------------------------------------------
DATA16_AN
  Relative segment, address: 0600 - 0601 (0x2 bytes), align: 0
  Segment part 16. ROOT       Intra module refs:   IHD430_UART_configure
           ENTRY                   ADDRESS         REF BY
           =====                   =======         ======
           _A_UCA2CTLW0_L          0600 
           LOCAL                   ADDRESS         
           =====                   =======         
           UCA2CTLW0               0600 
           UCA2CTLW0_H             0601 
           UCA2CTLW0_L             0600 
    -------------------------------------------------------------------------
DATA16_AN
  Relative segment, address: 0606 - 0607 (0x2 bytes), align: 0
  Segment part 17. ROOT       Intra module refs:   IHD430_UART_configure
           ENTRY                   ADDRESS         REF BY
           =====                   =======         ======
           _A_UCA2BRW_L            0606 
           LOCAL                   ADDRESS         
           =====                   =======         
           UCA2BRW                 0606 
           UCA2BRW_H               0607 
           UCA2BRW_L               0606 
    -------------------------------------------------------------------------
DATA16_AN
  Relative segment, address: 0608 - 0609 (0x2 bytes), align: 0
  Segment part 18. ROOT       Intra module refs:   IHD430_UART_configure
           ENTRY                   ADDRESS         REF BY
           =====                   =======         ======
           _A_UCA2MCTLW_L          0608 
           LOCAL                   ADDRESS         
           =====                   =======         
           UCA2MCTLW               0608 
           UCA2MCTLW_H             0609 
           UCA2MCTLW_L             0608 
    -------------------------------------------------------------------------
DATA16_AN
  Relative segment, address: 060E - 060F (0x2 bytes), align: 0
  Segment part 19. ROOT       Intra module refs:   send_reading_to_CC2530_for_IHD430
           ENTRY                   ADDRESS         REF BY
           =====                   =======         ======
           _A_UCA2TXBUF_L          060E 
           LOCAL                   ADDRESS         
           =====                   =======         
           UCA2TXBUF               060E 
           UCA2TXBUF_H             060F 
           UCA2TXBUF_L             060E 
    -------------------------------------------------------------------------
DATA16_AN
  Relative segment, address: 061C - 061D (0x2 bytes), align: 0
  Segment part 20. ROOT       Intra module refs:   send_reading_to_CC2530_for_IHD430
           ENTRY                   ADDRESS         REF BY
           =====                   =======         ======
           _A_UCA2IFG_L            061C 
           LOCAL                   ADDRESS         
           =====                   =======         
           UCA2IFG                 061C 
           UCA2IFG_H               061D 
           UCA2IFG_L               061C 
    -------------------------------------------------------------------------
DATA20_Z
  Relative segment, address: 1C16 - 1D71 (0x15c bytes), align: 1
  Segment part 24.            Intra module refs:   serial_configure
                                                   serial_write
                                                   uart_rx_core
                                                   uart_tx_core
           ENTRY                   ADDRESS         REF BY
           =====                   =======         ======
           ports                   1C16            ?Subroutine0 (emeter-dlt645)
                                                   dlt645_process_rx_message (emeter-dlt645)
                                                   dlt645_rx_byte (emeter-dlt645)
                                                   dlt645_service (emeter-dlt645)
                                                   prepare_tx_message (emeter-dlt645)
                                                   send_extra_readings_report (emeter-dlt645)
                                                   send_readings_report (emeter-dlt645)
    -------------------------------------------------------------------------
DATA20_C
  Relative segment, address: 8477 - 847E (0x8 bytes), align: 0
  Segment part 25.            Intra module refs:   serial_configure
           LOCAL                   ADDRESS         
           =====                   =======         
           mod_patterns            8477 
    -------------------------------------------------------------------------
<CODE> 1 (was CODE)
  Relative segment, address: 5F0E - 5FEF (0xe2 bytes), align: 1
  Segment part 28.
           ENTRY                   ADDRESS         REF BY
           =====                   =======         ======
           serial_configure        5F0E            system_setup (emeter-setup)
               calls direct
    -------------------------------------------------------------------------
<CODE> 1 (was CODE)
  Relative segment, address: 7E5A - 7E61 (0x8 bytes), align: 1
  Segment part 31.            Intra module refs:   serial_configure
                                                   serial_write
                                                   uart_rx_core
                                                   uart_tx_core
           LOCAL                   ADDRESS         
           =====                   =======         
           ?Subroutine0            7E5A 
    -------------------------------------------------------------------------
<CODE> 1 (was CODE)
  Relative segment, address: 72FC - 7337 (0x3c bytes), align: 1
  Segment part 29.
           ENTRY                   ADDRESS         REF BY
           =====                   =======         ======
           serial_write            72FC            prepare_tx_message (emeter-dlt645)
               calls direct
    -------------------------------------------------------------------------
<CODE> 1 (was CODE)
  Relative segment, address: 78B6 - 78D7 (0x22 bytes), align: 1
  Segment part 30.            Intra module refs:   USCI_A0_isr
                                                   USCI_A1_isr
           ENTRY                   ADDRESS         REF BY
           =====                   =======         ======
           uart_rx_core            78B6 
               calls direct
    -------------------------------------------------------------------------
<CODE> 1 (was CODE)
  Relative segment, address: 6FC8 - 7015 (0x4e bytes), align: 1
  Segment part 32.            Intra module refs:   USCI_A0_isr
                                                   USCI_A1_isr
           ENTRY                   ADDRESS         REF BY
           =====                   =======         ======
           uart_tx_core            6FC8 
               calls direct
    -------------------------------------------------------------------------
ISR_CODE
  Relative segment, address: 4030 - 4069 (0x3a bytes), align: 1
  Segment part 35.            Intra module refs:   USCI_A0_isr::??INTVEC 118
           ENTRY                   ADDRESS         REF BY
           =====                   =======         ======
           USCI_A0_isr             4030 
               interrupt function
               calls direct
    -------------------------------------------------------------------------
ISR_CODE
  Relative segment, address: 406A - 409F (0x36 bytes), align: 1
  Segment part 36.            Intra module refs:   USCI_A1_isr::??INTVEC 106
           ENTRY                   ADDRESS         REF BY
           =====                   =======         ======
           USCI_A1_isr             406A 
               interrupt function
               calls direct
    -------------------------------------------------------------------------
<CODE> 1 (was CODE)
  Relative segment, address: 6C74 - 6CCF (0x5c bytes), align: 1
  Segment part 33.
           ENTRY                   ADDRESS         REF BY
           =====                   =======         ======
           send_reading_to_CC2530_for_IHD430
                                   6C74            main (emeter-main)
    -------------------------------------------------------------------------
DATA20_I
  Relative segment, address: 1C00 - 1C10 (0x11 bytes), align: 0
  Segment part 26.            Intra module refs:   send_reading_to_CC2530_for_IHD430
           LOCAL                   ADDRESS         
           =====                   =======         
           send_reading_to_CC2530_for_IHD430::RF_Tx
                                   1C00 
    -------------------------------------------------------------------------
<CODE> 1 (was CODE)
  Relative segment, address: 7934 - 794F (0x1c bytes), align: 1
  Segment part 34.
           ENTRY                   ADDRESS         REF BY
           =====                   =======         ======
           IHD430_UART_configure   7934            system_setup (emeter-setup)
    -------------------------------------------------------------------------
INTVEC
  Common segment, address: FF80 - FFEB (0x6c bytes), align: 1
  Segment part 21. ROOT 
           ENTRY                   ADDRESS         REF BY
           =====                   =======         ======
           USCI_A1_isr::??INTVEC 106
                                   FFEA 
    -------------------------------------------------------------------------
INTVEC
  Common segment, address: FF80 - FFF7 (0x78 bytes), align: 1
  Segment part 22. ROOT 
           ENTRY                   ADDRESS         REF BY
           =====                   =======         ======
           USCI_A0_isr::??INTVEC 118
                                   FFF6 
    -------------------------------------------------------------------------
DATA20_ID
  Relative segment, address: 8506 - 8516 (0x11 bytes), align: 0
  Segment part 27.            Intra module refs:   send_reading_to_CC2530_for_IHD430::RF_Tx

    *************************************************************************

  FILE NAME : C:\Projetos\Ztec\Source\emeter-app\emeter-app-67641\Debug\Obj\emeter-dlt645.r43
  PROGRAM MODULE, NAME : emeter-dlt645

  SEGMENTS IN THE MODULE
  ======================
DATA20_Z
  Relative segment, address: 22D0 - 22D0 (0x1 bytes), align: 0
  Segment part 2.             Intra module refs:   dlt645_process_rx_message
           LOCAL                   ADDRESS         
           =====                   =======         
           comms_status            22D0 
    -------------------------------------------------------------------------
DATA20_Z
  Relative segment, address: 1D72 - 1D75 (0x4 bytes), align: 1
  Segment part 3.             Intra module refs:   dlt645_process_rx_message
           ENTRY                   ADDRESS         REF BY
           =====                   =======         ======
           next_flash_loc          1D72 
    -------------------------------------------------------------------------
<CODE> 1 (was CODE)
  Relative segment, address: 621E - 62CD (0xb0 bytes), align: 1
  Segment part 4.             Intra module refs:   Segment part 9
                                                   dlt645_process_rx_message
           ENTRY                   ADDRESS         REF BY
           =====                   =======         ======
           prepare_tx_message      621E 
               calls direct
    -------------------------------------------------------------------------
<CODE> 1 (was CODE)
  Relative segment, address: 7E62 - 7E69 (0x8 bytes), align: 1
  Segment part 11.            Intra module refs:   ?Subroutine0
                                                   dlt645_process_rx_message
                                                   dlt645_rx_byte
                                                   dlt645_service
                                                   prepare_tx_message
                                                   send_extra_readings_report
                                                   send_readings_report
           LOCAL                   ADDRESS         
           =====                   =======         
           ?Subroutine1            7E62 
    -------------------------------------------------------------------------
<CODE> 1 (was CODE)
  Relative segment, address: 4C34 - 4C35 (0x2 bytes), align: 1
  Segment part 5.             Intra module refs:   dlt645_process_rx_message
           LOCAL                   ADDRESS         
           =====                   =======         
           send_consumption_report
                                   4C34 
               calls direct
    -------------------------------------------------------------------------
<CODE> 1 (was CODE)
  Relative segment, address: 4C36 - 4C37 (0x2 bytes), align: 1
  Segment part 6.             Intra module refs:   dlt645_process_rx_message
           LOCAL                   ADDRESS         
           =====                   =======         
           send_consumption_report_aggregate
                                   4C36 
               calls direct
    -------------------------------------------------------------------------
<CODE> 1 (was CODE)
  Relative segment, address: 4C38 - 4CE5 (0xae bytes), align: 1
  Segment part 7.             Intra module refs:   dlt645_process_rx_message
           LOCAL                   ADDRESS         
           =====                   =======         
           send_readings_report    4C38 
               calls direct
    -------------------------------------------------------------------------
<CODE> 1 (was CODE)
  Relative segment, address: 4CE6 - 4DDB (0xf6 bytes), align: 1
  Segment part 8.             Intra module refs:   send_consumption_report
                                                   send_consumption_report_aggregate
           LOCAL                   ADDRESS         
           =====                   =======         
           ?Subroutine0            4CE6 
    -------------------------------------------------------------------------
<CODE> 1 (was CODE)
  Relative segment, address: 4DDC - 4DE3 (0x8 bytes), align: 1
  Segment part 9.             Intra module refs:   ?Subroutine0
                                                   send_extra_readings_report
                                                   send_readings_report
    -------------------------------------------------------------------------
<CODE> 1 (was CODE)
  Relative segment, address: 4DE4 - 4E85 (0xa2 bytes), align: 1
  Segment part 10.            Intra module refs:   dlt645_process_rx_message
           LOCAL                   ADDRESS         
           =====                   =======         
           send_extra_readings_report
                                   4DE4 
               calls direct
    -------------------------------------------------------------------------
<CODE> 1 (was CODE)
  Relative segment, address: 485A - 4C33 (0x3da bytes), align: 1
  Segment part 12.            Intra module refs:   dlt645_service
           LOCAL                   ADDRESS         
           =====                   =======         
           dlt645_process_rx_message
                                   485A 
               calls direct
    -------------------------------------------------------------------------
<CODE> 1 (was CODE)
  Relative segment, address: 7B0A - 7B0F (0x6 bytes), align: 1
  Segment part 13.            Intra module refs:   dlt645_process_rx_message
           LOCAL                   ADDRESS         
           =====                   =======         
           ?Subroutine5            7B0A 
    -------------------------------------------------------------------------
<CODE> 1 (was CODE)
  Relative segment, address: 7B10 - 7B19 (0xa bytes), align: 1
  Segment part 14.            Intra module refs:   ?Subroutine5
                                                   ?Subroutine6
           LOCAL                   ADDRESS         
           =====                   =======         
           ?Subroutine7            7B10 
    -------------------------------------------------------------------------
<CODE> 1 (was CODE)
  Relative segment, address: 7B1A - 7B21 (0x8 bytes), align: 1
  Segment part 15.            Intra module refs:   ?Subroutine3
                                                   dlt645_process_rx_message
           LOCAL                   ADDRESS         
           =====                   =======         
           ?Subroutine6            7B1A 
    -------------------------------------------------------------------------
<CODE> 1 (was CODE)
  Relative segment, address: 7E32 - 7E39 (0x8 bytes), align: 1
  Segment part 16.            Intra module refs:   dlt645_process_rx_message
           LOCAL                   ADDRESS         
           =====                   =======         
           ?Subroutine3            7E32 
    -------------------------------------------------------------------------
<CODE> 1 (was CODE)
  Relative segment, address: 7C80 - 7C8F (0x10 bytes), align: 1
  Segment part 17.            Intra module refs:   dlt645_process_rx_message
           LOCAL                   ADDRESS         
           =====                   =======         
           ?Subroutine2            7C80 
    -------------------------------------------------------------------------
<CODE> 1 (was CODE)
  Relative segment, address: 73E6 - 741D (0x38 bytes), align: 1
  Segment part 18.
           ENTRY                   ADDRESS         REF BY
           =====                   =======         ======
           dlt645_service          73E6            main (emeter-main)
               calls direct
    -------------------------------------------------------------------------
<CODE> 1 (was CODE)
  Relative segment, address: 5C44 - 5D3B (0xf8 bytes), align: 1
  Segment part 19.
           ENTRY                   ADDRESS         REF BY
           =====                   =======         ======
           dlt645_rx_byte          5C44            uart_rx_core (emeter-communication)
               calls direct

    *************************************************************************

  FILE NAME : C:\Projetos\Ztec\Source\emeter-app\emeter-app-67641\Debug\Obj\emeter-keypad.r43
    *************************************************************************

  FILE NAME : C:\Projetos\Ztec\Source\emeter-app\emeter-app-67641\Debug\Obj\emeter-lcd.r43
  PROGRAM MODULE, NAME : emeter-lcd

  SEGMENTS IN THE MODULE
  ======================
DATA16_AN
  Relative segment, address: 0A00 - 0A01 (0x2 bytes), align: 0
  Segment part 1. ROOT        Intra module refs:   lcd_awaken
                                                   lcd_init
           ENTRY                   ADDRESS         REF BY
           =====                   =======         ======
           _A_LCDCCTL0_L           0A00 
           LOCAL                   ADDRESS         
           =====                   =======         
           LCDCCTL0                0A00 
           LCDCCTL0_H              0A01 
           LCDCCTL0_L              0A00 
    -------------------------------------------------------------------------
DATA16_AN
  Relative segment, address: 0A02 - 0A03 (0x2 bytes), align: 0
  Segment part 2. ROOT        Intra module refs:   lcd_init
           ENTRY                   ADDRESS         REF BY
           =====                   =======         ======
           _A_LCDCCTL1_L           0A02 
           LOCAL                   ADDRESS         
           =====                   =======         
           LCDCCTL1                0A02 
           LCDCCTL1_H              0A03 
           LCDCCTL1_L              0A02 
    -------------------------------------------------------------------------
DATA16_AN
  Relative segment, address: 0A04 - 0A05 (0x2 bytes), align: 0
  Segment part 3. ROOT        Intra module refs:   lcd_init
           ENTRY                   ADDRESS         REF BY
           =====                   =======         ======
           _A_LCDCBLKCTL_L         0A04 
           LOCAL                   ADDRESS         
           =====                   =======         
           LCDCBLKCTL              0A04 
           LCDCBLKCTL_H            0A05 
           LCDCBLKCTL_L            0A04 
    -------------------------------------------------------------------------
DATA16_AN
  Relative segment, address: 0A06 - 0A07 (0x2 bytes), align: 0
  Segment part 4. ROOT        Intra module refs:   lcd_init
           ENTRY                   ADDRESS         REF BY
           =====                   =======         ======
           _A_LCDCMEMCTL_L         0A06 
           LOCAL                   ADDRESS         
           =====                   =======         
           LCDCMEMCTL              0A06 
           LCDCMEMCTL_H            0A07 
           LCDCMEMCTL_L            0A06 
    -------------------------------------------------------------------------
DATA16_AN
  Relative segment, address: 0A08 - 0A09 (0x2 bytes), align: 0
  Segment part 5. ROOT        Intra module refs:   lcd_init
           ENTRY                   ADDRESS         REF BY
           =====                   =======         ======
           _A_LCDCVCTL_L           0A08 
           LOCAL                   ADDRESS         
           =====                   =======         
           LCDCVCTL                0A08 
           LCDCVCTL_H              0A09 
           LCDCVCTL_L              0A08 
    -------------------------------------------------------------------------
DATA16_AN
  Relative segment, address: 0A0A - 0A0B (0x2 bytes), align: 0
  Segment part 6. ROOT        Intra module refs:   lcd_init
           ENTRY                   ADDRESS         REF BY
           =====                   =======         ======
           _A_LCDCPCTL0_L          0A0A 
           LOCAL                   ADDRESS         
           =====                   =======         
           LCDCPCTL0               0A0A 
           LCDCPCTL0_H             0A0B 
           LCDCPCTL0_L             0A0A 
    -------------------------------------------------------------------------
DATA16_AN
  Relative segment, address: 0A0C - 0A0D (0x2 bytes), align: 0
  Segment part 7. ROOT        Intra module refs:   lcd_init
           ENTRY                   ADDRESS         REF BY
           =====                   =======         ======
           _A_LCDCPCTL1_L          0A0C 
           LOCAL                   ADDRESS         
           =====                   =======         
           LCDCPCTL1               0A0C 
           LCDCPCTL1_H             0A0D 
           LCDCPCTL1_L             0A0C 
    -------------------------------------------------------------------------
DATA16_AN
  Relative segment, address: 0A0E - 0A0F (0x2 bytes), align: 0
  Segment part 8. ROOT        Intra module refs:   lcd_init
           ENTRY                   ADDRESS         REF BY
           =====                   =======         ======
           _A_LCDCPCTL2_L          0A0E 
           LOCAL                   ADDRESS         
           =====                   =======         
           LCDCPCTL2               0A0E 
           LCDCPCTL2_H             0A0F 
           LCDCPCTL2_L             0A0E 
    -------------------------------------------------------------------------
DATA16_AN
  Relative segment, address: 0A12 - 0A13 (0x2 bytes), align: 0
  Segment part 9. ROOT        Intra module refs:   lcd_init
           ENTRY                   ADDRESS         REF BY
           =====                   =======         ======
           _A_LCDCCPCTL_L          0A12 
           LOCAL                   ADDRESS         
           =====                   =======         
           LCDCCPCTL               0A12 
           LCDCCPCTL_H             0A13 
           LCDCCPCTL_L             0A12 
    -------------------------------------------------------------------------
DATA20_C
  Relative segment, address: 847F - 8483 (0x5 bytes), align: 0
  Segment part 12.            Intra module refs:   lcd_dec32_common
                                                   lcd_dec64_common
    -------------------------------------------------------------------------
DATA20_C
  Relative segment, address: 8484 - 84E3 (0x60 bytes), align: 0
  Segment part 13.            Intra module refs:   lcd_field_cell
           LOCAL                   ADDRESS         
           =====                   =======         
           lcd_7segment_ascii_table
                                   8484 
    -------------------------------------------------------------------------
DATA20_C
  Relative segment, address: 7EA2 - 7F61 (0xc0 bytes), align: 1
  Segment part 14.            Intra module refs:   lcd_field_cell
           LOCAL                   ADDRESS         
           =====                   =======         
           lcd_starburst_ascii_table
                                   7EA2 
    -------------------------------------------------------------------------
DATA20_C
  Relative segment, address: 84E4 - 84E9 (0x6 bytes), align: 0
  Segment part 15.            Intra module refs:   lcd_fields
           LOCAL                   ADDRESS         
           =====                   =======         
           field1_minus_icons      84E4 
    -------------------------------------------------------------------------
DATA20_C
  Relative segment, address: 84EA - 84ED (0x4 bytes), align: 0
  Segment part 16.            Intra module refs:   lcd_fields
           LOCAL                   ADDRESS         
           =====                   =======         
           field2_minus_icons      84EA 
    -------------------------------------------------------------------------
DATA20_C
  Relative segment, address: 84EE - 84F3 (0x6 bytes), align: 0
  Segment part 17.            Intra module refs:   lcd_fields
           LOCAL                   ADDRESS         
           =====                   =======         
           field1_dp_icons         84EE 
    -------------------------------------------------------------------------
DATA20_C
  Relative segment, address: 84F4 - 84F7 (0x4 bytes), align: 0
  Segment part 18.            Intra module refs:   lcd_fields
           LOCAL                   ADDRESS         
           =====                   =======         
           field2_dp_icons         84F4 
    -------------------------------------------------------------------------
DATA20_C
  Relative segment, address: 7F62 - 7F7D (0x1c bytes), align: 1
  Segment part 19.            Intra module refs:   ?Subroutine0
                                                   ?Subroutine5
                                                   auto_range
                                                   lcd_dec16
                                                   lcd_dec32_common
                                                   lcd_dec64_common
                                                   lcd_decu16_sub_field
                                                   lcd_field_cell
                                                   lcd_string
                                                   lcd_string_only
                                                   set_decimal_point
           LOCAL                   ADDRESS         
           =====                   =======         
           lcd_fields              7F62 
    -------------------------------------------------------------------------
<CODE> 1 (was CODE)
  Relative segment, address: 70F4 - 7139 (0x46 bytes), align: 1
  Segment part 20.
           ENTRY                   ADDRESS         REF BY
           =====                   =======         ======
           lcd_init                70F4            system_setup (emeter-setup)
    -------------------------------------------------------------------------
<CODE> 1 (was CODE)
  Relative segment, address: 7A92 - 7AA9 (0x18 bytes), align: 1
  Segment part 24.            Intra module refs:   lcd_init
           LOCAL                   ADDRESS         
           =====                   =======         
           ?Subroutine1            7A92 
    -------------------------------------------------------------------------
<CODE> 1 (was CODE)
  Relative segment, address: 7E7A - 7E7F (0x6 bytes), align: 1
  Segment part 22.
           ENTRY                   ADDRESS         REF BY
           =====                   =======         ======
           lcd_awaken              7E7A            switch_to_normal_mode (emeter-main)
    -------------------------------------------------------------------------
<CODE> 1 (was CODE)
  Relative segment, address: 6168 - 621D (0xb6 bytes), align: 1
  Segment part 25.            Intra module refs:   Segment part 51
                                                   lcd_char
                                                   lcd_dec16
                                                   lcd_dec32_common
                                                   lcd_dec64_common
                                                   lcd_decu16_sub_field
                                                   lcd_string
                                                   lcd_string_only
           LOCAL                   ADDRESS         
           =====                   =======         
           lcd_field_cell          6168 
    -------------------------------------------------------------------------
<CODE> 1 (was CODE)
  Relative segment, address: 741E - 7451 (0x34 bytes), align: 1
  Segment part 26.            Intra module refs:   ?Subroutine2
                                                   Segment part 39
                                                   lcd_dec16
                                                   lcd_dec32_common
                                                   set_decimal_point
           ENTRY                   ADDRESS         REF BY
           =====                   =======         ======
           lcd_icon                741E            ?Subroutine0 (emeter-basic-display)
                                                   ?Subroutine2 (emeter-basic-display)
                                                   display_clear_periphery (emeter-basic-display)
                                                   display_phase_icon (emeter-basic-display)
    -------------------------------------------------------------------------
<CODE> 1 (was CODE)
  Relative segment, address: 7D58 - 7D63 (0xc bytes), align: 1
  Segment part 27.
           ENTRY                   ADDRESS         REF BY
           =====                   =======         ======
           lcd_cell                7D58            display_clear_periphery (emeter-basic-display)
    -------------------------------------------------------------------------
<CODE> 1 (was CODE)
  Relative segment, address: 6E88 - 6ED9 (0x52 bytes), align: 1
  Segment part 28.            Intra module refs:   ?Subroutine6
                                                   lcd_dec16
                                                   lcd_dec32_common
                                                   lcd_dec64_common
           LOCAL                   ADDRESS         
           =====                   =======         
           set_decimal_point       6E88 
               calls direct
    -------------------------------------------------------------------------
<CODE> 1 (was CODE)
  Relative segment, address: 7D34 - 7D3F (0xc bytes), align: 1
  Segment part 46.            Intra module refs:   lcd_dec64_common
                                                   set_decimal_point
           LOCAL                   ADDRESS         
           =====                   =======         
           ?Subroutine2            7D34 
    -------------------------------------------------------------------------
<CODE> 1 (was CODE)
  Relative segment, address: 7E3A - 7E41 (0x8 bytes), align: 1
  Segment part 29.
           ENTRY                   ADDRESS         REF BY
           =====                   =======         ======
           lcd_char                7E3A            display_item (emeter-basic-display)
                                                   display_power_factor (emeter-basic-display)
               calls direct
    -------------------------------------------------------------------------
<CODE> 1 (was CODE)
  Relative segment, address: 6C16 - 6C73 (0x5e bytes), align: 1
  Segment part 30.            Intra module refs:   lcd_dec32_common
                                                   lcd_dec64_common
           ENTRY                   ADDRESS         REF BY
           =====                   =======         ======
           lcd_string              6C16            display_clear_lines (emeter-basic-display)
                                                   display_item (emeter-basic-display)
                                                   display_startup_message (emeter-basic-display)
               calls direct
    -------------------------------------------------------------------------
<CODE> 1 (was CODE)
  Relative segment, address: 7E00 - 7E09 (0xa bytes), align: 1
  Segment part 32.            Intra module refs:   lcd_string
                                                   lcd_string_only
           LOCAL                   ADDRESS         
           =====                   =======         
           ?Subroutine6            7E00 
    -------------------------------------------------------------------------
<CODE> 1 (was CODE)
  Relative segment, address: 7ADA - 7AEB (0x12 bytes), align: 1
  Segment part 38.            Intra module refs:   lcd_dec32_common
                                                   lcd_dec64_common
           LOCAL                   ADDRESS         
           =====                   =======         
           ?Subroutine5            7ADA 
    -------------------------------------------------------------------------
<CODE> 1 (was CODE)
  Relative segment, address: 7AEC - 7AF1 (0x6 bytes), align: 1
  Segment part 39.            Intra module refs:   ?Subroutine5
                                                   lcd_dec16
                                                   lcd_decu16_sub_field
                                                   lcd_string
                                                   lcd_string_only
    -------------------------------------------------------------------------
<CODE> 1 (was CODE)
  Relative segment, address: 7DB8 - 7DB9 (0x2 bytes), align: 1
  Segment part 49.            Intra module refs:   lcd_dec16
                                                   lcd_decu16_sub_field
           LOCAL                   ADDRESS         
           =====                   =======         
           ?Subroutine7            7DB8 
    -------------------------------------------------------------------------
<CODE> 1 (was CODE)
  Relative segment, address: 7DBA - 7DBB (0x2 bytes), align: 1
  Segment part 50.            Intra module refs:   ?Subroutine7
                                                   lcd_dec16
    -------------------------------------------------------------------------
<CODE> 1 (was CODE)
  Relative segment, address: 7DBC - 7DC3 (0x8 bytes), align: 1
  Segment part 51.            Intra module refs:   Segment part 50
                                                   lcd_dec32
                                                   lcd_string
    -------------------------------------------------------------------------
<CODE> 1 (was CODE)
  Relative segment, address: 6EDA - 6F29 (0x50 bytes), align: 1
  Segment part 31.
           ENTRY                   ADDRESS         REF BY
           =====                   =======         ======
           lcd_string_only         6EDA            display_item (emeter-basic-display)
                                                   display_power_factor (emeter-basic-display)
               calls direct
    -------------------------------------------------------------------------
<CODE> 1 (was CODE)
  Relative segment, address: 6956 - 69BF (0x6a bytes), align: 1
  Segment part 33.            Intra module refs:   lcd_dec32_common
                                                   lcd_dec64_common
           LOCAL                   ADDRESS         
           =====                   =======         
           auto_range              6956 
    -------------------------------------------------------------------------
<CODE> 1 (was CODE)
  Relative segment, address: 65E8 - 6679 (0x92 bytes), align: 1
  Segment part 34.
           ENTRY                   ADDRESS         REF BY
           =====                   =======         ======
           lcd_decu16_sub_field    65E8            ?Subroutine3 (emeter-basic-display)
                                                   ?Subroutine4 (emeter-basic-display)
                                                   ?Subroutine5 (emeter-basic-display)
               calls direct
    -------------------------------------------------------------------------
<CODE> 1 (was CODE)
  Relative segment, address: 7C6E - 7C7F (0x12 bytes), align: 1
  Segment part 36.            Intra module refs:   lcd_decu16_sub_field
           LOCAL                   ADDRESS         
           =====                   =======         
           ?Subroutine4            7C6E 
    -------------------------------------------------------------------------
<CODE> 1 (was CODE)
  Relative segment, address: 5E2A - 5F0D (0xe4 bytes), align: 1
  Segment part 37.
           ENTRY                   ADDRESS         REF BY
           =====                   =======         ======
           lcd_dec16               5E2A            display_item (emeter-basic-display)
                                                   display_power_factor (emeter-basic-display)
               calls direct
    -------------------------------------------------------------------------
<CODE> 1 (was CODE)
  Relative segment, address: 5D3C - 5E29 (0xee bytes), align: 1
  Segment part 40.            Intra module refs:   lcd_dec32
                                                   lcd_decu32
           LOCAL                   ADDRESS         
           =====                   =======         
           lcd_dec32_common        5D3C 
               calls direct
    -------------------------------------------------------------------------
<CODE> 1 (was CODE)
  Relative segment, address: 7C24 - 7C37 (0x14 bytes), align: 1
  Segment part 41.            Intra module refs:   lcd_dec32_common
           LOCAL                   ADDRESS         
           =====                   =======         
           ?Subroutine3            7C24 
    -------------------------------------------------------------------------
<CODE> 1 (was CODE)
  Relative segment, address: 7B7A - 7B8F (0x16 bytes), align: 1
  Segment part 45.            Intra module refs:   lcd_dec32_common
                                                   lcd_dec64_common
           LOCAL                   ADDRESS         
           =====                   =======         
           ?Subroutine8            7B7A 
    -------------------------------------------------------------------------
<CODE> 1 (was CODE)
  Relative segment, address: 7CA0 - 7CAF (0x10 bytes), align: 1
  Segment part 42.
           ENTRY                   ADDRESS         REF BY
           =====                   =======         ======
           lcd_decu32              7CA0            display_item (emeter-basic-display)
               calls direct
    -------------------------------------------------------------------------
<CODE> 1 (was CODE)
  Relative segment, address: 70AC - 70F3 (0x48 bytes), align: 1
  Segment part 43.
           ENTRY                   ADDRESS         REF BY
           =====                   =======         ======
           lcd_dec32               70AC            display_item (emeter-basic-display)
               calls direct
    -------------------------------------------------------------------------
<CODE> 1 (was CODE)
  Relative segment, address: 7A10 - 7A29 (0x1a bytes), align: 1
  Segment part 52.            Intra module refs:   lcd_dec32
           LOCAL                   ADDRESS         
           =====                   =======         
           ?Subroutine0            7A10 
    -------------------------------------------------------------------------
<CODE> 1 (was CODE)
  Relative segment, address: 594C - 5A4F (0x104 bytes), align: 1
  Segment part 44.            Intra module refs:   lcd_decu64
           LOCAL                   ADDRESS         
           =====                   =======         
           lcd_dec64_common        594C 
               calls direct
    -------------------------------------------------------------------------
<CODE> 1 (was CODE)
  Relative segment, address: 78F8 - 7915 (0x1e bytes), align: 1
  Segment part 47.
           ENTRY                   ADDRESS         REF BY
           =====                   =======         ======
           lcd_decu64              78F8            display_item (emeter-basic-display)
               calls direct

    *************************************************************************

  FILE NAME : C:\Projetos\Ztec\Source\emeter-app\emeter-app-67641\Debug\Obj\emeter-main.r43
  PROGRAM MODULE, NAME : emeter-main

  SEGMENTS IN THE MODULE
  ======================
DATA16_AN
  Relative segment, address: 0262 - 0263 (0x2 bytes), align: 0
  Segment part 2. ROOT        Intra module refs:   active_energy_pulse_end
                                                   active_energy_pulse_start
                                                   system_setup (emeter-setup)
           ENTRY                   ADDRESS         REF BY
           =====                   =======         ======
           _A_PDOUT_L              0262 
           LOCAL                   ADDRESS         
           =====                   =======         
           PDOUT                   0262 
           PDOUT_H                 0263 
           PDOUT_L                 0262 
    -------------------------------------------------------------------------
DATA16_AN
  Relative segment, address: 015C - 015D (0x2 bytes), align: 0
  Segment part 3. ROOT        Intra module refs:   ISR_trap
                                                   system_setup (emeter-setup)
           ENTRY                   ADDRESS         REF BY
           =====                   =======         ======
           _A_WDTCTL_L             015C 
           LOCAL                   ADDRESS         
           =====                   =======         
           WDTCTL                  015C 
           WDTCTL_H                015D 
           WDTCTL_L                015C 
    -------------------------------------------------------------------------
DATA20_Z
  Relative segment, address: 22D1 - 22D1 (0x1 bytes), align: 0
  Segment part 19.            Intra module refs:   main
           ENTRY                   ADDRESS         REF BY
           =====                   =======         ======
           bar_strength            22D1 
    -------------------------------------------------------------------------
DATA20_Z
  Relative segment, address: 1D76 - 1E75 (0x100 bytes), align: 1
  Segment part 20.            Intra module refs:   energy_update
           ENTRY                   ADDRESS         REF BY
           =====                   =======         ======
           energy_consumed         1D76            ?Subroutine0 (emeter-dlt645)
                                                   display_item (emeter-basic-display)
    -------------------------------------------------------------------------
DATA20_Z
  Relative segment, address: 1E76 - 1E7B (0x6 bytes), align: 1
  Segment part 21.            Intra module refs:   sag_swell_event
           ENTRY                   ADDRESS         REF BY
           =====                   =======         ======
           sag_events              1E76            send_extra_readings_report (emeter-dlt645)
    -------------------------------------------------------------------------
DATA20_Z
  Relative segment, address: 1E7C - 1E87 (0xc bytes), align: 1
  Segment part 22.            Intra module refs:   sag_swell_event
           ENTRY                   ADDRESS         REF BY
           =====                   =======         ======
           sag_duration            1E7C            send_extra_readings_report (emeter-dlt645)
    -------------------------------------------------------------------------
DATA20_Z
  Relative segment, address: 1E88 - 1E8D (0x6 bytes), align: 1
  Segment part 23.            Intra module refs:   sag_swell_event
           ENTRY                   ADDRESS         REF BY
           =====                   =======         ======
           swell_events            1E88            send_extra_readings_report (emeter-dlt645)
    -------------------------------------------------------------------------
DATA20_Z
  Relative segment, address: 1E8E - 1E99 (0xc bytes), align: 1
  Segment part 24.            Intra module refs:   sag_swell_event
           ENTRY                   ADDRESS         REF BY
           =====                   =======         ======
           swell_duration          1E8E            send_extra_readings_report (emeter-dlt645)
    -------------------------------------------------------------------------
<CODE> 1 (was CODE)
  Relative segment, address: 60AE - 6167 (0xba bytes), align: 1
  Segment part 27.
           ENTRY                   ADDRESS         REF BY
           =====                   =======         ======
           main                    60AE            Segment part 27 (?cstart)
               calls direct
    -------------------------------------------------------------------------
DATA20_Z
  Relative segment, address: 1E9A - 1E9D (0x4 bytes), align: 1
  Segment part 25.            Intra module refs:   main
           LOCAL                   ADDRESS         
           =====                   =======         
           main::x                 1E9A 
    -------------------------------------------------------------------------
<CODE> 1 (was CODE)
  Relative segment, address: 7E98 - 7E9B (0x4 bytes), align: 1
  Segment part 28.
           ENTRY                   ADDRESS         REF BY
           =====                   =======         ======
           switch_to_normal_mode   7E98            metrology_switch_to_normal_mode (metrology-setup)
               calls direct
    -------------------------------------------------------------------------
<CODE> 1 (was CODE)
  Relative segment, address: 7514 - 7541 (0x2e bytes), align: 1
  Segment part 30.
           ENTRY                   ADDRESS         REF BY
           =====                   =======         ======
           active_energy_pulse_start
                                   7514            per_sample_energy_pulse_processing (metrology-background)
    -------------------------------------------------------------------------
<CODE> 1 (was CODE)
  Relative segment, address: 7542 - 756F (0x2e bytes), align: 1
  Segment part 31.
           ENTRY                   ADDRESS         REF BY
           =====                   =======         ======
           active_energy_pulse_end
                                   7542            per_sample_energy_pulse_processing (metrology-background)
[...]
           ?ShiftLeft32_6          7A5E            ?Subroutine0 (emeter-dlt645)
                                                   display_item (emeter-basic-display)
                                                   energy_update (emeter-main)
    -------------------------------------------------------------------------
<CODE> 1 (was CODE)
  Relative segment, address: 7A62 - 7A65 (0x4 bytes), align: 1
  Segment part 3.             Intra module refs:   ?ShiftLeft32_6
           ENTRY                   ADDRESS         REF BY
           =====                   =======         ======
           ?ShiftLeft32_5          7A62 
    -------------------------------------------------------------------------
<CODE> 1 (was CODE)
  Relative segment, address: 7A66 - 7A69 (0x4 bytes), align: 1
  Segment part 4.             Intra module refs:   ?ShiftLeft32_5
           ENTRY                   ADDRESS         REF BY
           =====                   =======         ======
           ?ShiftLeft32_4          7A66 
    -------------------------------------------------------------------------
<CODE> 1 (was CODE)
  Relative segment, address: 7A6A - 7A77 (0xe bytes), align: 1
  Segment part 5.             Intra module refs:   ?ShiftLeft32_4
           ENTRY                   ADDRESS         REF BY
           =====                   =======         ======
           ?ShiftLeft32_3          7A6A            calculate_phase_readings (metrology-foreground)
                                                   energy_update (emeter-main)
                                                   evaluate_rms_voltage (metrology-foreground)

    -------------------------------------------------------------------------
  LIBRARY MODULE, NAME : ?ShiftLeft64_n

  SEGMENTS IN THE MODULE
  ======================
<CODE> 1 (was CODE)
  Relative segment, address: 76A2 - 76A9 (0x8 bytes), align: 1
  Segment part 2.
           ENTRY                   ADDRESS         REF BY
           =====                   =======         ======
           ?ShiftLeft64_5          76A2            set_P_scaling (metrology-calibration-defaults)
    -------------------------------------------------------------------------
<CODE> 1 (was CODE)
  Relative segment, address: 76AA - 76B1 (0x8 bytes), align: 1
  Segment part 3.             Intra module refs:   ?ShiftLeft64_5
           ENTRY                   ADDRESS         REF BY
           =====                   =======         ======
           ?ShiftLeft64_4          76AA 
    -------------------------------------------------------------------------
<CODE> 1 (was CODE)
  Relative segment, address: 76B2 - 76CB (0x1a bytes), align: 1
  Segment part 4.             Intra module refs:   ?ShiftLeft64_4
           ENTRY                   ADDRESS         REF BY
           =====                   =======         ======
           ?ShiftLeft64_3          76B2 

    -------------------------------------------------------------------------
  LIBRARY MODULE, NAME : ?ShiftRight32s

  SEGMENTS IN THE MODULE
  ======================
<CODE> 1 (was CODE)
  Relative segment, address: 7C38 - 7C3B (0x4 bytes), align: 1
  Segment part 4.
           ENTRY                   ADDRESS         REF BY
           =====                   =======         ======
           ?ShiftRight32s_4        7C38            estimate_current_rtc_correction (emeter-rtc-c)
                                                   serial_configure (emeter-communication)
    -------------------------------------------------------------------------
<CODE> 1 (was CODE)
  Relative segment, address: 7C3C - 7C3F (0x4 bytes), align: 1
  Segment part 5.             Intra module refs:   ?ShiftRight32s_4
           ENTRY                   ADDRESS         REF BY
           =====                   =======         ======
           ?ShiftRight32s_3        7C3C 
    -------------------------------------------------------------------------
<CODE> 1 (was CODE)
  Relative segment, address: 7C40 - 7C49 (0xa bytes), align: 1
  Segment part 6.             Intra module refs:   ?ShiftRight32s_3
           ENTRY                   ADDRESS         REF BY
           =====                   =======         ======
           ?ShiftRight32s_2        7C40 

    -------------------------------------------------------------------------
  LIBRARY MODULE, NAME : ?ShiftRight32s_8n

  SEGMENTS IN THE MODULE
  ======================
<CODE> 1 (was CODE)
  Relative segment, address: 7DAC - 7DB7 (0xc bytes), align: 1
  Segment part 6.
           ENTRY                   ADDRESS         REF BY
           =====                   =======         ======
           ?ShiftRight32s_8        7DAC            sag_swell_control (metrology-foreground)

    -------------------------------------------------------------------------
  LIBRARY MODULE, NAME : ?ShiftRight32u_8n

  SEGMENTS IN THE MODULE
  ======================
<CODE> 1 (was CODE)
  Relative segment, address: 7C10 - 7C13 (0x4 bytes), align: 1
  Segment part 4.
           ENTRY                   ADDRESS         REF BY
           =====                   =======         ======
           ?ShiftRight32u_10       7C10            evaluate_rms_voltage (metrology-foreground)
    -------------------------------------------------------------------------
<CODE> 1 (was CODE)
  Relative segment, address: 7C14 - 7C17 (0x4 bytes), align: 1
  Segment part 5.             Intra module refs:   ?ShiftRight32u_10
           ENTRY                   ADDRESS         REF BY
           =====                   =======         ======
           ?ShiftRight32u_9        7C14 
    -------------------------------------------------------------------------
<CODE> 1 (was CODE)
  Relative segment, address: 7C18 - 7C23 (0xc bytes), align: 1
  Segment part 6.             Intra module refs:   ?ShiftRight32u_9
           ENTRY                   ADDRESS         REF BY
           =====                   =======         ======
           ?ShiftRight32u_8        7C18 

    -------------------------------------------------------------------------
  LIBRARY MODULE, NAME : ?ShiftRight64s_n

  SEGMENTS IN THE MODULE
  ======================
<CODE> 1 (was CODE)
  Relative segment, address: 73AC - 73B3 (0x8 bytes), align: 1
  Segment part 0.
           ENTRY                   ADDRESS         REF BY
           =====                   =======         ======
           ?ShiftRight64s_7        73AC            evaluate_reactive_power (metrology-foreground)
    -------------------------------------------------------------------------
<CODE> 1 (was CODE)
  Relative segment, address: 73B4 - 73BB (0x8 bytes), align: 1
  Segment part 1.             Intra module refs:   ?ShiftRight64s_7
           ENTRY                   ADDRESS         REF BY
           =====                   =======         ======
           ?ShiftRight64s_6        73B4 
    -------------------------------------------------------------------------
<CODE> 1 (was CODE)
  Relative segment, address: 73BC - 73C3 (0x8 bytes), align: 1
  Segment part 2.             Intra module refs:   ?ShiftRight64s_6
           ENTRY                   ADDRESS         REF BY
           =====                   =======         ======
           ?ShiftRight64s_5        73BC 
    -------------------------------------------------------------------------
<CODE> 1 (was CODE)
  Relative segment, address: 73C4 - 73CB (0x8 bytes), align: 1
  Segment part 3.             Intra module refs:   ?ShiftRight64s_5
           ENTRY                   ADDRESS         REF BY
           =====                   =======         ======
           ?ShiftRight64s_4        73C4 
    -------------------------------------------------------------------------
<CODE> 1 (was CODE)
  Relative segment, address: 73CC - 73D3 (0x8 bytes), align: 1
  Segment part 4.             Intra module refs:   ?ShiftRight64s_4
           ENTRY                   ADDRESS         REF BY
           =====                   =======         ======
           ?ShiftRight64s_3        73CC 
    -------------------------------------------------------------------------
<CODE> 1 (was CODE)
  Relative segment, address: 73D4 - 73E5 (0x12 bytes), align: 1
  Segment part 5.             Intra module refs:   ?ShiftRight64s_3
           ENTRY                   ADDRESS         REF BY
           =====                   =======         ======
           ?ShiftRight64s_2        73D4 

    -------------------------------------------------------------------------
  LIBRARY MODULE, NAME : ?memcpy

  SEGMENTS IN THE MODULE
  ======================
<CODE> 1 (was CODE)
  Relative segment, address: 796C - 7987 (0x1c bytes), align: 1
  Segment part 2.
           ENTRY                   ADDRESS         REF BY
           =====                   =======         ======
           memcpy                  796C            __data20_memcpy (?memzero)

    -------------------------------------------------------------------------
  LIBRARY MODULE, NAME : ?memset

  SEGMENTS IN THE MODULE
  ======================
<CODE> 1 (was CODE)
  Relative segment, address: 7950 - 796B (0x1c bytes), align: 1
  Segment part 2.
           ENTRY                   ADDRESS         REF BY
           =====                   =======         ======
           memset                  7950            calculate_phase_readings (metrology-foreground)

    -------------------------------------------------------------------------
  LIBRARY MODULE, NAME : ?memzero

  SEGMENTS IN THE MODULE
  ======================
<CODE> 1 (was CODE)
  Relative segment, address: 7AAA - 7AC1 (0x18 bytes), align: 1
  Segment part 5.
           ENTRY                   ADDRESS         REF BY
           =====                   =======         ======
           __data20_memzero        7AAA            ?cstart_init_zero20 (?cstart)
    -------------------------------------------------------------------------
<CODE> 1 (was CODE)
  Relative segment, address: 7E8C - 7E8F (0x4 bytes), align: 1
  Segment part 6.
           ENTRY                   ADDRESS         REF BY
           =====                   =======         ======
           __data20_memcpy         7E8C            ?cstart_init_copy20 (?cstart)
               calls direct

    -------------------------------------------------------------------------
  LIBRARY MODULE, NAME : ?mul32s32sto64i

  SEGMENTS IN THE MODULE
  ======================
<CODE> 1 (was CODE)
  Relative segment, address: 7894 - 78B5 (0x22 bytes), align: 1
  Segment part 2.
           ENTRY                   ADDRESS         REF BY
           =====                   =======         ======
           _Mul32s32sto64i         7894            calculate_phase_readings (metrology-foreground)
                                                   integrate_power_to_energy (metrology-foreground)
               calls direct

    -------------------------------------------------------------------------
  LIBRARY MODULE, NAME : ?Mul16to32sHw

  SEGMENTS IN THE MODULE
  ======================
<CODE> 1 (was CODE)
  Relative segment, address: 7988 - 79A3 (0x1c bytes), align: 1
  Segment part 0.
           ENTRY                   ADDRESS         REF BY
           =====                   =======         ======
           ?Mul16to32sHw           7988            ?Subroutine0 (emeter-communication)
                                                   ?Subroutine0 (metrology-readings)
                                                   ?Subroutine1 (emeter-dlt645)
                                                   ?Subroutine2 (metrology-setup)
                                                   ?Subroutine8 (emeter-lcd)
                                                   calculate_phase_readings (metrology-foreground)

    -------------------------------------------------------------------------
  LIBRARY MODULE, NAME : ?Mul32Hw32

  SEGMENTS IN THE MODULE
  ======================
<CODE> 1 (was CODE)
  Relative segment, address: 784E - 7871 (0x24 bytes), align: 1
  Segment part 0.
           ENTRY                   ADDRESS         REF BY
           =====                   =======         ======
           ?Mul32Hw32              784E            calculate_phase_readings (metrology-foreground)
                                                   div48 (div48)
                                                   estimate_current_rtc_correction (emeter-rtc-c)
                                                   evaluate_power_factor (metrology-foreground)
                                                   evaluate_reactive_power (metrology-foreground)

    -------------------------------------------------------------------------
  LIBRARY MODULE, NAME : ?Mul32u32uto64iHw32

  SEGMENTS IN THE MODULE
  ======================
<CODE> 1 (was CODE)
  Relative segment, address: 759E - 75C9 (0x2c bytes), align: 1
  Segment part 0.
           ENTRY                   ADDRESS         REF BY
           =====                   =======         ======
           ?Mul32u32uto64iHw32     759E            _Mul32s32sto64i (?mul32s32sto64i)
                                                   set_P_scaling (metrology-calibration-defaults)

    -------------------------------------------------------------------------
  LIBRARY MODULE, NAME : ?Mul64Hw32

  SEGMENTS IN THE MODULE
  ======================
<CODE> 1 (was CODE)
  Relative segment, address: 6D88 - 6DDF (0x58 bytes), align: 1
  Segment part 0.
           ENTRY                   ADDRESS         REF BY
           =====                   =======         ======
           ?Mul64Hw32              6D88            ?Subroutine2 (metrology-foreground)
                                                   sag_swell_control (metrology-foreground)




                ****************************************
                *                                      *
                *      SEGMENTS IN ADDRESS ORDER       *
                *                                      *
                ****************************************


SEGMENT              SPACE    START ADDRESS   END ADDRESS     SIZE  TYPE  ALIGN
=======              =====    =============   ===========     ====  ====  =====
DATA16_AN                              0102 - 0103               2   rel    0
                                       0120 - 0121               2 
                                       0124 - 0127               4 
                                       012C - 012F               4 
                                       0140 - 0141               2 
                                       0144 - 0145               2 
                                       015C - 015D               2 
                                       0160 - 0165               6 
                                       0168 - 016F               8 
                                       01B0 - 01B1               2 
                                       0202 - 0207               6 
                                       020A - 020B               2 
                                       0222 - 0227               6 
                                       022A - 022B               2 
                                       0242 - 0247               6 
                                       024A - 024B               2 
                                       0262 - 0267               6 
                                       026A - 026B               2 
                                       0282 - 0287               6 
                                       028A - 028B               2 
                                       0322 - 0325               4 
                                       032A - 032B               2 
                                       04A0 - 04A7               8 
                                       04AE - 04B7               A 
                                       04C2 - 04C3               2 
                                       04C8 - 04C9               2 
                                       04D0 - 04D7               8 
                                       04E0 - 04EB               C 
                                       0500 - 0501               2 
                                       050E - 0511               4 
                                       0520 - 052B               C 
                                       0530 - 0531               2 
                                       05C0 - 05C1               2 
                                       05C6 - 05C9               4 
                                       05CC - 05CF               4 
                                       05DA - 05DB               2 
                                       05DE - 05E1               4 
                                       05E6 - 05E9               4 
                                       05EC - 05EF               4 
                                       05FA - 05FB               2 
                                       05FE - 0601               4 
                                       0606 - 0609               4 
                                       060E - 060F               2 
                                       061C - 061D               2 
                                       0640 - 0641               2 
                                       0646 - 0649               4 
                                       064E - 064F               2 
                                       0660 - 0661               2 
                                       066A - 066D               4 
                                       0740 - 0745               6 
                                       074A - 074B               2 
                                       0752 - 0753               2 
                                       075A - 075D               4 
                                       0800 - 0805               6 
                                       0808 - 080D               6 
                                       0810 - 0827              18 
                                       0850 - 085B               C 
                                       09E0 - 09E1               2 
                                       09E4 - 09E5               2 
                                       09F4 - 09F7               4 
                                       09FC - 0A0F              14 
                                       0A12 - 0A13               2 
                                       0A20 - 0A20               1 
INFO                                   1800 - 187F              80   rel    1
CODE_I                                    1C00                       rel    1
DATA20_I                               1C00 - 1C10              11   rel    1
DATA20_Z                               1C12 - 22D8             6C7   rel    1
DATA20_N                                  22DA                       rel    1
CSTACK                                 3B6A - 3BFF              96   rel    1
CSTART                                 4000 - 402F              30   rel    1
ISR_CODE                               4030 - 42C7             298   rel    1
<CODE> 1                               42C8 - 7EA1            3BDA   rel    1
DATA20_C                               7EA2 - 8504             663   rel    1
DATA20_ID                              8506 - 8516              11   rel    1
CODE_ID                                   8518                       rel    1
INTVEC                                 FF80 - FFFD              7E   com    1
RESET                                  FFFE - FFFF               2   rel    1

                ****************************************
                *                                      *
                *        END OF CROSS REFERENCE        *
                *                                      *
                ****************************************

 16 162 bytes of CODE  memory
  1 902 bytes of DATA  memory (+ 287 absolute )
  1 780 bytes of CONST memory

Errors: none
Warnings: none

