################################################################################
#                                                                              #
#      IAR Universal Linker V6.5.1.95                                          #
#                                                                              #
#           Link time     =  09/May/2024  12:47:45                             #
#           Target CPU    =  MSP430                                            #
#           List file     =  C:\Projetos\Ztec\Source\emeter-app\emeter-app-676 #
#                            41\Debug\List\emeter-app-67641.map                #
#           Output file 1 =  C:\Projetos\Ztec\Source\emeter-app\emeter-app-676 #
#                            41\Debug\Exe\emeter-app-67641.d43                 #
#                            Format: ubrof10                                   #
#                            UBROF version 10.0.6                              #
#                            Using library modules for C-SPY (-rt)             #
#           Command line  =  -f C:\Users\liwka\AppData\Local\Temp\EW2D8A.tmp   #
#                            (C:\Projetos\Ztec\Source\emeter-app\emeter-app-67 #
#                            641\Debug\Obj\emeter-basic-display.r43            #
#                            C:\Projetos\Ztec\Source\emeter-app\emeter-app-676 #
#                            41\Debug\Obj\emeter-basic-oled.r43                #
#                            C:\Projetos\Ztec\Source\emeter-app\emeter-app-676 #
#                            41\Debug\Obj\emeter-communication.r43             #
#                            C:\Projetos\Ztec\Source\emeter-app\emeter-app-676 #
#                            41\Debug\Obj\emeter-dlt645.r43                    #
#                            C:\Projetos\Ztec\Source\emeter-app\emeter-app-676 #
#                            41\Debug\Obj\emeter-keypad.r43                    #
#                            C:\Projetos\Ztec\Source\emeter-app\emeter-app-676 #
#                            41\Debug\Obj\emeter-lcd.r43                       #
#                            C:\Projetos\Ztec\Source\emeter-app\emeter-app-676 #
#                            41\Debug\Obj\emeter-main.r43                      #
#                            C:\Projetos\Ztec\Source\emeter-metrology\emeter-m #
#                            etrology-67641\Debug\Exe\emeter-metrology-67641.r #
#                            43                                                #
#                            C:\Projetos\Ztec\Source\emeter-app\emeter-app-676 #
#                            41\Debug\Obj\emeter-multirate.r43                 #
#                            C:\Projetos\Ztec\Source\emeter-app\emeter-app-676 #
#                            41\Debug\Obj\emeter-oled.r43                      #
#                            C:\Projetos\Ztec\Source\emeter-app\emeter-app-676 #
#                            41\Debug\Obj\emeter-rtc-c.r43                     #
#                            C:\Projetos\Ztec\Source\emeter-app\emeter-app-676 #
#                            41\Debug\Obj\emeter-setup.r43                     #
#                            -o                                                #
#                            C:\Projetos\Ztec\Source\emeter-app\emeter-app-676 #
#                            41\Debug\Exe\emeter-app-67641.d43                 #
#                            -l                                                #
#                            C:\Projetos\Ztec\Source\emeter-app\emeter-app-676 #
#                            41\Debug\List\emeter-app-67641.map                #
#                            -xms                                              #
#                            "-IC:\Program Files (x86)\IAR Systems\Embedded Wo #
#                            rkbench 8.0\430\LIB\"                             #
#                            -f                                                #
#                            "C:\Program Files (x86)\IAR Systems\Embedded Work #
#                            bench 8.0\430\config\linker\lnk430f67641a.xcl"    #
#                            (-cmsp430 -QCODE_I=CODE_ID -QTLS16_I=TLS16_ID     #
#                            -D__iar_HWMUL=4C0 -Z(CONST)INFO=1800-19FF         #
#                            -Z(CONST)INFOA=1980-19FF                          #
#                            -Z(CONST)INFOB=1900-197F                          #
#                            -Z(CONST)INFOC=1880-18FF                          #
#                            -Z(CONST)INFOD=1800-187F                          #
#                            -Z(DATA)DATA16_I,DATA16_Z,DATA16_N,TLS16_I=1C00-3 #
#                            BFF                                               #
#                            -Z(DATA)DATA16_HEAP+_DATA16_HEAP_SIZE             #
#                            -Z(DATA)CODE_I                                    #
#                            -Z(DATA)DATA20_I,DATA20_Z,DATA20_N,DATA20_HEAP+_D #
#                            ATA20_HEAP_SIZE                                   #
#                            -Z(DATA)CSTACK+_STACK_SIZE#                       #
#                            -Z(CONST)DATA16_C,DATA16_ID,TLS16_ID,DIFUNCT,CHEC #
#                            KSUM=4000-FF7F                                    #
#                            -Z(CODE)CSTART,ISR_CODE,CODE16=4000-FF7F          #
#                            -P(CODE)CODE=4000-FF7F,10000-23FFF                #
#                            -Z(CONST)DATA20_C,DATA20_ID,CODE_ID=4000-FF7F,100 #
#                            40-23FFF                                          #
#                            -Z(CODE)INTVEC=FF80-FFFF                          #
#                            -Z(CODE)RESET=FFFE-FFFF) -f                       #
#                            "C:\Program Files (x86)\IAR Systems\Embedded Work #
#                            bench 8.0\430\config\linker\multiplier32.xcl"     #
#                            (-e?Mul8Hw=?Mul8 -e?Mul16Hw=?Mul16                #
#                            -e?Mul16to32uHw=?Mul16to32u                       #
#                            -e?Mul16to32sHw=?Mul16to32s -e?Mul32Hw32=?Mul32   #
#                            -e?Mul64Hw32=_Mul64i                              #
#                            -e?Mul32u32uto64iHw32=_Mul32u32uto64i             #
#                            -e?Mul32fHw32=_Mul32f                             #
#                            -e_Mul64fHw32Ptr=_Mul64fPtr) -D_STACK_SIZE=96     #
#                            -rt                                               #
#                            "C:\Program Files (x86)\IAR Systems\Embedded Work #
#                            bench 8.0\430\lib\dlib\dl430xllfn.r43"            #
#                            -e_PrintfLarge=_Printf -e_ScanfLarge=_Scanf       #
#                            -D_DATA16_HEAP_SIZE=50 -s __program_start         #
#                            -D_DATA20_HEAP_SIZE=50)                           #
#                                                                              #
#                           Copyright (C) 1987-2016 IAR Systems AB.            #
################################################################################





                ****************************************
                *                                      *
                *           CROSS REFERENCE            *
                *                                      *
                ****************************************

       Program entry at :           4000  Relocatable, from module : ?cstart




                ****************************************
                *                                      *
                *            RUNTIME MODEL             *
                *                                      *
                ****************************************

  __Heap_Handler             = Basic
  __SystemLibrary            = DLib
  __code_model               = large
  __core                     = 430X
  __data_model               = large
  __dlib_file_descriptor     = 0
  __dlib_full_locale_support = 0
  __double_size              = 32
  __pic                      = no
  __reg_r4                   = free
  __reg_r5                   = free
  __rt_version               = 3

                ****************************************
                *                                      *
                *    AUTOMATIC SYMBOL REDIRECTIONS     *
                *                                      *
                ****************************************

                  There are no automatic symbol redirections.



                ****************************************
                *                                      *
                *              MODULE MAP              *
                *                                      *
                ****************************************


  DEFINED ABSOLUTE ENTRIES
    *************************************************************************

  DEFINED ABSOLUTE ENTRIES
  PROGRAM MODULE, NAME : ?ABS_ENTRY_MOD

Absolute parts
           ENTRY                   ADDRESS         REF BY
           =====                   =======         ======
           _DATA20_HEAP_SIZE       0050 
           _DATA16_HEAP_SIZE       0050 
           _STACK_SIZE             0096 
           __iar_HWMUL             04C0            ?Mul16to32sHw (?Mul16to32sHw)
                                                   ?Mul32Hw32 (?Mul32Hw32)
                                                   ?Mul32fHw32 (?Mul32fHw32)
                                                   ?Mul32u32uto64iHw32 (?Mul32u32uto64iHw32)
                                                   ?Mul64Hw32 (?Mul64Hw32)
                                                   Segment part 1 (?Mul8Hw)
                                                   calculate_phase_readings (metrology-foreground)
                                                   div48 (div48)
                                                   estimate_current_rtc_correction (emeter-rtc-c)
                                                   evaluate_power_factor (metrology-foreground)
                                                   evaluate_reactive_power (metrology-foreground)
                                                   integrate_power_to_energy (metrology-foreground)
                                                   main (emeter-main)
    *************************************************************************

  FILE NAME : C:\Projetos\Ztec\Source\emeter-app\emeter-app-67641\Debug\Obj\emeter-basic-display.r43
    *************************************************************************

  FILE NAME : C:\Projetos\Ztec\Source\emeter-app\emeter-app-67641\Debug\Obj\emeter-basic-oled.r43
  PROGRAM MODULE, NAME : emeter-basic-oled

  SEGMENTS IN THE MODULE
  ======================
<CODE> 1 (was CODE)
  Relative segment, address: 8736 - 8771 (0x3c bytes), align: 1
  Segment part 51.
           ENTRY                   ADDRESS         REF BY
           =====                   =======         ======
           OLED_display_startup_message
                                   8736            system_setup (emeter-setup)
               calls direct
    -------------------------------------------------------------------------
<CODE> 1 (was CODE)
  Relative segment, address: 7C8A - 7D19 (0x90 bytes), align: 1
  Segment part 52.            Intra module refs:   update_oled
           LOCAL                   ADDRESS         
           =====                   =======         
           oled_date_temp          7C8A 
               calls direct
    -------------------------------------------------------------------------
<CODE> 1 (was CODE)
  Relative segment, address: 7A30 - 7A35 (0x6 bytes), align: 1
  Segment part 75.            Intra module refs:   oled_rms_current
                                                   oled_rms_voltage
           LOCAL                   ADDRESS         
           =====                   =======         
           ?Subroutine7            7A30 
    -------------------------------------------------------------------------
<CODE> 1 (was CODE)
  Relative segment, address: 7A36 - 7A3F (0xa bytes), align: 1
  Segment part 76.            Intra module refs:   ?Subroutine1
                                                   ?Subroutine6
                                                   ?Subroutine7
           LOCAL                   ADDRESS         
           =====                   =======         
           ?Subroutine21           7A36 
    -------------------------------------------------------------------------
<CODE> 1 (was CODE)
  Relative segment, address: 7A40 - 7A43 (0x4 bytes), align: 1
  Segment part 77.            Intra module refs:   oled_rms_current
                                                   oled_rms_voltage
           LOCAL                   ADDRESS         
           =====                   =======         
           ?Subroutine6            7A40 
    -------------------------------------------------------------------------
<CODE> 1 (was CODE)
  Relative segment, address: 7A44 - 7A49 (0x6 bytes), align: 1
  Segment part 78.            Intra module refs:   ?Subroutine4
                                                   ?Subroutine6
           LOCAL                   ADDRESS         
           =====                   =======         
           ?Subroutine24           7A44 
    -------------------------------------------------------------------------
<CODE> 1 (was CODE)
  Relative segment, address: 7A4A - 7AA3 (0x5a bytes), align: 1
  Segment part 79.            Intra module refs:   update_oled
           LOCAL                   ADDRESS         
           =====                   =======         
           oled_mains_frequency    7A4A 
               calls direct
    -------------------------------------------------------------------------
<CODE> 1 (was CODE)
  Relative segment, address: 7AA4 - 7AAD (0xa bytes), align: 1
  Segment part 80.            Intra module refs:   oled_date_temp
                                                   oled_mains_frequency
           LOCAL                   ADDRESS         
           =====                   =======         
           ?Subroutine8            7AA4 
    -------------------------------------------------------------------------
<CODE> 1 (was CODE)
  Relative segment, address: 7AAE - 7AB1 (0x4 bytes), align: 1
  Segment part 81.            Intra module refs:   oled_mains_frequency
                                                   oled_power_factor
           LOCAL                   ADDRESS         
           =====                   =======         
           ?Subroutine5            7AAE 
    -------------------------------------------------------------------------
<CODE> 1 (was CODE)
  Relative segment, address: 7AB2 - 7AB5 (0x4 bytes), align: 1
  Segment part 82.            Intra module refs:   ?Subroutine5
                                                   ?Subroutine7
           LOCAL                   ADDRESS         
           =====                   =======         
           ?Subroutine20           7AB2 
    -------------------------------------------------------------------------
<CODE> 1 (was CODE)
  Relative segment, address: 7AB6 - 7ABB (0x6 bytes), align: 1
  Segment part 83.            Intra module refs:   ?Subroutine20
                                                   ?Subroutine24
                                                   Segment part 70
                                                   oled_mains_frequency
    -------------------------------------------------------------------------
<CODE> 1 (was CODE)
  Relative segment, address: 7ABC - 7AC7 (0xc bytes), align: 1
  Segment part 84.            Intra module refs:   ?Subroutine4
                                                   ?Subroutine5
                                                   ?Subroutine8
                                                   oled_power_factor
           LOCAL                   ADDRESS         
           =====                   =======         
           ?Subroutine19           7ABC 
    -------------------------------------------------------------------------
<CODE> 1 (was CODE)
  Relative segment, address: 7AC8 - 7ACF (0x8 bytes), align: 1
  Segment part 85.            Intra module refs:   oled_mains_frequency
                                                   oled_power_factor
           LOCAL                   ADDRESS         
           =====                   =======         
           ?Subroutine4            7AC8 
    -------------------------------------------------------------------------
<CODE> 1 (was CODE)
  Relative segment, address: 64DC - 64E9 (0xe bytes), align: 1
  Segment part 53.            Intra module refs:   update_oled
           LOCAL                   ADDRESS         
           =====                   =======         
           oled_active_power       64DC 
               calls direct
    -------------------------------------------------------------------------
<CODE> 1 (was CODE)
  Relative segment, address: 64EA - 658D (0xa4 bytes), align: 1
  Segment part 54.            Intra module refs:   oled_active_power
                                                   oled_apparent_power
           LOCAL                   ADDRESS         
           =====                   =======         
           ?Subroutine0            64EA 
    -------------------------------------------------------------------------
<CODE> 1 (was CODE)
  Relative segment, address: 658E - 663F (0xb2 bytes), align: 1
  Segment part 55.            Intra module refs:   update_oled
           LOCAL                   ADDRESS         
           =====                   =======         
           oled_reactive_power     658E 
               calls direct
    -------------------------------------------------------------------------
<CODE> 1 (was CODE)
  Relative segment, address: 6640 - 6651 (0x12 bytes), align: 1
  Segment part 56.            Intra module refs:   ?Subroutine0
                                                   oled_reactive_power
           LOCAL                   ADDRESS         
           =====                   =======         
           ?Subroutine16           6640 
    -------------------------------------------------------------------------
<CODE> 1 (was CODE)
  Relative segment, address: 6652 - 6659 (0x8 bytes), align: 1
  Segment part 57.            Intra module refs:   ?Subroutine0
                                                   oled_reactive_power
           LOCAL                   ADDRESS         
           =====                   =======         
           ?Subroutine15           6652 
    -------------------------------------------------------------------------
<CODE> 1 (was CODE)
  Relative segment, address: 665A - 665F (0x6 bytes), align: 1
  Segment part 58.            Intra module refs:   ?Subroutine10
                                                   ?Subroutine12
                                                   ?Subroutine15
           LOCAL                   ADDRESS         
           =====                   =======         
           ?Subroutine22           665A 
    -------------------------------------------------------------------------
<CODE> 1 (was CODE)
  Relative segment, address: 6660 - 6669 (0xa bytes), align: 1
  Segment part 59.            Intra module refs:   ?Subroutine0
                                                   oled_reactive_power
           LOCAL                   ADDRESS         
           =====                   =======         
           ?Subroutine14           6660 
    -------------------------------------------------------------------------
<CODE> 1 (was CODE)
  Relative segment, address: 666A - 6675 (0xc bytes), align: 1
  Segment part 60.            Intra module refs:   ?Subroutine0
                                                   oled_reactive_power
           LOCAL                   ADDRESS         
           =====                   =======         
           ?Subroutine12           666A 
    -------------------------------------------------------------------------
<CODE> 1 (was CODE)
  Relative segment, address: 6676 - 6681 (0xc bytes), align: 1
  Segment part 61.            Intra module refs:   ?Subroutine0
                                                   oled_reactive_power
           LOCAL                   ADDRESS         
           =====                   =======         
           ?Subroutine10           6676 
    -------------------------------------------------------------------------
<CODE> 1 (was CODE)
  Relative segment, address: 6682 - 6693 (0x12 bytes), align: 1
  Segment part 62.            Intra module refs:   update_oled
           LOCAL                   ADDRESS         
           =====                   =======         
           oled_apparent_power     6682 
               calls direct
    -------------------------------------------------------------------------
<CODE> 1 (was CODE)
  Relative segment, address: 69EC - 6A45 (0x5a bytes), align: 1
  Segment part 63.            Intra module refs:   update_oled
           LOCAL                   ADDRESS         
           =====                   =======         
           oled_power_factor       69EC 
               calls direct
    -------------------------------------------------------------------------
<CODE> 1 (was CODE)
  Relative segment, address: 6A46 - 6A59 (0x14 bytes), align: 1
  Segment part 64.            Intra module refs:   oled_power_factor
           LOCAL                   ADDRESS         
           =====                   =======         
           ?Subroutine17           6A46 
    -------------------------------------------------------------------------
<CODE> 1 (was CODE)
  Relative segment, address: 6A5A - 6ACB (0x72 bytes), align: 1
  Segment part 65.            Intra module refs:   update_oled
           LOCAL                   ADDRESS         
           =====                   =======         
           oled_rms_voltage        6A5A 
               calls direct
    -------------------------------------------------------------------------
<CODE> 1 (was CODE)
  Relative segment, address: 6ACC - 6ACF (0x4 bytes), align: 1
  Segment part 66.            Intra module refs:   oled_rms_voltage
           LOCAL                   ADDRESS         
           =====                   =======         
           ?Subroutine18           6ACC 
    -------------------------------------------------------------------------
<CODE> 1 (was CODE)
  Relative segment, address: 6AD0 - 6ADD (0xe bytes), align: 1
  Segment part 67.            Intra module refs:   ?Subroutine18
                                                   oled_rms_current
    -------------------------------------------------------------------------
<CODE> 1 (was CODE)
  Relative segment, address: 6ADE - 6AE7 (0xa bytes), align: 1
  Segment part 68.            Intra module refs:   oled_rms_current
                                                   oled_rms_voltage
           LOCAL                   ADDRESS         
           =====                   =======         
           ?Subroutine3            6ADE 
    -------------------------------------------------------------------------
<CODE> 1 (was CODE)
  Relative segment, address: 6AE8 - 6AF5 (0xe bytes), align: 1
  Segment part 69.            Intra module refs:   oled_rms_current
                                                   oled_rms_voltage
           LOCAL                   ADDRESS         
           =====                   =======         
           ?Subroutine1            6AE8 
    -------------------------------------------------------------------------
<CODE> 1 (was CODE)
  Relative segment, address: 6AF6 - 6B03 (0xe bytes), align: 1
  Segment part 70.            Intra module refs:   ?Subroutine1
                                                   oled_power_factor
    -------------------------------------------------------------------------
<CODE> 1 (was CODE)
  Relative segment, address: 6B04 - 6B83 (0x80 bytes), align: 1
  Segment part 71.            Intra module refs:   update_oled
           LOCAL                   ADDRESS         
           =====                   =======         
           oled_rms_current        6B04 
               calls direct
    -------------------------------------------------------------------------
<CODE> 1 (was CODE)
  Relative segment, address: 9068 - 906B (0x4 bytes), align: 1
  Segment part 72.            Intra module refs:   oled_rms_current
                                                   oled_rms_voltage
           LOCAL                   ADDRESS         
           =====                   =======         
           ?Subroutine11           9068 
    -------------------------------------------------------------------------
<CODE> 1 (was CODE)
  Relative segment, address: 906C - 9071 (0x6 bytes), align: 1
  Segment part 73.            Intra module refs:   ?Subroutine11
                                                   ?Subroutine9
           LOCAL                   ADDRESS         
           =====                   =======         
           ?Subroutine23           906C 
    -------------------------------------------------------------------------
<CODE> 1 (was CODE)
  Relative segment, address: 9072 - 9079 (0x8 bytes), align: 1
  Segment part 74.            Intra module refs:   oled_rms_current
                                                   oled_rms_voltage
           LOCAL                   ADDRESS         
           =====                   =======         
           ?Subroutine9            9072 
    -------------------------------------------------------------------------
<CODE> 1 (was CODE)
  Relative segment, address: 6E3A - 6EB5 (0x7c bytes), align: 1
  Segment part 86.            Intra module refs:   update_oled
           LOCAL                   ADDRESS         
           =====                   =======         
           oled_imported_active_energy
                                   6E3A 
               calls direct
    -------------------------------------------------------------------------
<CODE> 1 (was CODE)
  Relative segment, address: 6EB6 - 6EC5 (0x10 bytes), align: 1
  Segment part 87.            Intra module refs:   oled_imported_active_energy
                                                   oled_imported_reactive_energy
           LOCAL                   ADDRESS         
           =====                   =======         
           ?Subroutine2            6EB6 
    -------------------------------------------------------------------------
<CODE> 1 (was CODE)
  Relative segment, address: 6EC6 - 6F75 (0xb0 bytes), align: 1
  Segment part 88.            Intra module refs:   update_oled
           LOCAL                   ADDRESS         
           =====                   =======         
           oled_imported_reactive_energy
                                   6EC6 
               calls direct
    -------------------------------------------------------------------------
<CODE> 1 (was CODE)
  Relative segment, address: 90BC - 90C9 (0xe bytes), align: 1
  Segment part 89.            Intra module refs:   oled_imported_active_energy
                                                   oled_imported_reactive_energy
           LOCAL                   ADDRESS         
           =====                   =======         
           ?Subroutine13           90BC 
    -------------------------------------------------------------------------
DATA20_I
  Relative segment, address: 1C00 - 1C01 (0x2 bytes), align: 1
  Segment part 49.            Intra module refs:   update_oled
           ENTRY                   ADDRESS         REF BY
           =====                   =======         ======
           oled_step               1C00 
    -------------------------------------------------------------------------
<CODE> 1 (was CODE)
  Relative segment, address: 7764 - 7825 (0xc2 bytes), align: 1
  Segment part 91.
           ENTRY                   ADDRESS         REF BY
           =====                   =======         ======
           update_oled             7764            ?Subroutine6 (emeter-main)
               calls direct
    -------------------------------------------------------------------------
DATA20_ID
  Relative segment, address: 9ACC - 9ACD (0x2 bytes), align: 1
  Segment part 50.            Intra module refs:   oled_step
    -------------------------------------------------------------------------
DATA20_C
  Relative segment, address: 964C - 9651 (0x6 bytes), align: 0
  Segment part 2.             Intra module refs:   OLED_display_startup_message
    -------------------------------------------------------------------------
DATA20_C
  Relative segment, address: 9652 - 9664 (0x13 bytes), align: 0
  Segment part 3.             Intra module refs:   OLED_display_startup_message
    -------------------------------------------------------------------------
DATA20_C
  Relative segment, address: 9665 - 9675 (0x11 bytes), align: 0
  Segment part 4.             Intra module refs:   OLED_display_startup_message
    -------------------------------------------------------------------------
DATA20_C
  Relative segment, address: 9676 - 9685 (0x10 bytes), align: 0
  Segment part 5.             Intra module refs:   OLED_display_startup_message
    -------------------------------------------------------------------------
DATA20_C
  Relative segment, address: 9686 - 968D (0x8 bytes), align: 0
  Segment part 6.             Intra module refs:   oled_date_temp
    -------------------------------------------------------------------------
DATA20_C
  Relative segment, address: 968E - 969E (0x11 bytes), align: 0
  Segment part 7.             Intra module refs:   oled_date_temp
    -------------------------------------------------------------------------
DATA20_C
  Relative segment, address: 969F - 96AD (0xf bytes), align: 0
  Segment part 8.             Intra module refs:   oled_date_temp
    -------------------------------------------------------------------------
DATA20_C
  Relative segment, address: 96AE - 96AE (0x1 bytes), align: 0
  Segment part 9.             Intra module refs:   oled_date_temp
    -------------------------------------------------------------------------
DATA20_C
  Relative segment, address: 96AF - 96BD (0xf bytes), align: 0
  Segment part 10.            Intra module refs:   oled_date_temp
    -------------------------------------------------------------------------
DATA20_C
  Relative segment, address: 96BE - 96CA (0xd bytes), align: 0
  Segment part 11.            Intra module refs:   oled_active_power
    -------------------------------------------------------------------------
DATA20_C
  Relative segment, address: 96CB - 96CD (0x3 bytes), align: 0
  Segment part 12.            Intra module refs:   ?Subroutine16
                                                   oled_imported_reactive_energy
    -------------------------------------------------------------------------
DATA20_C
  Relative segment, address: 96CE - 96D5 (0x8 bytes), align: 0
  Segment part 13.            Intra module refs:   ?Subroutine0
                                                   oled_imported_active_energy
                                                   oled_reactive_power
    -------------------------------------------------------------------------
DATA20_C
  Relative segment, address: 96D6 - 96EF (0x1a bytes), align: 0
  Segment part 14.            Intra module refs:   ?Subroutine10
    -------------------------------------------------------------------------
DATA20_C
  Relative segment, address: 96F0 - 96F5 (0x6 bytes), align: 0
  Segment part 15.            Intra module refs:   ?Subroutine0
                                                   oled_imported_reactive_energy
                                                   oled_reactive_power
    -------------------------------------------------------------------------
DATA20_C
  Relative segment, address: 96F6 - 970F (0x1a bytes), align: 0
  Segment part 16.            Intra module refs:   ?Subroutine15
    -------------------------------------------------------------------------
DATA20_C
  Relative segment, address: 9710 - 9715 (0x6 bytes), align: 0
  Segment part 17.            Intra module refs:   ?Subroutine0
                                                   oled_imported_reactive_energy
                                                   oled_reactive_power
    -------------------------------------------------------------------------
DATA20_C
  Relative segment, address: 9716 - 972F (0x1a bytes), align: 0
  Segment part 18.            Intra module refs:   ?Subroutine12
    -------------------------------------------------------------------------
DATA20_C
  Relative segment, address: 9730 - 9735 (0x6 bytes), align: 0
  Segment part 19.            Intra module refs:   ?Subroutine0
                                                   oled_imported_reactive_energy
                                                   oled_reactive_power
    -------------------------------------------------------------------------
DATA20_C
  Relative segment, address: 9736 - 9745 (0x10 bytes), align: 0
  Segment part 20.            Intra module refs:   oled_reactive_power
    -------------------------------------------------------------------------
DATA20_C
  Relative segment, address: 9746 - 9754 (0xf bytes), align: 0
  Segment part 21.            Intra module refs:   oled_apparent_power
    -------------------------------------------------------------------------
DATA20_C
  Relative segment, address: 9755 - 9761 (0xd bytes), align: 0
  Segment part 22.            Intra module refs:   oled_power_factor
    -------------------------------------------------------------------------
DATA20_C
  Relative segment, address: 9762 - 9764 (0x3 bytes), align: 0
  Segment part 23.            Intra module refs:   ?Subroutine17
    -------------------------------------------------------------------------
DATA20_C
  Relative segment, address: 9765 - 9767 (0x3 bytes), align: 0
  Segment part 24.            Intra module refs:   ?Subroutine17
    -------------------------------------------------------------------------
DATA20_C
  Relative segment, address: 9768 - 976B (0x4 bytes), align: 0
  Segment part 25.            Intra module refs:   oled_power_factor
                                                   oled_rms_current
                                                   oled_rms_voltage
    -------------------------------------------------------------------------
DATA20_C
  Relative segment, address: 976C - 976F (0x4 bytes), align: 0
  Segment part 26.            Intra module refs:   oled_power_factor
                                                   oled_rms_current
                                                   oled_rms_voltage
    -------------------------------------------------------------------------
DATA20_C
  Relative segment, address: 9770 - 9773 (0x4 bytes), align: 0
  Segment part 27.            Intra module refs:   ?Subroutine1
                                                   oled_power_factor
    -------------------------------------------------------------------------
DATA20_C
  Relative segment, address: 9774 - 977D (0xa bytes), align: 0
  Segment part 28.            Intra module refs:   oled_rms_voltage
    -------------------------------------------------------------------------
DATA20_C
  Relative segment, address: 977E - 9793 (0x16 bytes), align: 0
  Segment part 29.            Intra module refs:   oled_rms_voltage
    -------------------------------------------------------------------------
DATA20_C
  Relative segment, address: 9794 - 9796 (0x3 bytes), align: 0
  Segment part 30.            Intra module refs:   oled_rms_voltage
    -------------------------------------------------------------------------
DATA20_C
  Relative segment, address: 9797 - 97AC (0x16 bytes), align: 0
  Segment part 31.            Intra module refs:   oled_rms_voltage
    -------------------------------------------------------------------------
DATA20_C
  Relative segment, address: 97AD - 97C2 (0x16 bytes), align: 0
  Segment part 32.            Intra module refs:   oled_rms_voltage
    -------------------------------------------------------------------------
DATA20_C
  Relative segment, address: 97C3 - 97C8 (0x6 bytes), align: 0
  Segment part 33.            Intra module refs:   oled_rms_current
    -------------------------------------------------------------------------
DATA20_C
  Relative segment, address: 97C9 - 97DE (0x16 bytes), align: 0
  Segment part 34.            Intra module refs:   oled_rms_current
    -------------------------------------------------------------------------
DATA20_C
  Relative segment, address: 97DF - 97E1 (0x3 bytes), align: 0
  Segment part 35.            Intra module refs:   oled_rms_current
    -------------------------------------------------------------------------
DATA20_C
  Relative segment, address: 97E2 - 97F7 (0x16 bytes), align: 0
  Segment part 36.            Intra module refs:   oled_rms_current
    -------------------------------------------------------------------------
DATA20_C
  Relative segment, address: 97F8 - 980D (0x16 bytes), align: 0
  Segment part 37.            Intra module refs:   oled_rms_current
    -------------------------------------------------------------------------
DATA20_C
  Relative segment, address: 980E - 9818 (0xb bytes), align: 0
  Segment part 38.            Intra module refs:   oled_mains_frequency
    -------------------------------------------------------------------------
DATA20_C
  Relative segment, address: 9819 - 981D (0x5 bytes), align: 0
  Segment part 39.            Intra module refs:   oled_imported_active_energy
                                                   oled_mains_frequency
    -------------------------------------------------------------------------
DATA20_C
  Relative segment, address: 981E - 9821 (0x4 bytes), align: 0
  Segment part 40.            Intra module refs:   oled_mains_frequency
    -------------------------------------------------------------------------
DATA20_C
  Relative segment, address: 9822 - 9826 (0x5 bytes), align: 0
  Segment part 41.            Intra module refs:   oled_imported_active_energy
                                                   oled_mains_frequency
    -------------------------------------------------------------------------
DATA20_C
  Relative segment, address: 9827 - 982B (0x5 bytes), align: 0
  Segment part 42.            Intra module refs:   oled_imported_active_energy
                                                   oled_mains_frequency
    -------------------------------------------------------------------------
DATA20_C
  Relative segment, address: 982C - 982F (0x4 bytes), align: 0
  Segment part 43.            Intra module refs:   oled_imported_active_energy
    -------------------------------------------------------------------------
DATA20_C
  Relative segment, address: 9830 - 983D (0xe bytes), align: 0
  Segment part 44.            Intra module refs:   oled_imported_active_energy
    -------------------------------------------------------------------------
DATA20_C
  Relative segment, address: 983E - 984D (0x10 bytes), align: 0
  Segment part 45.            Intra module refs:   oled_imported_reactive_energy
    -------------------------------------------------------------------------
DATA20_C
  Relative segment, address: 984E - 9856 (0x9 bytes), align: 0
  Segment part 46.            Intra module refs:   oled_imported_reactive_energy
    -------------------------------------------------------------------------
DATA20_C
  Relative segment, address: 9857 - 985E (0x8 bytes), align: 0
  Segment part 47.            Intra module refs:   update_oled
    -------------------------------------------------------------------------
DATA20_C
  Relative segment, address: 985F - 9862 (0x4 bytes), align: 0
  Segment part 48.            Intra module refs:   update_oled

    *************************************************************************

  FILE NAME : C:\Projetos\Ztec\Source\emeter-app\emeter-app-67641\Debug\Obj\emeter-communication.r43
  PROGRAM MODULE, NAME : emeter-communication

  SEGMENTS IN THE MODULE
  ======================
DATA16_AN
  Relative segment, address: 0222 - 0223 (0x2 bytes), align: 0
  Segment part 1. ROOT        Intra module refs:   RS485_sendBuf
                                                   USCI_A0_isr
                                                   active_energy_pulse_end (emeter-main)
                                                   active_energy_pulse_start (emeter-main)
                                                   reactive_energy_pulse_end (emeter-main)
                                                   reactive_energy_pulse_start (emeter-main)
                                                   system_setup (emeter-setup)
           ENTRY                   ADDRESS         REF BY
           =====                   =======         ======
           _A_PBOUT_L              0222 
           LOCAL                   ADDRESS         
           =====                   =======         
           PBOUT                   0222 
           PBOUT_H                 0223 
           PBOUT_L                 0222 
    -------------------------------------------------------------------------
DATA16_AN
  Relative segment, address: 05C0 - 05C1 (0x2 bytes), align: 0
  Segment part 2. ROOT        Intra module refs:   serial_configure
           ENTRY                   ADDRESS         REF BY
           =====                   =======         ======
           _A_UCA0CTLW0_L          05C0 
           LOCAL                   ADDRESS         
           =====                   =======         
           UCA0CTLW0               05C0 
           UCA0CTLW0_H             05C1 
           UCA0CTLW0_L             05C0 
    -------------------------------------------------------------------------
DATA16_AN
  Relative segment, address: 05C2 - 05C3 (0x2 bytes), align: 0
  Segment part 3. ROOT        Intra module refs:   serial_configure
           ENTRY                   ADDRESS         REF BY
           =====                   =======         ======
           _A_UCA0CTLW1_L          05C2 
           LOCAL                   ADDRESS         
           =====                   =======         
           UCA0CTLW1               05C2 
           UCA0CTLW1_H             05C3 
           UCA0CTLW1_L             05C2 
    -------------------------------------------------------------------------
DATA16_AN
  Relative segment, address: 05C6 - 05C7 (0x2 bytes), align: 0
  Segment part 4. ROOT        Intra module refs:   serial_configure
           ENTRY                   ADDRESS         REF BY
           =====                   =======         ======
           _A_UCA0BRW_L            05C6 
           LOCAL                   ADDRESS         
           =====                   =======         
           UCA0BRW                 05C6 
           UCA0BRW_H               05C7 
           UCA0BRW_L               05C6 
    -------------------------------------------------------------------------
DATA16_AN
  Relative segment, address: 05C8 - 05C9 (0x2 bytes), align: 0
  Segment part 5. ROOT        Intra module refs:   serial_configure
           ENTRY                   ADDRESS         REF BY
           =====                   =======         ======
           _A_UCA0MCTLW_L          05C8 
           LOCAL                   ADDRESS         
           =====                   =======         
           UCA0MCTLW               05C8 
           UCA0MCTLW_H             05C9 
           UCA0MCTLW_L             05C8 
    -------------------------------------------------------------------------
DATA16_AN
  Relative segment, address: 05CC - 05CD (0x2 bytes), align: 0
  Segment part 6. ROOT        Intra module refs:   USCI_A0_isr
           ENTRY                   ADDRESS         REF BY
           =====                   =======         ======
           _A_UCA0RXBUF_L          05CC 
           LOCAL                   ADDRESS         
           =====                   =======         
           UCA0RXBUF               05CC 
           UCA0RXBUF_H             05CD 
           UCA0RXBUF_L             05CC 
    -------------------------------------------------------------------------
DATA16_AN
  Relative segment, address: 05CE - 05CF (0x2 bytes), align: 0
  Segment part 7. ROOT        Intra module refs:   serial_configure
                                                   serial_write
           ENTRY                   ADDRESS         REF BY
           =====                   =======         ======
           _A_UCA0TXBUF_L          05CE 
           LOCAL                   ADDRESS         
           =====                   =======         
           UCA0TXBUF               05CE 
           UCA0TXBUF_H             05CF 
           UCA0TXBUF_L             05CE 
    -------------------------------------------------------------------------
DATA16_AN
  Relative segment, address: 05DA - 05DB (0x2 bytes), align: 0
  Segment part 8. ROOT        Intra module refs:   serial_configure
           ENTRY                   ADDRESS         REF BY
           =====                   =======         ======
           _A_UCA0IE_L             05DA 
           LOCAL                   ADDRESS         
           =====                   =======         
           UCA0IE                  05DA 
           UCA0IE_H                05DB 
           UCA0IE_L                05DA 
    -------------------------------------------------------------------------
DATA16_AN
  Relative segment, address: 05DC - 05DD (0x2 bytes), align: 0
  Segment part 9. ROOT        Intra module refs:   RS485_sendBuf
                                                   USCI_A0_isr
                                                   serial_write
           ENTRY                   ADDRESS         REF BY
           =====                   =======         ======
           _A_UCA0IFG_L            05DC 
           LOCAL                   ADDRESS         
           =====                   =======         
           UCA0IFG                 05DC 
           UCA0IFG_H               05DD 
           UCA0IFG_L               05DC 
    -------------------------------------------------------------------------
DATA16_AN
  Relative segment, address: 05DE - 05DF (0x2 bytes), align: 0
  Segment part 10. ROOT       Intra module refs:   USCI_A0_isr
           ENTRY                   ADDRESS         REF BY
           =====                   =======         ======
           UCA0IV                  05DE 
    -------------------------------------------------------------------------
DATA16_AN
  Relative segment, address: 05E0 - 05E1 (0x2 bytes), align: 0
  Segment part 11. ROOT       Intra module refs:   serial_configure
           ENTRY                   ADDRESS         REF BY
           =====                   =======         ======
           _A_UCA1CTLW0_L          05E0 
           LOCAL                   ADDRESS         
           =====                   =======         
           UCA1CTLW0               05E0 
           UCA1CTLW0_H             05E1 
           UCA1CTLW0_L             05E0 
    -------------------------------------------------------------------------
DATA16_AN
  Relative segment, address: 05E2 - 05E3 (0x2 bytes), align: 0
  Segment part 12. ROOT       Intra module refs:   serial_configure
           ENTRY                   ADDRESS         REF BY
           =====                   =======         ======
           _A_UCA1CTLW1_L          05E2 
           LOCAL                   ADDRESS         
           =====                   =======         
           UCA1CTLW1               05E2 
           UCA1CTLW1_H             05E3 
           UCA1CTLW1_L             05E2 
    -------------------------------------------------------------------------
DATA16_AN
  Relative segment, address: 05E6 - 05E7 (0x2 bytes), align: 0
  Segment part 13. ROOT       Intra module refs:   serial_configure
           ENTRY                   ADDRESS         REF BY
           =====                   =======         ======
           _A_UCA1BRW_L            05E6 
           LOCAL                   ADDRESS         
           =====                   =======         
           UCA1BRW                 05E6 
           UCA1BRW_H               05E7 
           UCA1BRW_L               05E6 
    -------------------------------------------------------------------------
DATA16_AN
  Relative segment, address: 05E8 - 05E9 (0x2 bytes), align: 0
  Segment part 14. ROOT       Intra module refs:   serial_configure
           ENTRY                   ADDRESS         REF BY
           =====                   =======         ======
           _A_UCA1MCTLW_L          05E8 
           LOCAL                   ADDRESS         
           =====                   =======         
           UCA1MCTLW               05E8 
           UCA1MCTLW_H             05E9 
           UCA1MCTLW_L             05E8 
    -------------------------------------------------------------------------
DATA16_AN
  Relative segment, address: 05EC - 05ED (0x2 bytes), align: 0
  Segment part 15. ROOT       Intra module refs:   USCI_A1_isr
           ENTRY                   ADDRESS         REF BY
           =====                   =======         ======
           _A_UCA1RXBUF_L          05EC 
           LOCAL                   ADDRESS         
           =====                   =======         
           UCA1RXBUF               05EC 
           UCA1RXBUF_H             05ED 
           UCA1RXBUF_L             05EC 
    -------------------------------------------------------------------------
DATA16_AN
  Relative segment, address: 05EE - 05EF (0x2 bytes), align: 0
  Segment part 16. ROOT       Intra module refs:   serial_configure
                                                   serial_write
           ENTRY                   ADDRESS         REF BY
           =====                   =======         ======
           _A_UCA1TXBUF_L          05EE 
           LOCAL                   ADDRESS         
           =====                   =======         
           UCA1TXBUF               05EE 
           UCA1TXBUF_H             05EF 
           UCA1TXBUF_L             05EE 
    -------------------------------------------------------------------------
DATA16_AN
  Relative segment, address: 05FA - 05FB (0x2 bytes), align: 0
  Segment part 17. ROOT       Intra module refs:   serial_configure
           ENTRY                   ADDRESS         REF BY
           =====                   =======         ======
           _A_UCA1IE_L             05FA 
           LOCAL                   ADDRESS         
           =====                   =======         
           UCA1IE                  05FA 
           UCA1IE_H                05FB 
           UCA1IE_L                05FA 
    -------------------------------------------------------------------------
DATA16_AN
  Relative segment, address: 05FC - 05FD (0x2 bytes), align: 0
  Segment part 18. ROOT       Intra module refs:   USCI_A1_isr
                                                   serial_write
           ENTRY                   ADDRESS         REF BY
           =====                   =======         ======
           _A_UCA1IFG_L            05FC 
           LOCAL                   ADDRESS         
           =====                   =======         
           UCA1IFG                 05FC 
           UCA1IFG_H               05FD 
           UCA1IFG_L               05FC 
    -------------------------------------------------------------------------
DATA16_AN
  Relative segment, address: 05FE - 05FF (0x2 bytes), align: 0
  Segment part 19. ROOT       Intra module refs:   USCI_A1_isr
           ENTRY                   ADDRESS         REF BY
           =====                   =======         ======
           UCA1IV                  05FE 
    -------------------------------------------------------------------------
DATA16_AN
  Relative segment, address: 0600 - 0601 (0x2 bytes), align: 0
  Segment part 20. ROOT       Intra module refs:   IHD430_UART_configure
           ENTRY                   ADDRESS         REF BY
           =====                   =======         ======
           _A_UCA2CTLW0_L          0600 
           LOCAL                   ADDRESS         
           =====                   =======         
           UCA2CTLW0               0600 
           UCA2CTLW0_H             0601 
           UCA2CTLW0_L             0600 
    -------------------------------------------------------------------------
DATA16_AN
  Relative segment, address: 0606 - 0607 (0x2 bytes), align: 0
  Segment part 21. ROOT       Intra module refs:   IHD430_UART_configure
           ENTRY                   ADDRESS         REF BY
           =====                   =======         ======
           _A_UCA2BRW_L            0606 
           LOCAL                   ADDRESS         
           =====                   =======         
           UCA2BRW                 0606 
           UCA2BRW_H               0607 
           UCA2BRW_L               0606 
    -------------------------------------------------------------------------
DATA16_AN
  Relative segment, address: 0608 - 0609 (0x2 bytes), align: 0
  Segment part 22. ROOT       Intra module refs:   IHD430_UART_configure
           ENTRY                   ADDRESS         REF BY
           =====                   =======         ======
           _A_UCA2MCTLW_L          0608 
           LOCAL                   ADDRESS         
           =====                   =======         
           UCA2MCTLW               0608 
           UCA2MCTLW_H             0609 
           UCA2MCTLW_L             0608 
    -------------------------------------------------------------------------
DATA16_AN
  Relative segment, address: 060E - 060F (0x2 bytes), align: 0
  Segment part 23. ROOT       Intra module refs:   send_reading_to_CC2530_for_IHD430
           ENTRY                   ADDRESS         REF BY
           =====                   =======         ======
           _A_UCA2TXBUF_L          060E 
           LOCAL                   ADDRESS         
           =====                   =======         
           UCA2TXBUF               060E 
           UCA2TXBUF_H             060F 
           UCA2TXBUF_L             060E 
    -------------------------------------------------------------------------
DATA16_AN
  Relative segment, address: 061C - 061D (0x2 bytes), align: 0
  Segment part 24. ROOT       Intra module refs:   send_reading_to_CC2530_for_IHD430
           ENTRY                   ADDRESS         REF BY
           =====                   =======         ======
           _A_UCA2IFG_L            061C 
           LOCAL                   ADDRESS         
           =====                   =======         
           UCA2IFG                 061C 
           UCA2IFG_H               061D 
           UCA2IFG_L               061C 
    -------------------------------------------------------------------------
DATA20_Z
  Relative segment, address: 1C14 - 1D77 (0x164 bytes), align: 1
  Segment part 28.            Intra module refs:   ?Subroutine1
                                                   ?Subroutine2
                                                   ?Subroutine3
                                                   ?Subroutine4
                                                   RS485_sendBuf
                                                   USCI_A0_isr
                                                   USCI_A1_isr
                                                   serial_configure
                                                   serial_write
           ENTRY                   ADDRESS         REF BY
           =====                   =======         ======
           ports                   1C14            dlt645_service (emeter-dlt645)
                                                   process_read_inp_reg (emeter-dlt645)
    -------------------------------------------------------------------------
DATA20_C
  Relative segment, address: 9863 - 986A (0x8 bytes), align: 0
  Segment part 29.            Intra module refs:   serial_configure
           LOCAL                   ADDRESS         
           =====                   =======         
           mod_patterns            9863 
    -------------------------------------------------------------------------
<CODE> 1 (was CODE)
  Relative segment, address: 6F76 - 70AF (0x13a bytes), align: 1
  Segment part 32.
           ENTRY                   ADDRESS         REF BY
           =====                   =======         ======
           serial_configure        6F76            system_setup (emeter-setup)
               calls direct
    -------------------------------------------------------------------------
<CODE> 1 (was CODE)
  Relative segment, address: 90E6 - 90F3 (0xe bytes), align: 1
  Segment part 33.            Intra module refs:   serial_configure
           LOCAL                   ADDRESS         
           =====                   =======         
           ?Subroutine0            90E6 
    -------------------------------------------------------------------------
<CODE> 1 (was CODE)
  Relative segment, address: 81A6 - 8201 (0x5c bytes), align: 1
  Segment part 34.            Intra module refs:   RS485_sendBuf
           ENTRY                   ADDRESS         REF BY
           =====                   =======         ======
           serial_write            81A6 
    -------------------------------------------------------------------------
<CODE> 1 (was CODE)
  Relative segment, address: 85FE - 863D (0x40 bytes), align: 1
  Segment part 35.
           ENTRY                   ADDRESS         REF BY
           =====                   =======         ======
           RS485_sendBuf           85FE            dlt645_service (emeter-dlt645)
                                                   process_read_inp_reg (emeter-dlt645)
               calls direct
    -------------------------------------------------------------------------
ISR_CODE
  Relative segment, address: 4030 - 40EF (0xc0 bytes), align: 1
  Segment part 40.            Intra module refs:   USCI_A0_isr::??INTVEC 118
           ENTRY                   ADDRESS         REF BY
           =====                   =======         ======
           USCI_A0_isr             4030 
               interrupt function
    -------------------------------------------------------------------------
ISR_CODE
  Relative segment, address: 40F0 - 40F9 (0xa bytes), align: 1
  Segment part 41.            Intra module refs:   USCI_A0_isr
           LOCAL                   ADDRESS         
           =====                   =======         
           ?Subroutine1            40F0 
    -------------------------------------------------------------------------
ISR_CODE
  Relative segment, address: 40FA - 4107 (0xe bytes), align: 1
  Segment part 42.            Intra module refs:   ?Subroutine1
                                                   USCI_A0_isr
           LOCAL                   ADDRESS         
           =====                   =======         
           ?Subroutine3            40FA 
    -------------------------------------------------------------------------
ISR_CODE
  Relative segment, address: 4108 - 41AB (0xa4 bytes), align: 1
  Segment part 43.            Intra module refs:   USCI_A1_isr::??INTVEC 106
           ENTRY                   ADDRESS         REF BY
           =====                   =======         ======
           USCI_A1_isr             4108 
               interrupt function
    -------------------------------------------------------------------------
ISR_CODE
  Relative segment, address: 41AC - 41B5 (0xa bytes), align: 1
  Segment part 44.            Intra module refs:   USCI_A1_isr
           LOCAL                   ADDRESS         
           =====                   =======         
           ?Subroutine2            41AC 
    -------------------------------------------------------------------------
ISR_CODE
  Relative segment, address: 41B6 - 41C3 (0xe bytes), align: 1
  Segment part 45.            Intra module refs:   ?Subroutine2
                                                   USCI_A1_isr
           LOCAL                   ADDRESS         
           =====                   =======         
           ?Subroutine4            41B6 
    -------------------------------------------------------------------------
<CODE> 1 (was CODE)
  Relative segment, address: 835E - 83AF (0x52 bytes), align: 1
  Segment part 38.
           ENTRY                   ADDRESS         REF BY
           =====                   =======         ======
           send_reading_to_CC2530_for_IHD430
                                   835E            main (emeter-main)
    -------------------------------------------------------------------------
DATA20_I
  Relative segment, address: 1C02 - 1C12 (0x11 bytes), align: 0
  Segment part 30.            Intra module refs:   send_reading_to_CC2530_for_IHD430
           LOCAL                   ADDRESS         
           =====                   =======         
           send_reading_to_CC2530_for_IHD430::RF_Tx
                                   1C02 
    -------------------------------------------------------------------------
<CODE> 1 (was CODE)
  Relative segment, address: 8E44 - 8E5F (0x1c bytes), align: 1
  Segment part 39.
           ENTRY                   ADDRESS         REF BY
           =====                   =======         ======
           IHD430_UART_configure   8E44            system_setup (emeter-setup)
    -------------------------------------------------------------------------
INTVEC
  Common segment, address: FF80 - FFEB (0x6c bytes), align: 1
  Segment part 25. ROOT 
           ENTRY                   ADDRESS         REF BY
           =====                   =======         ======
           USCI_A1_isr::??INTVEC 106
                                   FFEA 
    -------------------------------------------------------------------------
INTVEC
  Common segment, address: FF80 - FFF7 (0x78 bytes), align: 1
  Segment part 26. ROOT 
           ENTRY                   ADDRESS         REF BY
           =====                   =======         ======
           USCI_A0_isr::??INTVEC 118
                                   FFF6 
    -------------------------------------------------------------------------
DATA20_ID
  Relative segment, address: 9ACE - 9ADE (0x11 bytes), align: 0
  Segment part 31.            Intra module refs:   send_reading_to_CC2530_for_IHD430::RF_Tx

    *************************************************************************

  FILE NAME : C:\Projetos\Ztec\Source\emeter-app\emeter-app-67641\Debug\Obj\emeter-dlt645.r43
  PROGRAM MODULE, NAME : emeter-dlt645

  SEGMENTS IN THE MODULE
  ======================
<CODE> 1 (was CODE)
  Relative segment, address: 8A24 - 8A4F (0x2c bytes), align: 1
  Segment part 2.             Intra module refs:   dlt645_service
                                                   process_read_inp_reg
           ENTRY                   ADDRESS         REF BY
           =====                   =======         ======
           CalculateCRC            8A24 
    -------------------------------------------------------------------------
<CODE> 1 (was CODE)
  Relative segment, address: 82B4 - 8303 (0x50 bytes), align: 1
  Segment part 3.             Intra module refs:   process_read_inp_reg
           LOCAL                   ADDRESS         
           =====                   =======         
           get_ptr_from_input_register_addr
                                   82B4 
    -------------------------------------------------------------------------
<CODE> 1 (was CODE)
  Relative segment, address: 8304 - 8309 (0x6 bytes), align: 1
  Segment part 4.             Intra module refs:   get_ptr_from_input_register_addr
           LOCAL                   ADDRESS         
           =====                   =======         
           ?Subroutine0            8304 
    -------------------------------------------------------------------------
<CODE> 1 (was CODE)
  Relative segment, address: 7AD0 - 7B65 (0x96 bytes), align: 1
  Segment part 6.             Intra module refs:   dlt645_service
           ENTRY                   ADDRESS         REF BY
           =====                   =======         ======
           process_read_inp_reg    7AD0 
               calls direct
    -------------------------------------------------------------------------
<CODE> 1 (was CODE)
  Relative segment, address: 71E0 - 730D (0x12e bytes), align: 1
  Segment part 7.
           ENTRY                   ADDRESS         REF BY
           =====                   =======         ======
           dlt645_service          71E0            main (emeter-main)
               calls direct

    *************************************************************************

  FILE NAME : C:\Projetos\Ztec\Source\emeter-app\emeter-app-67641\Debug\Obj\emeter-keypad.r43
    *************************************************************************

  FILE NAME : C:\Projetos\Ztec\Source\emeter-app\emeter-app-67641\Debug\Obj\emeter-lcd.r43
  PROGRAM MODULE, NAME : emeter-lcd

  SEGMENTS IN THE MODULE
  ======================
DATA16_AN
  Relative segment, address: 0A00 - 0A01 (0x2 bytes), align: 0
  Segment part 1. ROOT 
           ENTRY                   ADDRESS         REF BY
           =====                   =======         ======
           _A_LCDCCTL0_L           0A00 
           LOCAL                   ADDRESS         
           =====                   =======         
           LCDCCTL0                0A00 
           LCDCCTL0_H              0A01 
           LCDCCTL0_L              0A00 
    -------------------------------------------------------------------------
DATA16_AN
  Relative segment, address: 0A02 - 0A03 (0x2 bytes), align: 0
  Segment part 2. ROOT 
           ENTRY                   ADDRESS         REF BY
           =====                   =======         ======
           _A_LCDCCTL1_L           0A02 
           LOCAL                   ADDRESS         
           =====                   =======         
           LCDCCTL1                0A02 
           LCDCCTL1_H              0A03 
           LCDCCTL1_L              0A02 
    -------------------------------------------------------------------------
DATA16_AN
  Relative segment, address: 0A04 - 0A05 (0x2 bytes), align: 0
  Segment part 3. ROOT 
           ENTRY                   ADDRESS         REF BY
           =====                   =======         ======
           _A_LCDCBLKCTL_L         0A04 
           LOCAL                   ADDRESS         
           =====                   =======         
           LCDCBLKCTL              0A04 
           LCDCBLKCTL_H            0A05 
           LCDCBLKCTL_L            0A04 
    -------------------------------------------------------------------------
DATA16_AN
  Relative segment, address: 0A06 - 0A07 (0x2 bytes), align: 0
  Segment part 4. ROOT 
           ENTRY                   ADDRESS         REF BY
           =====                   =======         ======
           _A_LCDCMEMCTL_L         0A06 
           LOCAL                   ADDRESS         
           =====                   =======         
           LCDCMEMCTL              0A06 
           LCDCMEMCTL_H            0A07 
           LCDCMEMCTL_L            0A06 
    -------------------------------------------------------------------------
DATA16_AN
  Relative segment, address: 0A08 - 0A09 (0x2 bytes), align: 0
  Segment part 5. ROOT 
           ENTRY                   ADDRESS         REF BY
           =====                   =======         ======
           _A_LCDCVCTL_L           0A08 
           LOCAL                   ADDRESS         
           =====                   =======         
           LCDCVCTL                0A08 
           LCDCVCTL_H              0A09 
           LCDCVCTL_L              0A08 
    -------------------------------------------------------------------------
DATA16_AN
  Relative segment, address: 0A0A - 0A0B (0x2 bytes), align: 0
  Segment part 6. ROOT 
           ENTRY                   ADDRESS         REF BY
           =====                   =======         ======
           _A_LCDCPCTL0_L          0A0A 
           LOCAL                   ADDRESS         
           =====                   =======         
           LCDCPCTL0               0A0A 
           LCDCPCTL0_H             0A0B 
           LCDCPCTL0_L             0A0A 
    -------------------------------------------------------------------------
DATA16_AN
  Relative segment, address: 0A0C - 0A0D (0x2 bytes), align: 0
  Segment part 7. ROOT 
           ENTRY                   ADDRESS         REF BY
           =====                   =======         ======
           _A_LCDCPCTL1_L          0A0C 
           LOCAL                   ADDRESS         
           =====                   =======         
           LCDCPCTL1               0A0C 
           LCDCPCTL1_H             0A0D 
           LCDCPCTL1_L             0A0C 
    -------------------------------------------------------------------------
DATA16_AN
  Relative segment, address: 0A0E - 0A0F (0x2 bytes), align: 0
  Segment part 8. ROOT 
           ENTRY                   ADDRESS         REF BY
           =====                   =======         ======
           _A_LCDCPCTL2_L          0A0E 
           LOCAL                   ADDRESS         
           =====                   =======         
           LCDCPCTL2               0A0E 
           LCDCPCTL2_H             0A0F 
           LCDCPCTL2_L             0A0E 
    -------------------------------------------------------------------------
DATA16_AN
  Relative segment, address: 0A12 - 0A13 (0x2 bytes), align: 0
  Segment part 9. ROOT 
           ENTRY                   ADDRESS         REF BY
           =====                   =======         ======
           _A_LCDCCPCTL_L          0A12 
           LOCAL                   ADDRESS         
           =====                   =======         
           LCDCCPCTL               0A12 
           LCDCCPCTL_H             0A13 
           LCDCCPCTL_L             0A12 
    -------------------------------------------------------------------------
DATA16_AN
  Relative segment, address: 0A20 - 0A20 (0x1 bytes), align: 0
  Segment part 10. ROOT 
           ENTRY                   ADDRESS         REF BY
           =====                   =======         ======
           LCDM1                   0A20 

    *************************************************************************

  FILE NAME : C:\Projetos\Ztec\Source\emeter-app\emeter-app-67641\Debug\Obj\emeter-main.r43
  PROGRAM MODULE, NAME : emeter-main

  SEGMENTS IN THE MODULE
  ======================
DATA16_AN
  Relative segment, address: 0200 - 0201 (0x2 bytes), align: 0
  Segment part 1. ROOT        Intra module refs:   main
           ENTRY                   ADDRESS         REF BY
           =====                   =======         ======
           _A_PAIN_L               0200 
           LOCAL                   ADDRESS         
           =====                   =======         
           PAIN                    0200 
           PAIN_H                  0201 
           PAIN_L                  0200 
    -------------------------------------------------------------------------
DATA16_AN
  Relative segment, address: 0262 - 0263 (0x2 bytes), align: 0
  Segment part 3. ROOT        Intra module refs:   active_energy_pulse_end
                                                   active_energy_pulse_start
                                                   system_setup (emeter-setup)
           ENTRY                   ADDRESS         REF BY
           =====                   =======         ======
           _A_PDOUT_L              0262 
           LOCAL                   ADDRESS         
           =====                   =======         
           PDOUT                   0262 
           PDOUT_H                 0263 
           PDOUT_L                 0262 
    -------------------------------------------------------------------------
DATA16_AN
  Relative segment, address: 015C - 015D (0x2 bytes), align: 0
  Segment part 4. ROOT        Intra module refs:   ISR_trap
                                                   system_setup (emeter-setup)
           ENTRY                   ADDRESS         REF BY
           =====                   =======         ======
           _A_WDTCTL_L             015C 
           LOCAL                   ADDRESS         
           =====                   =======         
           WDTCTL                  015C 
           WDTCTL_H                015D 
           WDTCTL_L                015C 
    -------------------------------------------------------------------------
DATA20_Z
  Relative segment, address: 1D78 - 1D79 (0x2 bytes), align: 1
  Segment part 20.            Intra module refs:   main
           ENTRY                   ADDRESS         REF BY
           =====                   =======         ======
           ModoDisplay             1D78 
    -------------------------------------------------------------------------
DATA20_Z
  Relative segment, address: 1D7A - 1D7D (0x4 bytes), align: 1
  Segment part 21.            Intra module refs:   main
           ENTRY                   ADDRESS         REF BY
           =====                   =======         ======
           Contador4096            1D7A            adc_interrupt (metrology-background)
                                                   dlt645_service (emeter-dlt645)
    -------------------------------------------------------------------------
DATA20_Z
  Relative segment, address: 1D7E - 1D81 (0x4 bytes), align: 1
  Segment part 22.            Intra module refs:   main
           ENTRY                   ADDRESS         REF BY
           =====                   =======         ======
           TempoMapaMemoria        1D7E 
    -------------------------------------------------------------------------
DATA20_Z
  Relative segment, address: 1D82 - 1D85 (0x4 bytes), align: 1
  Segment part 23.            Intra module refs:   main
           ENTRY                   ADDRESS         REF BY
           =====                   =======         ======
           TempoBotao              1D82 
    -------------------------------------------------------------------------
DATA20_Z
  Relative segment, address: 1D86 - 1D89 (0x4 bytes), align: 1
  Segment part 24.            Intra module refs:   Segment part 45
                                                   main
           ENTRY                   ADDRESS         REF BY
           =====                   =======         ======
           TempoDisplayOled        1D86 
    -------------------------------------------------------------------------
DATA20_Z
  Relative segment, address: 1D8A - 1E89 (0x100 bytes), align: 1
  Segment part 25.            Intra module refs:   energy_update
                                                   update_input_registers
           ENTRY                   ADDRESS         REF BY
           =====                   =======         ======
           energy_consumed         1D8A            oled_imported_active_energy (emeter-basic-oled)
                                                   oled_imported_reactive_energy (emeter-basic-oled)
    -------------------------------------------------------------------------
DATA20_Z
  Relative segment, address: 1E8A - 1E8F (0x6 bytes), align: 1
  Segment part 26.            Intra module refs:   sag_swell_event
           ENTRY                   ADDRESS         REF BY
           =====                   =======         ======
           sag_events              1E8A 
    -------------------------------------------------------------------------
DATA20_Z
  Relative segment, address: 1E90 - 1E9B (0xc bytes), align: 1
  Segment part 27.            Intra module refs:   sag_swell_event
           ENTRY                   ADDRESS         REF BY
           =====                   =======         ======
           sag_duration            1E90 
    -------------------------------------------------------------------------
DATA20_Z
  Relative segment, address: 1E9C - 1EA1 (0x6 bytes), align: 1
  Segment part 28.            Intra module refs:   sag_swell_event
           ENTRY                   ADDRESS         REF BY
           =====                   =======         ======
           swell_events            1E9C 
    -------------------------------------------------------------------------
DATA20_Z
  Relative segment, address: 1EA2 - 1EAD (0xc bytes), align: 1
  Segment part 29.            Intra module refs:   sag_swell_event
           ENTRY                   ADDRESS         REF BY
           =====                   =======         ======
           swell_duration          1EA2 
    -------------------------------------------------------------------------
<CODE> 1 (was CODE)
  Relative segment, address: 6014 - 6281 (0x26e bytes), align: 1
  Segment part 34.            Intra module refs:   main
           ENTRY                   ADDRESS         REF BY
           =====                   =======         ======
           update_input_registers
                                   6014 
               calls direct
    -------------------------------------------------------------------------
<CODE> 1 (was CODE)
  Relative segment, address: 9142 - 914D (0xc bytes), align: 1
  Segment part 35.            Intra module refs:   update_input_registers
           LOCAL                   ADDRESS         
           =====                   =======         
           ?Subroutine5            9142 
    -------------------------------------------------------------------------
<CODE> 1 (was CODE)
  Relative segment, address: 91BE - 91C5 (0x8 bytes), align: 1
  Segment part 36.            Intra module refs:   update_input_registers
           LOCAL                   ADDRESS         
           =====                   =======         
           ?Subroutine4            91BE 
    -------------------------------------------------------------------------
<CODE> 1 (was CODE)
  Relative segment, address: 91B6 - 91BD (0x8 bytes), align: 1
  Segment part 37.            Intra module refs:   update_input_registers
           LOCAL                   ADDRESS         
           =====                   =======         
           ?Subroutine3            91B6 
    -------------------------------------------------------------------------
<CODE> 1 (was CODE)
  Relative segment, address: 91AC - 91AF (0x4 bytes), align: 1
  Segment part 38.            Intra module refs:   update_input_registers
           LOCAL                   ADDRESS         
           =====                   =======         
           ?Subroutine2            91AC 
    -------------------------------------------------------------------------
<CODE> 1 (was CODE)
  Relative segment, address: 91B0 - 91B5 (0x6 bytes), align: 1
  Segment part 39.            Intra module refs:   ?Subroutine2
                                                   update_input_registers
    -------------------------------------------------------------------------
<CODE> 1 (was CODE)
  Relative segment, address: 908C - 909D (0x12 bytes), align: 1
  Segment part 40.            Intra module refs:   update_input_registers
           LOCAL                   ADDRESS         
           =====                   =======         
           ?Subroutine1            908C 
    -------------------------------------------------------------------------
<CODE> 1 (was CODE)
[...]
<CODE> 1 (was CODE)
  Relative segment, address: 8E28 - 8E43 (0x1c bytes), align: 1
  Segment part 0.
           ENTRY                   ADDRESS         REF BY
           =====                   =======         ======
           ?Mul16to32sHw           8E28            _LdtobLarge (?xprintflarge)

    -------------------------------------------------------------------------
  LIBRARY MODULE, NAME : ?Mul32Hw32

  SEGMENTS IN THE MODULE
  ======================
<CODE> 1 (was CODE)
  Relative segment, address: 8D0A - 8D2D (0x24 bytes), align: 1
  Segment part 0.
           ENTRY                   ADDRESS         REF BY
           =====                   =======         ======
           ?Mul32Hw32              8D0A            estimate_current_rtc_correction (emeter-rtc-c)

    -------------------------------------------------------------------------
  LIBRARY MODULE, NAME : ?Mul32u32uto64iHw32

  SEGMENTS IN THE MODULE
  ======================
<CODE> 1 (was CODE)
  Relative segment, address: 89CC - 89F7 (0x2c bytes), align: 1
  Segment part 0.
           ENTRY                   ADDRESS         REF BY
           =====                   =======         ======
           ?Mul32u32uto64iHw32     89CC            _Mul32s32sto64i (?mul32s32sto64i)

    -------------------------------------------------------------------------
  LIBRARY MODULE, NAME : ?Mul64Hw32

  SEGMENTS IN THE MODULE
  ======================
<CODE> 1 (was CODE)
  Relative segment, address: 825C - 82B3 (0x58 bytes), align: 1
  Segment part 0.
           ENTRY                   ADDRESS         REF BY
           =====                   =======         ======
           ?Mul64Hw32              825C            ?Subroutine4 (metrology-foreground)
                                                   integrate_power_to_energy (metrology-foreground)
                                                   sag_swell_control (metrology-foreground)

    -------------------------------------------------------------------------
  LIBRARY MODULE, NAME : ?sprintf

  SEGMENTS IN THE MODULE
  ======================
<CODE> 1 (was CODE)
  Relative segment, address: 86FA - 8735 (0x3c bytes), align: 1
  Segment part 2.
           ENTRY                   ADDRESS         REF BY
           =====                   =======         ======
           sprintf                 86FA            Oled_display_valor (emeter-oled)
                                                   oled_date_temp (emeter-basic-oled)
                                                   update_oled (emeter-basic-oled)
               calls direct

    -------------------------------------------------------------------------
  LIBRARY MODULE, NAME : ?strchr

  SEGMENTS IN THE MODULE
  ======================
<CODE> 1 (was CODE)
  Relative segment, address: 90CA - 90D7 (0xe bytes), align: 1
  Segment part 2.
           ENTRY                   ADDRESS         REF BY
           =====                   =======         ======
           __iar_Strchr            90CA            _PrintfLarge (?xprintflarge)

    -------------------------------------------------------------------------
  LIBRARY MODULE, NAME : ?strlen

  SEGMENTS IN THE MODULE
  ======================
<CODE> 1 (was CODE)
  Relative segment, address: 8DB2 - 8DD1 (0x20 bytes), align: 1
  Segment part 2.
           ENTRY                   ADDRESS         REF BY
           =====                   =======         ======
           strlen                  8DB2            Oled_titulo (emeter-oled)
                                                   _PrintfLarge (?xprintflarge)

    -------------------------------------------------------------------------
  LIBRARY MODULE, NAME : ?xdunscal

  SEGMENTS IN THE MODULE
  ======================
<CODE> 1 (was CODE)
  Relative segment, address: 8530 - 8577 (0x48 bytes), align: 1
  Segment part 2.
           ENTRY                   ADDRESS         REF BY
           =====                   =======         ======
           __iar_Dunscale          8530            _LdtobLarge (?xprintflarge)

    -------------------------------------------------------------------------
  LIBRARY MODULE, NAME : ?xprintflarge

  SEGMENTS IN THE MODULE
  ======================
<CODE> 1 (was CODE)
  Relative segment, address: 582C - 5CE1 (0x4b6 bytes), align: 1
  Segment part 23.
           ENTRY                   ADDRESS         REF BY
           =====                   =======         ======
           _PrintfLarge            582C            sprintf (?sprintf)
               calls direct
    -------------------------------------------------------------------------
<CODE> 1 (was CODE)
  Relative segment, address: 90F4 - 9101 (0xe bytes), align: 1
  Segment part 25.            Intra module refs:   _PrintfLarge
    -------------------------------------------------------------------------
<CODE> 1 (was CODE)
  Relative segment, address: 9030 - 9035 (0x6 bytes), align: 1
  Segment part 26.            Intra module refs:   _PrintfLarge
    -------------------------------------------------------------------------
<CODE> 1 (was CODE)
  Relative segment, address: 9036 - 9043 (0xe bytes), align: 1
  Segment part 27.            Intra module refs:   Segment part 26
                                                   _PrintfLarge
    -------------------------------------------------------------------------
<CODE> 1 (was CODE)
  Relative segment, address: 444C - 44CB (0x80 bytes), align: 1
  Segment part 8.             Intra module refs:   _PrintfLarge
           LOCAL                   ADDRESS         
           =====                   =======         
           LoadInt                 444C 
    -------------------------------------------------------------------------
<CODE> 1 (was CODE)
  Relative segment, address: 44CC - 44DD (0x12 bytes), align: 1
  Segment part 9.             Intra module refs:   LoadInt
    -------------------------------------------------------------------------
<CODE> 1 (was CODE)
  Relative segment, address: 44DE - 474B (0x26e bytes), align: 1
  Segment part 10.            Intra module refs:   _LdtobLarge
           LOCAL                   ADDRESS         
           =====                   =======         
           _GenldLarge             44DE 
               calls direct
    -------------------------------------------------------------------------
<CODE> 1 (was CODE)
  Relative segment, address: 474C - 475B (0x10 bytes), align: 1
  Segment part 11.            Intra module refs:   _GenldLarge
    -------------------------------------------------------------------------
<CODE> 1 (was CODE)
  Relative segment, address: 475C - 476B (0x10 bytes), align: 1
  Segment part 12.            Intra module refs:   _GenldLarge
    -------------------------------------------------------------------------
<CODE> 1 (was CODE)
  Relative segment, address: 476C - 4779 (0xe bytes), align: 1
  Segment part 13.            Intra module refs:   _GenldLarge
    -------------------------------------------------------------------------
<CODE> 1 (was CODE)
  Relative segment, address: 477A - 477F (0x6 bytes), align: 1
  Segment part 14.            Intra module refs:   _GenldLarge
    -------------------------------------------------------------------------
<CODE> 1 (was CODE)
  Relative segment, address: 4780 - 478F (0x10 bytes), align: 1
  Segment part 15.            Intra module refs:   Segment part 14
                                                   _GenldLarge
    -------------------------------------------------------------------------
<CODE> 1 (was CODE)
  Relative segment, address: 4790 - 47A1 (0x12 bytes), align: 1
  Segment part 16.            Intra module refs:   _GenldLarge
    -------------------------------------------------------------------------
<CODE> 1 (was CODE)
  Relative segment, address: 47A2 - 47C5 (0x24 bytes), align: 1
  Segment part 17.            Intra module refs:   _GenldLarge
    -------------------------------------------------------------------------
<CODE> 1 (was CODE)
  Relative segment, address: 47C6 - 4807 (0x42 bytes), align: 1
  Segment part 18.            Intra module refs:   _LdtobLarge
           LOCAL                   ADDRESS         
           =====                   =======         
           scale                   47C6 
               calls direct
    -------------------------------------------------------------------------
<CODE> 1 (was CODE)
  Relative segment, address: 4808 - 4A61 (0x25a bytes), align: 1
  Segment part 19.            Intra module refs:   _PrintfLarge
           LOCAL                   ADDRESS         
           =====                   =======         
           _LdtobLarge             4808 
               calls direct
    -------------------------------------------------------------------------
<CODE> 1 (was CODE)
  Relative segment, address: 4A62 - 4C1F (0x1be bytes), align: 1
  Segment part 20.            Intra module refs:   _PrintfLarge
           LOCAL                   ADDRESS         
           =====                   =======         
           _LitobLarge             4A62 
               calls direct
    -------------------------------------------------------------------------
<CODE> 1 (was CODE)
  Relative segment, address: 4C20 - 4C31 (0x12 bytes), align: 1
  Segment part 21.            Intra module refs:   _LitobLarge
    -------------------------------------------------------------------------
<CODE> 1 (was CODE)
  Relative segment, address: 4C32 - 4C3B (0xa bytes), align: 1
  Segment part 22.            Intra module refs:   LoadInt
                                                   _LitobLarge
                                                   _PrintfLarge
    -------------------------------------------------------------------------
<CODE> 1 (was CODE)
  Relative segment, address: 88E2 - 8911 (0x30 bytes), align: 1
  Segment part 32.            Intra module refs:   Segment part 27
           LOCAL                   ADDRESS         
           =====                   =======         
           pad                     88E2 
               calls direct
    -------------------------------------------------------------------------
<CODE> 1 (was CODE)
  Relative segment, address: 8CE6 - 8D09 (0x24 bytes), align: 1
  Segment part 33.            Intra module refs:   _PrintfLarge
                                                   _PutcharsLarge
           LOCAL                   ADDRESS         
           =====                   =======         
           _PutcharLarge           8CE6 
               calls indirect
    -------------------------------------------------------------------------
<CODE> 1 (was CODE)
  Relative segment, address: 8B1E - 8B43 (0x26 bytes), align: 1
  Segment part 34.            Intra module refs:   Segment part 25
                                                   pad
           LOCAL                   ADDRESS         
           =====                   =======         
           _PutcharsLarge          8B1E 
               calls direct
    -------------------------------------------------------------------------
<CODE> 1 (was CODE)
  Relative segment, address: 90AE - 90BB (0xe bytes), align: 1
  Segment part 24.            Intra module refs:   _PrintfLarge
    -------------------------------------------------------------------------
<CODE> 1 (was CODE)
  Relative segment, address: 9044 - 9055 (0x12 bytes), align: 1
  Segment part 28.            Intra module refs:   _PrintfLarge
    -------------------------------------------------------------------------
<CODE> 1 (was CODE)
  Relative segment, address: 8FA4 - 8FB7 (0x14 bytes), align: 1
  Segment part 29.            Intra module refs:   _PrintfLarge
    -------------------------------------------------------------------------
<CODE> 1 (was CODE)
  Relative segment, address: 87E6 - 881D (0x38 bytes), align: 1
  Segment part 30.            Intra module refs:   _PrintfLarge
    -------------------------------------------------------------------------
<CODE> 1 (was CODE)
  Relative segment, address: 9136 - 9141 (0xc bytes), align: 1
  Segment part 31.            Intra module refs:   Segment part 30
    -------------------------------------------------------------------------
DATA20_C
  Relative segment, address: 9AB3 - 9AB9 (0x7 bytes), align: 0
  Segment part 2.             Intra module refs:   _PrintfLarge
    -------------------------------------------------------------------------
DATA20_C
  Relative segment, address: 9ABA - 9ABD (0x4 bytes), align: 0
  Segment part 3.             Intra module refs:   _LdtobLarge
    -------------------------------------------------------------------------
DATA20_C
  Relative segment, address: 9ABE - 9AC1 (0x4 bytes), align: 0
  Segment part 4.             Intra module refs:   _LdtobLarge
    -------------------------------------------------------------------------
DATA20_C
  Relative segment, address: 9AC2 - 9AC5 (0x4 bytes), align: 0
  Segment part 5.             Intra module refs:   _LdtobLarge
    -------------------------------------------------------------------------
DATA20_C
  Relative segment, address: 9AC6 - 9AC9 (0x4 bytes), align: 0
  Segment part 6.             Intra module refs:   _LdtobLarge
    -------------------------------------------------------------------------
DATA20_C
  Relative segment, address: 9ACA - 9ACB (0x2 bytes), align: 0
  Segment part 7.             Intra module refs:   _GenldLarge

    -------------------------------------------------------------------------
  LIBRARY MODULE, NAME : ?xsprout

  SEGMENTS IN THE MODULE
  ======================
<CODE> 1 (was CODE)
  Relative segment, address: 90D8 - 90E5 (0xe bytes), align: 1
  Segment part 2.
           ENTRY                   ADDRESS         REF BY
           =====                   =======         ======
           _SProut                 90D8            sprintf (?sprintf)




                ****************************************
                *                                      *
                *      SEGMENTS IN ADDRESS ORDER       *
                *                                      *
                ****************************************


SEGMENT              SPACE    START ADDRESS   END ADDRESS     SIZE  TYPE  ALIGN
=======              =====    =============   ===========     ====  ====  =====
DATA16_AN                              0102 - 0103               2   rel    0
                                       0120 - 0121               2 
                                       0124 - 0127               4 
                                       012C - 012F               4 
                                       0140 - 0141               2 
                                       0144 - 0145               2 
                                       015C - 015D               2 
                                       0160 - 0165               6 
                                       0168 - 016F               8 
                                       01B0 - 01B1               2 
                                       0200 - 0207               8 
                                       020A - 020B               2 
                                       0222 - 0227               6 
                                       022A - 022B               2 
                                       0242 - 0247               6 
                                       024A - 024B               2 
                                       0262 - 0267               6 
                                       026A - 026B               2 
                                       0282 - 0287               6 
                                       028A - 028B               2 
                                       0322 - 0325               4 
                                       032A - 032B               2 
                                       04A0 - 04A7               8 
                                       04AE - 04B7               A 
                                       04C2 - 04C3               2 
                                       04C8 - 04C9               2 
                                       04D0 - 04D7               8 
                                       04E0 - 04EB               C 
                                       0500 - 0501               2 
                                       050E - 0511               4 
                                       0520 - 052B               C 
                                       0530 - 0531               2 
                                       05C0 - 05C3               4 
                                       05C6 - 05C9               4 
                                       05CC - 05CF               4 
                                       05DA - 05E3               A 
                                       05E6 - 05E9               4 
                                       05EC - 05EF               4 
                                       05FA - 0601               8 
                                       0606 - 0609               4 
                                       060E - 060F               2 
                                       061C - 061D               2 
                                       0640 - 0641               2 
                                       0646 - 0649               4 
                                       064E - 064F               2 
                                       0660 - 0661               2 
                                       066A - 066D               4 
                                       0740 - 0745               6 
                                       074A - 074B               2 
                                       0752 - 0753               2 
                                       075A - 075D               4 
                                       0800 - 0805               6 
                                       0808 - 080D               6 
                                       0810 - 0827              18 
                                       0850 - 085B               C 
                                       09E0 - 09E1               2 
                                       09E4 - 09E5               2 
                                       09F4 - 09F7               4 
                                       09FC - 0A0F              14 
                                       0A12 - 0A13               2 
                                       0A20 - 0A20               1 
INFO                                   1800 - 187F              80   rel    1
CODE_I                                    1C00                       rel    1
DATA20_I                               1C00 - 1C12              13   rel    1
DATA20_Z                               1C14 - 2436             823   rel    1
DATA20_N                                  2438                       rel    1
CSTACK                                 3B6A - 3BFF              96   rel    1
CSTART                                 4000 - 402F              30   rel    1
ISR_CODE                               4030 - 444B             41C   rel    1
<CODE> 1                               444C - 91DD            4D92   rel    1
DATA20_C                               91DE - 9ACB             8EE   rel    1
DATA20_ID                              9ACC - 9ADE              13   rel    1
CODE_ID                                   9AE0                       rel    1
INTVEC                                 FF80 - FFFD              7E   com    1
RESET                                  FFFE - FFFF               2   rel    1

                ****************************************
                *                                      *
                *        END OF CROSS REFERENCE        *
                *                                      *
                ****************************************

 21 086 bytes of CODE  memory
  2 252 bytes of DATA  memory (+ 297 absolute )
  2 433 bytes of CONST memory

Errors: none
Warnings: none

