################################################################################
#                                                                              #
#      IAR Universal Linker V6.5.1.95                                          #
#                                                                              #
#           Link time     =  06/May/2024  10:24:14                             #
#           Target CPU    =  MSP430                                            #
#           List file     =  C:\Projetos\Ztec\Source\emeter-app\emeter-app-676 #
#                            41\Debug\List\emeter-app-67641.map                #
#           Output file 1 =  C:\Projetos\Ztec\Source\emeter-app\emeter-app-676 #
#                            41\Debug\Exe\emeter-app-67641.d43                 #
#                            Format: ubrof10                                   #
#                            UBROF version 10.0.6                              #
#                            Using library modules for C-SPY (-rt)             #
#           Command line  =  -f C:\Users\liwka\AppData\Local\Temp\EWBEE5.tmp   #
#                            (C:\Projetos\Ztec\Source\emeter-app\emeter-app-67 #
#                            641\Debug\Obj\emeter-basic-display.r43            #
#                            C:\Projetos\Ztec\Source\emeter-app\emeter-app-676 #
#                            41\Debug\Obj\emeter-basic-oled.r43                #
#                            C:\Projetos\Ztec\Source\emeter-app\emeter-app-676 #
#                            41\Debug\Obj\emeter-communication.r43             #
#                            C:\Projetos\Ztec\Source\emeter-app\emeter-app-676 #
#                            41\Debug\Obj\emeter-dlt645.r43                    #
#                            C:\Projetos\Ztec\Source\emeter-app\emeter-app-676 #
#                            41\Debug\Obj\emeter-keypad.r43                    #
#                            C:\Projetos\Ztec\Source\emeter-app\emeter-app-676 #
#                            41\Debug\Obj\emeter-lcd.r43                       #
#                            C:\Projetos\Ztec\Source\emeter-app\emeter-app-676 #
#                            41\Debug\Obj\emeter-main.r43                      #
#                            C:\Projetos\Ztec\Source\emeter-metrology\emeter-m #
#                            etrology-67641\Debug\Exe\emeter-metrology-67641.r #
#                            43                                                #
#                            C:\Projetos\Ztec\Source\emeter-app\emeter-app-676 #
#                            41\Debug\Obj\emeter-multirate.r43                 #
#                            C:\Projetos\Ztec\Source\emeter-app\emeter-app-676 #
#                            41\Debug\Obj\emeter-oled.r43                      #
#                            C:\Projetos\Ztec\Source\emeter-app\emeter-app-676 #
#                            41\Debug\Obj\emeter-rtc-c.r43                     #
#                            C:\Projetos\Ztec\Source\emeter-app\emeter-app-676 #
#                            41\Debug\Obj\emeter-setup.r43                     #
#                            -o                                                #
#                            C:\Projetos\Ztec\Source\emeter-app\emeter-app-676 #
#                            41\Debug\Exe\emeter-app-67641.d43                 #
#                            -l                                                #
#                            C:\Projetos\Ztec\Source\emeter-app\emeter-app-676 #
#                            41\Debug\List\emeter-app-67641.map                #
#                            -xms                                              #
#                            "-IC:\Program Files (x86)\IAR Systems\Embedded Wo #
#                            rkbench 8.0\430\LIB\"                             #
#                            -f                                                #
#                            "C:\Program Files (x86)\IAR Systems\Embedded Work #
#                            bench 8.0\430\config\linker\lnk430f67641a.xcl"    #
#                            (-cmsp430 -QCODE_I=CODE_ID -QTLS16_I=TLS16_ID     #
#                            -D__iar_HWMUL=4C0 -Z(CONST)INFO=1800-19FF         #
#                            -Z(CONST)INFOA=1980-19FF                          #
#                            -Z(CONST)INFOB=1900-197F                          #
#                            -Z(CONST)INFOC=1880-18FF                          #
#                            -Z(CONST)INFOD=1800-187F                          #
#                            -Z(DATA)DATA16_I,DATA16_Z,DATA16_N,TLS16_I=1C00-3 #
#                            BFF                                               #
#                            -Z(DATA)DATA16_HEAP+_DATA16_HEAP_SIZE             #
#                            -Z(DATA)CODE_I                                    #
#                            -Z(DATA)DATA20_I,DATA20_Z,DATA20_N,DATA20_HEAP+_D #
#                            ATA20_HEAP_SIZE                                   #
#                            -Z(DATA)CSTACK+_STACK_SIZE#                       #
#                            -Z(CONST)DATA16_C,DATA16_ID,TLS16_ID,DIFUNCT,CHEC #
#                            KSUM=4000-FF7F                                    #
#                            -Z(CODE)CSTART,ISR_CODE,CODE16=4000-FF7F          #
#                            -P(CODE)CODE=4000-FF7F,10000-23FFF                #
#                            -Z(CONST)DATA20_C,DATA20_ID,CODE_ID=4000-FF7F,100 #
#                            40-23FFF                                          #
#                            -Z(CODE)INTVEC=FF80-FFFF                          #
#                            -Z(CODE)RESET=FFFE-FFFF) -f                       #
#                            "C:\Program Files (x86)\IAR Systems\Embedded Work #
#                            bench 8.0\430\config\linker\multiplier32.xcl"     #
#                            (-e?Mul8Hw=?Mul8 -e?Mul16Hw=?Mul16                #
#                            -e?Mul16to32uHw=?Mul16to32u                       #
#                            -e?Mul16to32sHw=?Mul16to32s -e?Mul32Hw32=?Mul32   #
#                            -e?Mul64Hw32=_Mul64i                              #
#                            -e?Mul32u32uto64iHw32=_Mul32u32uto64i             #
#                            -e?Mul32fHw32=_Mul32f                             #
#                            -e_Mul64fHw32Ptr=_Mul64fPtr) -D_STACK_SIZE=96     #
#                            -rt                                               #
#                            "C:\Program Files (x86)\IAR Systems\Embedded Work #
#                            bench 8.0\430\lib\dlib\dl430xllfn.r43"            #
#                            -e_PrintfLarge=_Printf -e_ScanfLarge=_Scanf       #
#                            -D_DATA16_HEAP_SIZE=50 -s __program_start         #
#                            -D_DATA20_HEAP_SIZE=50)                           #
#                                                                              #
#                           Copyright (C) 1987-2016 IAR Systems AB.            #
################################################################################





                ****************************************
                *                                      *
                *           CROSS REFERENCE            *
                *                                      *
                ****************************************

       Program entry at :           4000  Relocatable, from module : ?cstart




                ****************************************
                *                                      *
                *            RUNTIME MODEL             *
                *                                      *
                ****************************************

  __Heap_Handler             = Basic
  __SystemLibrary            = DLib
  __code_model               = large
  __core                     = 430X
  __data_model               = large
  __dlib_file_descriptor     = 0
  __dlib_full_locale_support = 0
  __double_size              = 32
  __pic                      = no
  __reg_r4                   = free
  __reg_r5                   = free
  __rt_version               = 3

                ****************************************
                *                                      *
                *    AUTOMATIC SYMBOL REDIRECTIONS     *
                *                                      *
                ****************************************

                  There are no automatic symbol redirections.



                ****************************************
                *                                      *
                *              MODULE MAP              *
                *                                      *
                ****************************************


  DEFINED ABSOLUTE ENTRIES
    *************************************************************************

  DEFINED ABSOLUTE ENTRIES
  PROGRAM MODULE, NAME : ?ABS_ENTRY_MOD

Absolute parts
           ENTRY                   ADDRESS         REF BY
           =====                   =======         ======
           _DATA20_HEAP_SIZE       0050 
           _DATA16_HEAP_SIZE       0050 
           _STACK_SIZE             0096 
           __iar_HWMUL             04C0            ?Mul16to32sHw (?Mul16to32sHw)
                                                   ?Mul32Hw32 (?Mul32Hw32)
                                                   ?Mul32fHw32 (?Mul32fHw32)
                                                   ?Mul32u32uto64iHw32 (?Mul32u32uto64iHw32)
                                                   ?Mul64Hw32 (?Mul64Hw32)
                                                   Segment part 1 (?Mul8Hw)
                                                   calculate_phase_readings (metrology-foreground)
                                                   div48 (div48)
                                                   estimate_current_rtc_correction (emeter-rtc-c)
                                                   evaluate_power_factor (metrology-foreground)
                                                   evaluate_reactive_power (metrology-foreground)
                                                   integrate_power_to_energy (metrology-foreground)
                                                   main (emeter-main)
    *************************************************************************

  FILE NAME : C:\Projetos\Ztec\Source\emeter-app\emeter-app-67641\Debug\Obj\emeter-basic-display.r43
    *************************************************************************

  FILE NAME : C:\Projetos\Ztec\Source\emeter-app\emeter-app-67641\Debug\Obj\emeter-basic-oled.r43
  PROGRAM MODULE, NAME : emeter-basic-oled

  SEGMENTS IN THE MODULE
  ======================
<CODE> 1 (was CODE)
  Relative segment, address: 856A - 85A5 (0x3c bytes), align: 1
  Segment part 51.
           ENTRY                   ADDRESS         REF BY
           =====                   =======         ======
           OLED_display_startup_message
                                   856A            system_setup (emeter-setup)
               calls direct
    -------------------------------------------------------------------------
<CODE> 1 (was CODE)
  Relative segment, address: 7ABE - 7B4D (0x90 bytes), align: 1
  Segment part 52.            Intra module refs:   update_oled
           LOCAL                   ADDRESS         
           =====                   =======         
           oled_date_temp          7ABE 
               calls direct
    -------------------------------------------------------------------------
<CODE> 1 (was CODE)
  Relative segment, address: 798C - 7991 (0x6 bytes), align: 1
  Segment part 76.            Intra module refs:   oled_rms_current
                                                   oled_rms_voltage
           LOCAL                   ADDRESS         
           =====                   =======         
           ?Subroutine7            798C 
    -------------------------------------------------------------------------
<CODE> 1 (was CODE)
  Relative segment, address: 7992 - 799B (0xa bytes), align: 1
  Segment part 77.            Intra module refs:   ?Subroutine1
                                                   ?Subroutine6
                                                   ?Subroutine7
           LOCAL                   ADDRESS         
           =====                   =======         
           ?Subroutine23           7992 
    -------------------------------------------------------------------------
<CODE> 1 (was CODE)
  Relative segment, address: 799C - 799F (0x4 bytes), align: 1
  Segment part 78.            Intra module refs:   oled_rms_current
                                                   oled_rms_voltage
           LOCAL                   ADDRESS         
           =====                   =======         
           ?Subroutine6            799C 
    -------------------------------------------------------------------------
<CODE> 1 (was CODE)
  Relative segment, address: 79A0 - 79A5 (0x6 bytes), align: 1
  Segment part 79.            Intra module refs:   ?Subroutine4
                                                   ?Subroutine6
           LOCAL                   ADDRESS         
           =====                   =======         
           ?Subroutine26           79A0 
    -------------------------------------------------------------------------
<CODE> 1 (was CODE)
  Relative segment, address: 79A6 - 79FF (0x5a bytes), align: 1
  Segment part 80.            Intra module refs:   update_oled
           LOCAL                   ADDRESS         
           =====                   =======         
           oled_mains_frequency    79A6 
               calls direct
    -------------------------------------------------------------------------
<CODE> 1 (was CODE)
  Relative segment, address: 7A00 - 7A09 (0xa bytes), align: 1
  Segment part 81.            Intra module refs:   oled_date_temp
                                                   oled_mains_frequency
           LOCAL                   ADDRESS         
           =====                   =======         
           ?Subroutine8            7A00 
    -------------------------------------------------------------------------
<CODE> 1 (was CODE)
  Relative segment, address: 7A0A - 7A0D (0x4 bytes), align: 1
  Segment part 82.            Intra module refs:   oled_mains_frequency
                                                   oled_power_factor
           LOCAL                   ADDRESS         
           =====                   =======         
           ?Subroutine5            7A0A 
    -------------------------------------------------------------------------
<CODE> 1 (was CODE)
  Relative segment, address: 7A0E - 7A11 (0x4 bytes), align: 1
  Segment part 83.            Intra module refs:   ?Subroutine5
                                                   ?Subroutine7
           LOCAL                   ADDRESS         
           =====                   =======         
           ?Subroutine21           7A0E 
    -------------------------------------------------------------------------
<CODE> 1 (was CODE)
  Relative segment, address: 7A12 - 7A17 (0x6 bytes), align: 1
  Segment part 84.            Intra module refs:   ?Subroutine21
                                                   ?Subroutine26
                                                   Segment part 69
                                                   oled_mains_frequency
    -------------------------------------------------------------------------
<CODE> 1 (was CODE)
  Relative segment, address: 7A18 - 7A23 (0xc bytes), align: 1
  Segment part 85.            Intra module refs:   ?Subroutine4
                                                   ?Subroutine5
                                                   ?Subroutine8
                                                   oled_power_factor
           LOCAL                   ADDRESS         
           =====                   =======         
           ?Subroutine20           7A18 
    -------------------------------------------------------------------------
<CODE> 1 (was CODE)
  Relative segment, address: 7A24 - 7A2B (0x8 bytes), align: 1
  Segment part 86.            Intra module refs:   oled_mains_frequency
                                                   oled_power_factor
           LOCAL                   ADDRESS         
           =====                   =======         
           ?Subroutine4            7A24 
    -------------------------------------------------------------------------
<CODE> 1 (was CODE)
  Relative segment, address: 66D8 - 66E5 (0xe bytes), align: 1
  Segment part 53.            Intra module refs:   update_oled
           LOCAL                   ADDRESS         
           =====                   =======         
           oled_active_power       66D8 
               calls direct
    -------------------------------------------------------------------------
<CODE> 1 (was CODE)
  Relative segment, address: 66E6 - 6789 (0xa4 bytes), align: 1
  Segment part 54.            Intra module refs:   oled_active_power
                                                   oled_apparent_power
           LOCAL                   ADDRESS         
           =====                   =======         
           ?Subroutine0            66E6 
    -------------------------------------------------------------------------
<CODE> 1 (was CODE)
  Relative segment, address: 678A - 683B (0xb2 bytes), align: 1
  Segment part 55.            Intra module refs:   update_oled
           LOCAL                   ADDRESS         
           =====                   =======         
           oled_reactive_power     678A 
               calls direct
    -------------------------------------------------------------------------
<CODE> 1 (was CODE)
  Relative segment, address: 683C - 684D (0x12 bytes), align: 1
  Segment part 56.            Intra module refs:   ?Subroutine0
                                                   oled_reactive_power
           LOCAL                   ADDRESS         
           =====                   =======         
           ?Subroutine16           683C 
    -------------------------------------------------------------------------
<CODE> 1 (was CODE)
  Relative segment, address: 684E - 6855 (0x8 bytes), align: 1
  Segment part 57.            Intra module refs:   ?Subroutine0
                                                   oled_reactive_power
           LOCAL                   ADDRESS         
           =====                   =======         
           ?Subroutine15           684E 
    -------------------------------------------------------------------------
<CODE> 1 (was CODE)
  Relative segment, address: 6856 - 685B (0x6 bytes), align: 1
  Segment part 58.            Intra module refs:   ?Subroutine10
                                                   ?Subroutine12
                                                   ?Subroutine15
           LOCAL                   ADDRESS         
           =====                   =======         
           ?Subroutine24           6856 
    -------------------------------------------------------------------------
<CODE> 1 (was CODE)
  Relative segment, address: 685C - 6865 (0xa bytes), align: 1
  Segment part 59.            Intra module refs:   ?Subroutine0
                                                   oled_reactive_power
           LOCAL                   ADDRESS         
           =====                   =======         
           ?Subroutine14           685C 
    -------------------------------------------------------------------------
<CODE> 1 (was CODE)
  Relative segment, address: 6866 - 6871 (0xc bytes), align: 1
  Segment part 60.            Intra module refs:   ?Subroutine0
                                                   oled_reactive_power
           LOCAL                   ADDRESS         
           =====                   =======         
           ?Subroutine12           6866 
    -------------------------------------------------------------------------
<CODE> 1 (was CODE)
  Relative segment, address: 6872 - 687D (0xc bytes), align: 1
  Segment part 61.            Intra module refs:   ?Subroutine0
                                                   oled_reactive_power
           LOCAL                   ADDRESS         
           =====                   =======         
           ?Subroutine10           6872 
    -------------------------------------------------------------------------
<CODE> 1 (was CODE)
  Relative segment, address: 687E - 688F (0x12 bytes), align: 1
  Segment part 62.            Intra module refs:   update_oled
           LOCAL                   ADDRESS         
           =====                   =======         
           oled_apparent_power     687E 
               calls direct
    -------------------------------------------------------------------------
<CODE> 1 (was CODE)
  Relative segment, address: 6A3E - 6A97 (0x5a bytes), align: 1
  Segment part 63.            Intra module refs:   update_oled
           LOCAL                   ADDRESS         
           =====                   =======         
           oled_power_factor       6A3E 
               calls direct
    -------------------------------------------------------------------------
<CODE> 1 (was CODE)
  Relative segment, address: 6A98 - 6AAB (0x14 bytes), align: 1
  Segment part 64.            Intra module refs:   oled_power_factor
           LOCAL                   ADDRESS         
           =====                   =======         
           ?Subroutine17           6A98 
    -------------------------------------------------------------------------
<CODE> 1 (was CODE)
  Relative segment, address: 6AAC - 6B1D (0x72 bytes), align: 1
  Segment part 65.            Intra module refs:   update_oled
           LOCAL                   ADDRESS         
           =====                   =======         
           oled_rms_voltage        6AAC 
               calls direct
    -------------------------------------------------------------------------
<CODE> 1 (was CODE)
  Relative segment, address: 6B1E - 6B2F (0x12 bytes), align: 1
  Segment part 66.            Intra module refs:   oled_rms_voltage
           LOCAL                   ADDRESS         
           =====                   =======         
           ?Subroutine18           6B1E 
    -------------------------------------------------------------------------
<CODE> 1 (was CODE)
  Relative segment, address: 6B30 - 6B39 (0xa bytes), align: 1
  Segment part 67.            Intra module refs:   oled_rms_current
                                                   oled_rms_voltage
           LOCAL                   ADDRESS         
           =====                   =======         
           ?Subroutine3            6B30 
    -------------------------------------------------------------------------
<CODE> 1 (was CODE)
  Relative segment, address: 6B3A - 6B47 (0xe bytes), align: 1
  Segment part 68.            Intra module refs:   oled_rms_current
                                                   oled_rms_voltage
           LOCAL                   ADDRESS         
           =====                   =======         
           ?Subroutine1            6B3A 
    -------------------------------------------------------------------------
<CODE> 1 (was CODE)
  Relative segment, address: 6B48 - 6B55 (0xe bytes), align: 1
  Segment part 69.            Intra module refs:   ?Subroutine1
                                                   oled_power_factor
    -------------------------------------------------------------------------
<CODE> 1 (was CODE)
  Relative segment, address: 6B56 - 6BC9 (0x74 bytes), align: 1
  Segment part 70.            Intra module refs:   update_oled
           LOCAL                   ADDRESS         
           =====                   =======         
           oled_rms_current        6B56 
               calls direct
    -------------------------------------------------------------------------
<CODE> 1 (was CODE)
  Relative segment, address: 6BCA - 6BD9 (0x10 bytes), align: 1
  Segment part 71.            Intra module refs:   oled_rms_current
           LOCAL                   ADDRESS         
           =====                   =======         
           ?Subroutine19           6BCA 
    -------------------------------------------------------------------------
<CODE> 1 (was CODE)
  Relative segment, address: 6BDA - 6BE7 (0xe bytes), align: 1
  Segment part 72.            Intra module refs:   ?Subroutine18
                                                   ?Subroutine19
           LOCAL                   ADDRESS         
           =====                   =======         
           ?Subroutine22           6BDA 
    -------------------------------------------------------------------------
<CODE> 1 (was CODE)
  Relative segment, address: 8E56 - 8E59 (0x4 bytes), align: 1
  Segment part 73.            Intra module refs:   oled_rms_current
                                                   oled_rms_voltage
           LOCAL                   ADDRESS         
           =====                   =======         
           ?Subroutine11           8E56 
    -------------------------------------------------------------------------
<CODE> 1 (was CODE)
  Relative segment, address: 8E5A - 8E5F (0x6 bytes), align: 1
  Segment part 74.            Intra module refs:   ?Subroutine11
                                                   ?Subroutine9
           LOCAL                   ADDRESS         
           =====                   =======         
           ?Subroutine25           8E5A 
    -------------------------------------------------------------------------
<CODE> 1 (was CODE)
  Relative segment, address: 8E60 - 8E67 (0x8 bytes), align: 1
  Segment part 75.            Intra module refs:   oled_rms_current
                                                   oled_rms_voltage
           LOCAL                   ADDRESS         
           =====                   =======         
           ?Subroutine9            8E60 
    -------------------------------------------------------------------------
<CODE> 1 (was CODE)
  Relative segment, address: 6E9E - 6F19 (0x7c bytes), align: 1
  Segment part 87.            Intra module refs:   update_oled
           LOCAL                   ADDRESS         
           =====                   =======         
           oled_imported_active_energy
                                   6E9E 
               calls direct
    -------------------------------------------------------------------------
<CODE> 1 (was CODE)
  Relative segment, address: 6F1A - 6F29 (0x10 bytes), align: 1
  Segment part 88.            Intra module refs:   oled_imported_active_energy
                                                   oled_imported_reactive_energy
           LOCAL                   ADDRESS         
           =====                   =======         
           ?Subroutine2            6F1A 
    -------------------------------------------------------------------------
<CODE> 1 (was CODE)
  Relative segment, address: 6F2A - 6FD9 (0xb0 bytes), align: 1
  Segment part 89.            Intra module refs:   update_oled
           LOCAL                   ADDRESS         
           =====                   =======         
           oled_imported_reactive_energy
                                   6F2A 
               calls direct
    -------------------------------------------------------------------------
<CODE> 1 (was CODE)
  Relative segment, address: 8E9C - 8EA9 (0xe bytes), align: 1
  Segment part 90.            Intra module refs:   oled_imported_active_energy
                                                   oled_imported_reactive_energy
           LOCAL                   ADDRESS         
           =====                   =======         
           ?Subroutine13           8E9C 
    -------------------------------------------------------------------------
DATA20_I
  Relative segment, address: 1C00 - 1C01 (0x2 bytes), align: 1
  Segment part 49.            Intra module refs:   update_oled
           ENTRY                   ADDRESS         REF BY
           =====                   =======         ======
           oled_step               1C00 
    -------------------------------------------------------------------------
<CODE> 1 (was CODE)
  Relative segment, address: 76C0 - 7781 (0xc2 bytes), align: 1
  Segment part 92.
           ENTRY                   ADDRESS         REF BY
           =====                   =======         ======
           update_oled             76C0            ?Subroutine6 (emeter-main)
               calls direct
    -------------------------------------------------------------------------
DATA20_ID
  Relative segment, address: 98A6 - 98A7 (0x2 bytes), align: 1
  Segment part 50.            Intra module refs:   oled_step
    -------------------------------------------------------------------------
DATA20_C
  Relative segment, address: 9426 - 942B (0x6 bytes), align: 0
  Segment part 2.             Intra module refs:   OLED_display_startup_message
    -------------------------------------------------------------------------
DATA20_C
  Relative segment, address: 942C - 943E (0x13 bytes), align: 0
  Segment part 3.             Intra module refs:   OLED_display_startup_message
    -------------------------------------------------------------------------
DATA20_C
  Relative segment, address: 943F - 944F (0x11 bytes), align: 0
  Segment part 4.             Intra module refs:   OLED_display_startup_message
    -------------------------------------------------------------------------
DATA20_C
  Relative segment, address: 9450 - 945F (0x10 bytes), align: 0
  Segment part 5.             Intra module refs:   OLED_display_startup_message
    -------------------------------------------------------------------------
DATA20_C
  Relative segment, address: 9460 - 9467 (0x8 bytes), align: 0
  Segment part 6.             Intra module refs:   oled_date_temp
    -------------------------------------------------------------------------
DATA20_C
  Relative segment, address: 9468 - 9478 (0x11 bytes), align: 0
  Segment part 7.             Intra module refs:   oled_date_temp
    -------------------------------------------------------------------------
DATA20_C
  Relative segment, address: 9479 - 9487 (0xf bytes), align: 0
  Segment part 8.             Intra module refs:   oled_date_temp
    -------------------------------------------------------------------------
DATA20_C
  Relative segment, address: 9488 - 9488 (0x1 bytes), align: 0
  Segment part 9.             Intra module refs:   oled_date_temp
    -------------------------------------------------------------------------
DATA20_C
  Relative segment, address: 9489 - 9497 (0xf bytes), align: 0
  Segment part 10.            Intra module refs:   oled_date_temp
    -------------------------------------------------------------------------
DATA20_C
  Relative segment, address: 9498 - 94A4 (0xd bytes), align: 0
  Segment part 11.            Intra module refs:   oled_active_power
    -------------------------------------------------------------------------
DATA20_C
  Relative segment, address: 94A5 - 94A7 (0x3 bytes), align: 0
  Segment part 12.            Intra module refs:   ?Subroutine16
                                                   oled_imported_reactive_energy
    -------------------------------------------------------------------------
DATA20_C
  Relative segment, address: 94A8 - 94AF (0x8 bytes), align: 0
  Segment part 13.            Intra module refs:   ?Subroutine0
                                                   oled_imported_active_energy
                                                   oled_reactive_power
    -------------------------------------------------------------------------
DATA20_C
  Relative segment, address: 94B0 - 94C9 (0x1a bytes), align: 0
  Segment part 14.            Intra module refs:   ?Subroutine10
    -------------------------------------------------------------------------
DATA20_C
  Relative segment, address: 94CA - 94CF (0x6 bytes), align: 0
  Segment part 15.            Intra module refs:   ?Subroutine0
                                                   oled_imported_reactive_energy
                                                   oled_reactive_power
    -------------------------------------------------------------------------
DATA20_C
  Relative segment, address: 94D0 - 94E9 (0x1a bytes), align: 0
  Segment part 16.            Intra module refs:   ?Subroutine15
    -------------------------------------------------------------------------
DATA20_C
  Relative segment, address: 94EA - 94EF (0x6 bytes), align: 0
  Segment part 17.            Intra module refs:   ?Subroutine0
                                                   oled_imported_reactive_energy
                                                   oled_reactive_power
    -------------------------------------------------------------------------
DATA20_C
  Relative segment, address: 94F0 - 9509 (0x1a bytes), align: 0
  Segment part 18.            Intra module refs:   ?Subroutine12
    -------------------------------------------------------------------------
DATA20_C
  Relative segment, address: 950A - 950F (0x6 bytes), align: 0
  Segment part 19.            Intra module refs:   ?Subroutine0
                                                   oled_imported_reactive_energy
                                                   oled_reactive_power
    -------------------------------------------------------------------------
DATA20_C
  Relative segment, address: 9510 - 951F (0x10 bytes), align: 0
  Segment part 20.            Intra module refs:   oled_reactive_power
    -------------------------------------------------------------------------
DATA20_C
  Relative segment, address: 9520 - 952E (0xf bytes), align: 0
  Segment part 21.            Intra module refs:   oled_apparent_power
    -------------------------------------------------------------------------
DATA20_C
  Relative segment, address: 952F - 953B (0xd bytes), align: 0
  Segment part 22.            Intra module refs:   oled_power_factor
    -------------------------------------------------------------------------
DATA20_C
  Relative segment, address: 953C - 953E (0x3 bytes), align: 0
  Segment part 23.            Intra module refs:   ?Subroutine17
    -------------------------------------------------------------------------
DATA20_C
  Relative segment, address: 953F - 9541 (0x3 bytes), align: 0
  Segment part 24.            Intra module refs:   ?Subroutine17
    -------------------------------------------------------------------------
DATA20_C
  Relative segment, address: 9542 - 9545 (0x4 bytes), align: 0
  Segment part 25.            Intra module refs:   oled_power_factor
                                                   oled_rms_current
                                                   oled_rms_voltage
    -------------------------------------------------------------------------
DATA20_C
  Relative segment, address: 9546 - 9549 (0x4 bytes), align: 0
  Segment part 26.            Intra module refs:   oled_power_factor
                                                   oled_rms_current
                                                   oled_rms_voltage
    -------------------------------------------------------------------------
DATA20_C
  Relative segment, address: 954A - 954D (0x4 bytes), align: 0
  Segment part 27.            Intra module refs:   ?Subroutine1
                                                   oled_power_factor
    -------------------------------------------------------------------------
DATA20_C
  Relative segment, address: 954E - 9557 (0xa bytes), align: 0
  Segment part 28.            Intra module refs:   oled_rms_voltage
    -------------------------------------------------------------------------
DATA20_C
  Relative segment, address: 9558 - 956D (0x16 bytes), align: 0
  Segment part 29.            Intra module refs:   oled_rms_voltage
    -------------------------------------------------------------------------
DATA20_C
  Relative segment, address: 956E - 9570 (0x3 bytes), align: 0
  Segment part 30.            Intra module refs:   oled_rms_voltage
    -------------------------------------------------------------------------
DATA20_C
  Relative segment, address: 9571 - 9586 (0x16 bytes), align: 0
  Segment part 31.            Intra module refs:   oled_rms_voltage
    -------------------------------------------------------------------------
DATA20_C
  Relative segment, address: 9587 - 959C (0x16 bytes), align: 0
  Segment part 32.            Intra module refs:   oled_rms_voltage
    -------------------------------------------------------------------------
DATA20_C
  Relative segment, address: 959D - 95A2 (0x6 bytes), align: 0
  Segment part 33.            Intra module refs:   oled_rms_current
    -------------------------------------------------------------------------
DATA20_C
  Relative segment, address: 95A3 - 95B8 (0x16 bytes), align: 0
  Segment part 34.            Intra module refs:   oled_rms_current
    -------------------------------------------------------------------------
DATA20_C
  Relative segment, address: 95B9 - 95BB (0x3 bytes), align: 0
  Segment part 35.            Intra module refs:   oled_rms_current
    -------------------------------------------------------------------------
DATA20_C
  Relative segment, address: 95BC - 95D1 (0x16 bytes), align: 0
  Segment part 36.            Intra module refs:   oled_rms_current
    -------------------------------------------------------------------------
DATA20_C
  Relative segment, address: 95D2 - 95E7 (0x16 bytes), align: 0
  Segment part 37.            Intra module refs:   oled_rms_current
    -------------------------------------------------------------------------
DATA20_C
  Relative segment, address: 95E8 - 95F2 (0xb bytes), align: 0
  Segment part 38.            Intra module refs:   oled_mains_frequency
    -------------------------------------------------------------------------
DATA20_C
  Relative segment, address: 95F3 - 95F7 (0x5 bytes), align: 0
  Segment part 39.            Intra module refs:   oled_imported_active_energy
                                                   oled_mains_frequency
    -------------------------------------------------------------------------
DATA20_C
  Relative segment, address: 95F8 - 95FB (0x4 bytes), align: 0
  Segment part 40.            Intra module refs:   oled_mains_frequency
    -------------------------------------------------------------------------
DATA20_C
  Relative segment, address: 95FC - 9600 (0x5 bytes), align: 0
  Segment part 41.            Intra module refs:   oled_imported_active_energy
                                                   oled_mains_frequency
    -------------------------------------------------------------------------
DATA20_C
  Relative segment, address: 9601 - 9605 (0x5 bytes), align: 0
  Segment part 42.            Intra module refs:   oled_imported_active_energy
                                                   oled_mains_frequency
    -------------------------------------------------------------------------
DATA20_C
  Relative segment, address: 9606 - 9609 (0x4 bytes), align: 0
  Segment part 43.            Intra module refs:   oled_imported_active_energy
    -------------------------------------------------------------------------
DATA20_C
  Relative segment, address: 960A - 9617 (0xe bytes), align: 0
  Segment part 44.            Intra module refs:   oled_imported_active_energy
    -------------------------------------------------------------------------
DATA20_C
  Relative segment, address: 9618 - 9627 (0x10 bytes), align: 0
  Segment part 45.            Intra module refs:   oled_imported_reactive_energy
    -------------------------------------------------------------------------
DATA20_C
  Relative segment, address: 9628 - 9630 (0x9 bytes), align: 0
  Segment part 46.            Intra module refs:   oled_imported_reactive_energy
    -------------------------------------------------------------------------
DATA20_C
  Relative segment, address: 9631 - 9638 (0x8 bytes), align: 0
  Segment part 47.            Intra module refs:   update_oled
    -------------------------------------------------------------------------
DATA20_C
  Relative segment, address: 9639 - 963C (0x4 bytes), align: 0
  Segment part 48.            Intra module refs:   update_oled

    *************************************************************************

  FILE NAME : C:\Projetos\Ztec\Source\emeter-app\emeter-app-67641\Debug\Obj\emeter-communication.r43
  PROGRAM MODULE, NAME : emeter-communication

  SEGMENTS IN THE MODULE
  ======================
DATA16_AN
  Relative segment, address: 0222 - 0223 (0x2 bytes), align: 0
  Segment part 1. ROOT        Intra module refs:   RS485_sendBuf
                                                   USCI_A0_isr
                                                   active_energy_pulse_end (emeter-main)
                                                   active_energy_pulse_start (emeter-main)
                                                   reactive_energy_pulse_end (emeter-main)
                                                   reactive_energy_pulse_start (emeter-main)
                                                   system_setup (emeter-setup)
           ENTRY                   ADDRESS         REF BY
           =====                   =======         ======
           _A_PBOUT_L              0222 
           LOCAL                   ADDRESS         
           =====                   =======         
           PBOUT                   0222 
           PBOUT_H                 0223 
           PBOUT_L                 0222 
    -------------------------------------------------------------------------
DATA16_AN
  Relative segment, address: 05C0 - 05C1 (0x2 bytes), align: 0
  Segment part 2. ROOT        Intra module refs:   serial_configure
           ENTRY                   ADDRESS         REF BY
           =====                   =======         ======
           _A_UCA0CTLW0_L          05C0 
           LOCAL                   ADDRESS         
           =====                   =======         
           UCA0CTLW0               05C0 
           UCA0CTLW0_H             05C1 
           UCA0CTLW0_L             05C0 
    -------------------------------------------------------------------------
DATA16_AN
  Relative segment, address: 05C2 - 05C3 (0x2 bytes), align: 0
  Segment part 3. ROOT        Intra module refs:   serial_configure
           ENTRY                   ADDRESS         REF BY
           =====                   =======         ======
           _A_UCA0CTLW1_L          05C2 
           LOCAL                   ADDRESS         
           =====                   =======         
           UCA0CTLW1               05C2 
           UCA0CTLW1_H             05C3 
           UCA0CTLW1_L             05C2 
    -------------------------------------------------------------------------
DATA16_AN
  Relative segment, address: 05C6 - 05C7 (0x2 bytes), align: 0
  Segment part 4. ROOT        Intra module refs:   serial_configure
           ENTRY                   ADDRESS         REF BY
           =====                   =======         ======
           _A_UCA0BRW_L            05C6 
           LOCAL                   ADDRESS         
           =====                   =======         
           UCA0BRW                 05C6 
           UCA0BRW_H               05C7 
           UCA0BRW_L               05C6 
    -------------------------------------------------------------------------
DATA16_AN
  Relative segment, address: 05C8 - 05C9 (0x2 bytes), align: 0
  Segment part 5. ROOT        Intra module refs:   serial_configure
           ENTRY                   ADDRESS         REF BY
           =====                   =======         ======
           _A_UCA0MCTLW_L          05C8 
           LOCAL                   ADDRESS         
           =====                   =======         
           UCA0MCTLW               05C8 
           UCA0MCTLW_H             05C9 
           UCA0MCTLW_L             05C8 
    -------------------------------------------------------------------------
DATA16_AN
  Relative segment, address: 05CC - 05CD (0x2 bytes), align: 0
  Segment part 6. ROOT        Intra module refs:   USCI_A0_isr
           ENTRY                   ADDRESS         REF BY
           =====                   =======         ======
           _A_UCA0RXBUF_L          05CC 
           LOCAL                   ADDRESS         
           =====                   =======         
           UCA0RXBUF               05CC 
           UCA0RXBUF_H             05CD 
           UCA0RXBUF_L             05CC 
    -------------------------------------------------------------------------
DATA16_AN
  Relative segment, address: 05CE - 05CF (0x2 bytes), align: 0
  Segment part 7. ROOT        Intra module refs:   serial_configure
                                                   serial_write
           ENTRY                   ADDRESS         REF BY
           =====                   =======         ======
           _A_UCA0TXBUF_L          05CE 
           LOCAL                   ADDRESS         
           =====                   =======         
           UCA0TXBUF               05CE 
           UCA0TXBUF_H             05CF 
           UCA0TXBUF_L             05CE 
    -------------------------------------------------------------------------
DATA16_AN
  Relative segment, address: 05DA - 05DB (0x2 bytes), align: 0
  Segment part 8. ROOT        Intra module refs:   serial_configure
           ENTRY                   ADDRESS         REF BY
           =====                   =======         ======
           _A_UCA0IE_L             05DA 
           LOCAL                   ADDRESS         
           =====                   =======         
           UCA0IE                  05DA 
           UCA0IE_H                05DB 
           UCA0IE_L                05DA 
    -------------------------------------------------------------------------
DATA16_AN
  Relative segment, address: 05DC - 05DD (0x2 bytes), align: 0
  Segment part 9. ROOT        Intra module refs:   RS485_sendBuf
                                                   USCI_A0_isr
                                                   serial_write
           ENTRY                   ADDRESS         REF BY
           =====                   =======         ======
           _A_UCA0IFG_L            05DC 
           LOCAL                   ADDRESS         
           =====                   =======         
           UCA0IFG                 05DC 
           UCA0IFG_H               05DD 
           UCA0IFG_L               05DC 
    -------------------------------------------------------------------------
DATA16_AN
  Relative segment, address: 05DE - 05DF (0x2 bytes), align: 0
  Segment part 10. ROOT       Intra module refs:   USCI_A0_isr
           ENTRY                   ADDRESS         REF BY
           =====                   =======         ======
           UCA0IV                  05DE 
    -------------------------------------------------------------------------
DATA16_AN
  Relative segment, address: 05E0 - 05E1 (0x2 bytes), align: 0
  Segment part 11. ROOT       Intra module refs:   serial_configure
           ENTRY                   ADDRESS         REF BY
           =====                   =======         ======
           _A_UCA1CTLW0_L          05E0 
           LOCAL                   ADDRESS         
           =====                   =======         
           UCA1CTLW0               05E0 
           UCA1CTLW0_H             05E1 
           UCA1CTLW0_L             05E0 
    -------------------------------------------------------------------------
DATA16_AN
  Relative segment, address: 05E2 - 05E3 (0x2 bytes), align: 0
  Segment part 12. ROOT       Intra module refs:   serial_configure
           ENTRY                   ADDRESS         REF BY
           =====                   =======         ======
           _A_UCA1CTLW1_L          05E2 
           LOCAL                   ADDRESS         
           =====                   =======         
           UCA1CTLW1               05E2 
           UCA1CTLW1_H             05E3 
           UCA1CTLW1_L             05E2 
    -------------------------------------------------------------------------
DATA16_AN
  Relative segment, address: 05E6 - 05E7 (0x2 bytes), align: 0
  Segment part 13. ROOT       Intra module refs:   serial_configure
           ENTRY                   ADDRESS         REF BY
           =====                   =======         ======
           _A_UCA1BRW_L            05E6 
           LOCAL                   ADDRESS         
           =====                   =======         
           UCA1BRW                 05E6 
           UCA1BRW_H               05E7 
           UCA1BRW_L               05E6 
    -------------------------------------------------------------------------
DATA16_AN
  Relative segment, address: 05E8 - 05E9 (0x2 bytes), align: 0
  Segment part 14. ROOT       Intra module refs:   serial_configure
           ENTRY                   ADDRESS         REF BY
           =====                   =======         ======
           _A_UCA1MCTLW_L          05E8 
           LOCAL                   ADDRESS         
           =====                   =======         
           UCA1MCTLW               05E8 
           UCA1MCTLW_H             05E9 
           UCA1MCTLW_L             05E8 
    -------------------------------------------------------------------------
DATA16_AN
  Relative segment, address: 05EC - 05ED (0x2 bytes), align: 0
  Segment part 15. ROOT       Intra module refs:   USCI_A1_isr
           ENTRY                   ADDRESS         REF BY
           =====                   =======         ======
           _A_UCA1RXBUF_L          05EC 
           LOCAL                   ADDRESS         
           =====                   =======         
           UCA1RXBUF               05EC 
           UCA1RXBUF_H             05ED 
           UCA1RXBUF_L             05EC 
    -------------------------------------------------------------------------
DATA16_AN
  Relative segment, address: 05EE - 05EF (0x2 bytes), align: 0
  Segment part 16. ROOT       Intra module refs:   serial_configure
                                                   serial_write
           ENTRY                   ADDRESS         REF BY
           =====                   =======         ======
           _A_UCA1TXBUF_L          05EE 
           LOCAL                   ADDRESS         
           =====                   =======         
           UCA1TXBUF               05EE 
           UCA1TXBUF_H             05EF 
           UCA1TXBUF_L             05EE 
    -------------------------------------------------------------------------
DATA16_AN
  Relative segment, address: 05FA - 05FB (0x2 bytes), align: 0
  Segment part 17. ROOT       Intra module refs:   serial_configure
           ENTRY                   ADDRESS         REF BY
           =====                   =======         ======
           _A_UCA1IE_L             05FA 
           LOCAL                   ADDRESS         
           =====                   =======         
           UCA1IE                  05FA 
           UCA1IE_H                05FB 
           UCA1IE_L                05FA 
    -------------------------------------------------------------------------
DATA16_AN
  Relative segment, address: 05FC - 05FD (0x2 bytes), align: 0
  Segment part 18. ROOT       Intra module refs:   USCI_A1_isr
                                                   serial_write
           ENTRY                   ADDRESS         REF BY
           =====                   =======         ======
           _A_UCA1IFG_L            05FC 
           LOCAL                   ADDRESS         
           =====                   =======         
           UCA1IFG                 05FC 
           UCA1IFG_H               05FD 
           UCA1IFG_L               05FC 
    -------------------------------------------------------------------------
DATA16_AN
  Relative segment, address: 05FE - 05FF (0x2 bytes), align: 0
  Segment part 19. ROOT       Intra module refs:   USCI_A1_isr
           ENTRY                   ADDRESS         REF BY
           =====                   =======         ======
           UCA1IV                  05FE 
    -------------------------------------------------------------------------
DATA16_AN
  Relative segment, address: 0600 - 0601 (0x2 bytes), align: 0
  Segment part 20. ROOT       Intra module refs:   IHD430_UART_configure
           ENTRY                   ADDRESS         REF BY
           =====                   =======         ======
           _A_UCA2CTLW0_L          0600 
           LOCAL                   ADDRESS         
           =====                   =======         
           UCA2CTLW0               0600 
           UCA2CTLW0_H             0601 
           UCA2CTLW0_L             0600 
    -------------------------------------------------------------------------
DATA16_AN
  Relative segment, address: 0606 - 0607 (0x2 bytes), align: 0
  Segment part 21. ROOT       Intra module refs:   IHD430_UART_configure
           ENTRY                   ADDRESS         REF BY
           =====                   =======         ======
           _A_UCA2BRW_L            0606 
           LOCAL                   ADDRESS         
           =====                   =======         
           UCA2BRW                 0606 
           UCA2BRW_H               0607 
           UCA2BRW_L               0606 
    -------------------------------------------------------------------------
DATA16_AN
  Relative segment, address: 0608 - 0609 (0x2 bytes), align: 0
  Segment part 22. ROOT       Intra module refs:   IHD430_UART_configure
           ENTRY                   ADDRESS         REF BY
           =====                   =======         ======
           _A_UCA2MCTLW_L          0608 
           LOCAL                   ADDRESS         
           =====                   =======         
           UCA2MCTLW               0608 
           UCA2MCTLW_H             0609 
           UCA2MCTLW_L             0608 
    -------------------------------------------------------------------------
DATA16_AN
  Relative segment, address: 060E - 060F (0x2 bytes), align: 0
  Segment part 23. ROOT       Intra module refs:   send_reading_to_CC2530_for_IHD430
           ENTRY                   ADDRESS         REF BY
           =====                   =======         ======
           _A_UCA2TXBUF_L          060E 
           LOCAL                   ADDRESS         
           =====                   =======         
           UCA2TXBUF               060E 
           UCA2TXBUF_H             060F 
           UCA2TXBUF_L             060E 
    -------------------------------------------------------------------------
DATA16_AN
  Relative segment, address: 061C - 061D (0x2 bytes), align: 0
  Segment part 24. ROOT       Intra module refs:   send_reading_to_CC2530_for_IHD430
           ENTRY                   ADDRESS         REF BY
           =====                   =======         ======
           _A_UCA2IFG_L            061C 
           LOCAL                   ADDRESS         
           =====                   =======         
           UCA2IFG                 061C 
           UCA2IFG_H               061D 
           UCA2IFG_L               061C 
    -------------------------------------------------------------------------
DATA20_Z
  Relative segment, address: 1C14 - 1D77 (0x164 bytes), align: 1
  Segment part 28.            Intra module refs:   ?Subroutine1
                                                   ?Subroutine2
                                                   ?Subroutine3
                                                   ?Subroutine4
                                                   RS485_sendBuf
                                                   USCI_A0_isr
                                                   USCI_A1_isr
                                                   serial_configure
                                                   serial_write
           ENTRY                   ADDRESS         REF BY
           =====                   =======         ======
           ports                   1C14            dlt645_service (emeter-dlt645)
                                                   process_read_inp_reg (emeter-dlt645)
    -------------------------------------------------------------------------
DATA20_C
  Relative segment, address: 963D - 9644 (0x8 bytes), align: 0
  Segment part 29.            Intra module refs:   serial_configure
           LOCAL                   ADDRESS         
           =====                   =======         
           mod_patterns            963D 
    -------------------------------------------------------------------------
<CODE> 1 (was CODE)
  Relative segment, address: 6FDA - 7113 (0x13a bytes), align: 1
  Segment part 32.
           ENTRY                   ADDRESS         REF BY
           =====                   =======         ======
           serial_configure        6FDA            system_setup (emeter-setup)
               calls direct
    -------------------------------------------------------------------------
<CODE> 1 (was CODE)
  Relative segment, address: 8EAA - 8EB7 (0xe bytes), align: 1
  Segment part 33.            Intra module refs:   serial_configure
           LOCAL                   ADDRESS         
           =====                   =======         
           ?Subroutine0            8EAA 
    -------------------------------------------------------------------------
<CODE> 1 (was CODE)
  Relative segment, address: 8068 - 80C3 (0x5c bytes), align: 1
  Segment part 34.            Intra module refs:   RS485_sendBuf
           ENTRY                   ADDRESS         REF BY
           =====                   =======         ======
           serial_write            8068 
    -------------------------------------------------------------------------
<CODE> 1 (was CODE)
  Relative segment, address: 846E - 84AD (0x40 bytes), align: 1
  Segment part 35.
           ENTRY                   ADDRESS         REF BY
           =====                   =======         ======
           RS485_sendBuf           846E            process_read_inp_reg (emeter-dlt645)
               calls direct
    -------------------------------------------------------------------------
ISR_CODE
  Relative segment, address: 4030 - 40EF (0xc0 bytes), align: 1
  Segment part 40.            Intra module refs:   USCI_A0_isr::??INTVEC 118
           ENTRY                   ADDRESS         REF BY
           =====                   =======         ======
           USCI_A0_isr             4030 
               interrupt function
    -------------------------------------------------------------------------
ISR_CODE
  Relative segment, address: 40F0 - 40F9 (0xa bytes), align: 1
  Segment part 41.            Intra module refs:   USCI_A0_isr
           LOCAL                   ADDRESS         
           =====                   =======         
           ?Subroutine1            40F0 
    -------------------------------------------------------------------------
ISR_CODE
  Relative segment, address: 40FA - 4107 (0xe bytes), align: 1
  Segment part 42.            Intra module refs:   ?Subroutine1
                                                   USCI_A0_isr
           LOCAL                   ADDRESS         
           =====                   =======         
           ?Subroutine3            40FA 
    -------------------------------------------------------------------------
ISR_CODE
  Relative segment, address: 4108 - 41AB (0xa4 bytes), align: 1
  Segment part 43.            Intra module refs:   USCI_A1_isr::??INTVEC 106
           ENTRY                   ADDRESS         REF BY
           =====                   =======         ======
           USCI_A1_isr             4108 
               interrupt function
    -------------------------------------------------------------------------
ISR_CODE
  Relative segment, address: 41AC - 41B5 (0xa bytes), align: 1
  Segment part 44.            Intra module refs:   USCI_A1_isr
           LOCAL                   ADDRESS         
           =====                   =======         
           ?Subroutine2            41AC 
    -------------------------------------------------------------------------
ISR_CODE
  Relative segment, address: 41B6 - 41C3 (0xe bytes), align: 1
  Segment part 45.            Intra module refs:   ?Subroutine2
                                                   USCI_A1_isr
           LOCAL                   ADDRESS         
           =====                   =======         
           ?Subroutine4            41B6 
    -------------------------------------------------------------------------
<CODE> 1 (was CODE)
  Relative segment, address: 81CA - 821B (0x52 bytes), align: 1
  Segment part 38.
           ENTRY                   ADDRESS         REF BY
           =====                   =======         ======
           send_reading_to_CC2530_for_IHD430
                                   81CA            main (emeter-main)
    -------------------------------------------------------------------------
DATA20_I
  Relative segment, address: 1C02 - 1C12 (0x11 bytes), align: 0
  Segment part 30.            Intra module refs:   send_reading_to_CC2530_for_IHD430
           LOCAL                   ADDRESS         
           =====                   =======         
           send_reading_to_CC2530_for_IHD430::RF_Tx
                                   1C02 
    -------------------------------------------------------------------------
<CODE> 1 (was CODE)
  Relative segment, address: 8C20 - 8C3B (0x1c bytes), align: 1
  Segment part 39.
           ENTRY                   ADDRESS         REF BY
           =====                   =======         ======
           IHD430_UART_configure   8C20            system_setup (emeter-setup)
    -------------------------------------------------------------------------
INTVEC
  Common segment, address: FF80 - FFEB (0x6c bytes), align: 1
  Segment part 25. ROOT 
           ENTRY                   ADDRESS         REF BY
           =====                   =======         ======
           USCI_A1_isr::??INTVEC 106
                                   FFEA 
    -------------------------------------------------------------------------
INTVEC
  Common segment, address: FF80 - FFF7 (0x78 bytes), align: 1
  Segment part 26. ROOT 
           ENTRY                   ADDRESS         REF BY
           =====                   =======         ======
           USCI_A0_isr::??INTVEC 118
                                   FFF6 
    -------------------------------------------------------------------------
DATA20_ID
  Relative segment, address: 98A8 - 98B8 (0x11 bytes), align: 0
  Segment part 31.            Intra module refs:   send_reading_to_CC2530_for_IHD430::RF_Tx

    *************************************************************************

  FILE NAME : C:\Projetos\Ztec\Source\emeter-app\emeter-app-67641\Debug\Obj\emeter-dlt645.r43
  PROGRAM MODULE, NAME : emeter-dlt645

  SEGMENTS IN THE MODULE
  ======================
<CODE> 1 (was CODE)
  Relative segment, address: 8864 - 888F (0x2c bytes), align: 1
  Segment part 2.             Intra module refs:   dlt645_service
                                                   process_read_inp_reg
           ENTRY                   ADDRESS         REF BY
           =====                   =======         ======
           CalculateCRC            8864 
    -------------------------------------------------------------------------
<CODE> 1 (was CODE)
  Relative segment, address: 826E - 82B5 (0x48 bytes), align: 1
  Segment part 3.             Intra module refs:   process_read_inp_reg
           LOCAL                   ADDRESS         
           =====                   =======         
           reg_to_ptr              826E 
    -------------------------------------------------------------------------
<CODE> 1 (was CODE)
  Relative segment, address: 82B6 - 82BB (0x6 bytes), align: 1
  Segment part 4.             Intra module refs:   reg_to_ptr
           LOCAL                   ADDRESS         
           =====                   =======         
           ?Subroutine0            82B6 
    -------------------------------------------------------------------------
<CODE> 1 (was CODE)
  Relative segment, address: 7B4E - 7BDB (0x8e bytes), align: 1
  Segment part 5.             Intra module refs:   dlt645_service
           LOCAL                   ADDRESS         
           =====                   =======         
           process_read_inp_reg    7B4E 
               calls direct
    -------------------------------------------------------------------------
<CODE> 1 (was CODE)
  Relative segment, address: 735A - 744D (0xf4 bytes), align: 1
  Segment part 6.
           ENTRY                   ADDRESS         REF BY
           =====                   =======         ======
           dlt645_service          735A            main (emeter-main)
               calls direct

    *************************************************************************

  FILE NAME : C:\Projetos\Ztec\Source\emeter-app\emeter-app-67641\Debug\Obj\emeter-keypad.r43
    *************************************************************************

  FILE NAME : C:\Projetos\Ztec\Source\emeter-app\emeter-app-67641\Debug\Obj\emeter-lcd.r43
  PROGRAM MODULE, NAME : emeter-lcd

  SEGMENTS IN THE MODULE
  ======================
DATA16_AN
  Relative segment, address: 0A00 - 0A01 (0x2 bytes), align: 0
  Segment part 1. ROOT 
           ENTRY                   ADDRESS         REF BY
           =====                   =======         ======
           _A_LCDCCTL0_L           0A00 
           LOCAL                   ADDRESS         
           =====                   =======         
           LCDCCTL0                0A00 
           LCDCCTL0_H              0A01 
           LCDCCTL0_L              0A00 
    -------------------------------------------------------------------------
DATA16_AN
  Relative segment, address: 0A02 - 0A03 (0x2 bytes), align: 0
  Segment part 2. ROOT 
           ENTRY                   ADDRESS         REF BY
           =====                   =======         ======
           _A_LCDCCTL1_L           0A02 
           LOCAL                   ADDRESS         
           =====                   =======         
           LCDCCTL1                0A02 
           LCDCCTL1_H              0A03 
           LCDCCTL1_L              0A02 
    -------------------------------------------------------------------------
DATA16_AN
  Relative segment, address: 0A04 - 0A05 (0x2 bytes), align: 0
  Segment part 3. ROOT 
           ENTRY                   ADDRESS         REF BY
           =====                   =======         ======
           _A_LCDCBLKCTL_L         0A04 
           LOCAL                   ADDRESS         
           =====                   =======         
           LCDCBLKCTL              0A04 
           LCDCBLKCTL_H            0A05 
           LCDCBLKCTL_L            0A04 
    -------------------------------------------------------------------------
DATA16_AN
  Relative segment, address: 0A06 - 0A07 (0x2 bytes), align: 0
  Segment part 4. ROOT 
           ENTRY                   ADDRESS         REF BY
           =====                   =======         ======
           _A_LCDCMEMCTL_L         0A06 
           LOCAL                   ADDRESS         
           =====                   =======         
           LCDCMEMCTL              0A06 
           LCDCMEMCTL_H            0A07 
           LCDCMEMCTL_L            0A06 
    -------------------------------------------------------------------------
DATA16_AN
  Relative segment, address: 0A08 - 0A09 (0x2 bytes), align: 0
  Segment part 5. ROOT 
           ENTRY                   ADDRESS         REF BY
           =====                   =======         ======
           _A_LCDCVCTL_L           0A08 
           LOCAL                   ADDRESS         
           =====                   =======         
           LCDCVCTL                0A08 
           LCDCVCTL_H              0A09 
           LCDCVCTL_L              0A08 
    -------------------------------------------------------------------------
DATA16_AN
  Relative segment, address: 0A0A - 0A0B (0x2 bytes), align: 0
  Segment part 6. ROOT 
           ENTRY                   ADDRESS         REF BY
           =====                   =======         ======
           _A_LCDCPCTL0_L          0A0A 
           LOCAL                   ADDRESS         
           =====                   =======         
           LCDCPCTL0               0A0A 
           LCDCPCTL0_H             0A0B 
           LCDCPCTL0_L             0A0A 
    -------------------------------------------------------------------------
DATA16_AN
  Relative segment, address: 0A0C - 0A0D (0x2 bytes), align: 0
  Segment part 7. ROOT 
           ENTRY                   ADDRESS         REF BY
           =====                   =======         ======
           _A_LCDCPCTL1_L          0A0C 
           LOCAL                   ADDRESS         
           =====                   =======         
           LCDCPCTL1               0A0C 
           LCDCPCTL1_H             0A0D 
           LCDCPCTL1_L             0A0C 
    -------------------------------------------------------------------------
DATA16_AN
  Relative segment, address: 0A0E - 0A0F (0x2 bytes), align: 0
  Segment part 8. ROOT 
           ENTRY                   ADDRESS         REF BY
           =====                   =======         ======
           _A_LCDCPCTL2_L          0A0E 
           LOCAL                   ADDRESS         
           =====                   =======         
           LCDCPCTL2               0A0E 
           LCDCPCTL2_H             0A0F 
           LCDCPCTL2_L             0A0E 
    -------------------------------------------------------------------------
DATA16_AN
  Relative segment, address: 0A12 - 0A13 (0x2 bytes), align: 0
  Segment part 9. ROOT 
           ENTRY                   ADDRESS         REF BY
           =====                   =======         ======
           _A_LCDCCPCTL_L          0A12 
           LOCAL                   ADDRESS         
           =====                   =======         
           LCDCCPCTL               0A12 
           LCDCCPCTL_H             0A13 
           LCDCCPCTL_L             0A12 
    -------------------------------------------------------------------------
DATA16_AN
  Relative segment, address: 0A20 - 0A20 (0x1 bytes), align: 0
  Segment part 10. ROOT 
           ENTRY                   ADDRESS         REF BY
           =====                   =======         ======
           LCDM1                   0A20 

    *************************************************************************

  FILE NAME : C:\Projetos\Ztec\Source\emeter-app\emeter-app-67641\Debug\Obj\emeter-main.r43
  PROGRAM MODULE, NAME : emeter-main

  SEGMENTS IN THE MODULE
  ======================
DATA16_AN
  Relative segment, address: 0200 - 0201 (0x2 bytes), align: 0
  Segment part 1. ROOT        Intra module refs:   main
           ENTRY                   ADDRESS         REF BY
           =====                   =======         ======
           _A_PAIN_L               0200 
           LOCAL                   ADDRESS         
           =====                   =======         
           PAIN                    0200 
           PAIN_H                  0201 
           PAIN_L                  0200 
    -------------------------------------------------------------------------
DATA16_AN
  Relative segment, address: 0262 - 0263 (0x2 bytes), align: 0
  Segment part 3. ROOT        Intra module refs:   active_energy_pulse_end
                                                   active_energy_pulse_start
                                                   main
                                                   system_setup (emeter-setup)
           ENTRY                   ADDRESS         REF BY
           =====                   =======         ======
           _A_PDOUT_L              0262 
           LOCAL                   ADDRESS         
           =====                   =======         
           PDOUT                   0262 
           PDOUT_H                 0263 
           PDOUT_L                 0262 
    -------------------------------------------------------------------------
DATA16_AN
  Relative segment, address: 015C - 015D (0x2 bytes), align: 0
  Segment part 4. ROOT        Intra module refs:   ISR_trap
                                                   system_setup (emeter-setup)
           ENTRY                   ADDRESS         REF BY
           =====                   =======         ======
           _A_WDTCTL_L             015C 
           LOCAL                   ADDRESS         
           =====                   =======         
           WDTCTL                  015C 
           WDTCTL_H                015D 
           WDTCTL_L                015C 
    -------------------------------------------------------------------------
DATA20_Z
  Relative segment, address: 1D78 - 1D79 (0x2 bytes), align: 1
  Segment part 20.            Intra module refs:   main
           ENTRY                   ADDRESS         REF BY
           =====                   =======         ======
           ModoDisplay             1D78 
    -------------------------------------------------------------------------
DATA20_Z
  Relative segment, address: 1D7A - 1D7D (0x4 bytes), align: 1
  Segment part 21.            Intra module refs:   main
           ENTRY                   ADDRESS         REF BY
           =====                   =======         ======
           Contador4096            1D7A            adc_interrupt (metrology-background)
                                                   dlt645_service (emeter-dlt645)
    -------------------------------------------------------------------------
DATA20_Z
  Relative segment, address: 1D7E - 1D81 (0x4 bytes), align: 1
  Segment part 22.            Intra module refs:   main
           ENTRY                   ADDRESS         REF BY
           =====                   =======         ======
           TempoMapaMemoria        1D7E 
    -------------------------------------------------------------------------
DATA20_Z
  Relative segment, address: 1D82 - 1D85 (0x4 bytes), align: 1
  Segment part 23.            Intra module refs:   main
           ENTRY                   ADDRESS         REF BY
           =====                   =======         ======
           TempoBotao              1D82 
    -------------------------------------------------------------------------
DATA20_Z
  Relative segment, address: 1D86 - 1D89 (0x4 bytes), align: 1
  Segment part 24.            Intra module refs:   Segment part 46
                                                   main
           ENTRY                   ADDRESS         REF BY
           =====                   =======         ======
           TempoDisplayOled        1D86 
    -------------------------------------------------------------------------
DATA20_Z
  Relative segment, address: 1D8A - 1E89 (0x100 bytes), align: 1
  Segment part 25.            Intra module refs:   energy_update
                                                   updateMapaMemoria
           ENTRY                   ADDRESS         REF BY
           =====                   =======         ======
           energy_consumed         1D8A            oled_imported_active_energy (emeter-basic-oled)
                                                   oled_imported_reactive_energy (emeter-basic-oled)
    -------------------------------------------------------------------------
DATA20_Z
  Relative segment, address: 1E8A - 1E8F (0x6 bytes), align: 1
  Segment part 26.            Intra module refs:   sag_swell_event
           ENTRY                   ADDRESS         REF BY
           =====                   =======         ======
           sag_events              1E8A 
    -------------------------------------------------------------------------
DATA20_Z
  Relative segment, address: 1E90 - 1E9B (0xc bytes), align: 1
  Segment part 27.            Intra module refs:   sag_swell_event
           ENTRY                   ADDRESS         REF BY
           =====                   =======         ======
           sag_duration            1E90 
    -------------------------------------------------------------------------
DATA20_Z
  Relative segment, address: 1E9C - 1EA1 (0x6 bytes), align: 1
  Segment part 28.            Intra module refs:   sag_swell_event
           ENTRY                   ADDRESS         REF BY
           =====                   =======         ======
           swell_events            1E9C 
    -------------------------------------------------------------------------
DATA20_Z
  Relative segment, address: 1EA2 - 1EAD (0xc bytes), align: 1
  Segment part 29.            Intra module refs:   sag_swell_event
           ENTRY                   ADDRESS         REF BY
           =====                   =======         ======
           swell_duration          1EA2 
    -------------------------------------------------------------------------
<CODE> 1 (was CODE)
  Relative segment, address: 6252 - 64A3 (0x252 bytes), align: 1
  Segment part 33.            Intra module refs:   main
           ENTRY                   ADDRESS         REF BY
           =====                   =======         ======
           updateMapaMemoria       6252 
               calls direct
    -------------------------------------------------------------------------
<CODE> 1 (was CODE)
  Relative segment, address: 8F92 - 8F99 (0x8 bytes), align: 1
  Segment part 34.            Intra module refs:   updateMapaMemoria
           LOCAL                   ADDRESS         
           =====                   =======         
           ?Subroutine5            8F92 
    -------------------------------------------------------------------------
<CODE> 1 (was CODE)
  Relative segment, address: 8F9A - 8FA1 (0x8 bytes), align: 1
  Segment part 35.            Intra module refs:   updateMapaMemoria
           LOCAL                   ADDRESS         
           =====                   =======         
           ?Subroutine4            8F9A 
    -------------------------------------------------------------------------
<CODE> 1 (was CODE)
  Relative segment, address: 8F80 - 8F83 (0x4 bytes), align: 1
  Segment part 36.            Intra module refs:   updateMapaMemoria
           LOCAL                   ADDRESS         
           =====                   =======         
           ?Subroutine3            8F80 
    -------------------------------------------------------------------------
<CODE> 1 (was CODE)
  Relative segment, address: 8F84 - 8F89 (0x6 bytes), align: 1
  Segment part 37.            Intra module refs:   ?Subroutine3
                                                   updateMapaMemoria
    -------------------------------------------------------------------------
<CODE> 1 (was CODE)
  Relative segment, address: 8E8C - 8E8F (0x4 bytes), align: 1
  Segment part 38.            Intra module refs:   updateMapaMemoria
           LOCAL                   ADDRESS         
           =====                   =======         
           ?Subroutine2            8E8C 
    -------------------------------------------------------------------------
<CODE> 1 (was CODE)
  Relative segment, address: 8E90 - 8E9B (0xc bytes), align: 1
[...]
<CODE> 1 (was CODE)
  Relative segment, address: 8C3C - 8C57 (0x1c bytes), align: 1
  Segment part 0.
           ENTRY                   ADDRESS         REF BY
           =====                   =======         ======
           ?Mul16to32sHw           8C3C            _LdtobLarge (?xprintflarge)

    -------------------------------------------------------------------------
  LIBRARY MODULE, NAME : ?Mul32Hw32

  SEGMENTS IN THE MODULE
  ======================
<CODE> 1 (was CODE)
  Relative segment, address: 8B1E - 8B41 (0x24 bytes), align: 1
  Segment part 0.
           ENTRY                   ADDRESS         REF BY
           =====                   =======         ======
           ?Mul32Hw32              8B1E            estimate_current_rtc_correction (emeter-rtc-c)

    -------------------------------------------------------------------------
  LIBRARY MODULE, NAME : ?Mul32u32uto64iHw32

  SEGMENTS IN THE MODULE
  ======================
<CODE> 1 (was CODE)
  Relative segment, address: 880C - 8837 (0x2c bytes), align: 1
  Segment part 0.
           ENTRY                   ADDRESS         REF BY
           =====                   =======         ======
           ?Mul32u32uto64iHw32     880C            _Mul32s32sto64i (?mul32s32sto64i)

    -------------------------------------------------------------------------
  LIBRARY MODULE, NAME : ?Mul64Hw32

  SEGMENTS IN THE MODULE
  ======================
<CODE> 1 (was CODE)
  Relative segment, address: 811E - 8175 (0x58 bytes), align: 1
  Segment part 0.
           ENTRY                   ADDRESS         REF BY
           =====                   =======         ======
           ?Mul64Hw32              811E            ?Subroutine4 (metrology-foreground)
                                                   integrate_power_to_energy (metrology-foreground)
                                                   sag_swell_control (metrology-foreground)

    -------------------------------------------------------------------------
  LIBRARY MODULE, NAME : ?sprintf

  SEGMENTS IN THE MODULE
  ======================
<CODE> 1 (was CODE)
  Relative segment, address: 85A6 - 85E1 (0x3c bytes), align: 1
  Segment part 2.
           ENTRY                   ADDRESS         REF BY
           =====                   =======         ======
           sprintf                 85A6            Oled_display_valor (emeter-oled)
                                                   oled_date_temp (emeter-basic-oled)
                                                   update_oled (emeter-basic-oled)
               calls direct

    -------------------------------------------------------------------------
  LIBRARY MODULE, NAME : ?strchr

  SEGMENTS IN THE MODULE
  ======================
<CODE> 1 (was CODE)
  Relative segment, address: 8EC6 - 8ED3 (0xe bytes), align: 1
  Segment part 2.
           ENTRY                   ADDRESS         REF BY
           =====                   =======         ======
           __iar_Strchr            8EC6            _PrintfLarge (?xprintflarge)

    -------------------------------------------------------------------------
  LIBRARY MODULE, NAME : ?strlen

  SEGMENTS IN THE MODULE
  ======================
<CODE> 1 (was CODE)
  Relative segment, address: 8B86 - 8BA5 (0x20 bytes), align: 1
  Segment part 2.
           ENTRY                   ADDRESS         REF BY
           =====                   =======         ======
           strlen                  8B86            Oled_titulo (emeter-oled)
                                                   _PrintfLarge (?xprintflarge)

    -------------------------------------------------------------------------
  LIBRARY MODULE, NAME : ?xdunscal

  SEGMENTS IN THE MODULE
  ======================
<CODE> 1 (was CODE)
  Relative segment, address: 83A0 - 83E7 (0x48 bytes), align: 1
  Segment part 2.
           ENTRY                   ADDRESS         REF BY
           =====                   =======         ======
           __iar_Dunscale          83A0            _LdtobLarge (?xprintflarge)

    -------------------------------------------------------------------------
  LIBRARY MODULE, NAME : ?xprintflarge

  SEGMENTS IN THE MODULE
  ======================
<CODE> 1 (was CODE)
  Relative segment, address: 5810 - 5CC5 (0x4b6 bytes), align: 1
  Segment part 23.
           ENTRY                   ADDRESS         REF BY
           =====                   =======         ======
           _PrintfLarge            5810            sprintf (?sprintf)
               calls direct
    -------------------------------------------------------------------------
<CODE> 1 (was CODE)
  Relative segment, address: 8EB8 - 8EC5 (0xe bytes), align: 1
  Segment part 25.            Intra module refs:   _PrintfLarge
    -------------------------------------------------------------------------
<CODE> 1 (was CODE)
  Relative segment, address: 8E30 - 8E35 (0x6 bytes), align: 1
  Segment part 26.            Intra module refs:   _PrintfLarge
    -------------------------------------------------------------------------
<CODE> 1 (was CODE)
  Relative segment, address: 8E36 - 8E43 (0xe bytes), align: 1
  Segment part 27.            Intra module refs:   Segment part 26
                                                   _PrintfLarge
    -------------------------------------------------------------------------
<CODE> 1 (was CODE)
  Relative segment, address: 444C - 44CB (0x80 bytes), align: 1
  Segment part 8.             Intra module refs:   _PrintfLarge
           LOCAL                   ADDRESS         
           =====                   =======         
           LoadInt                 444C 
    -------------------------------------------------------------------------
<CODE> 1 (was CODE)
  Relative segment, address: 44CC - 44DD (0x12 bytes), align: 1
  Segment part 9.             Intra module refs:   LoadInt
    -------------------------------------------------------------------------
<CODE> 1 (was CODE)
  Relative segment, address: 44DE - 474B (0x26e bytes), align: 1
  Segment part 10.            Intra module refs:   _LdtobLarge
           LOCAL                   ADDRESS         
           =====                   =======         
           _GenldLarge             44DE 
               calls direct
    -------------------------------------------------------------------------
<CODE> 1 (was CODE)
  Relative segment, address: 474C - 475B (0x10 bytes), align: 1
  Segment part 11.            Intra module refs:   _GenldLarge
    -------------------------------------------------------------------------
<CODE> 1 (was CODE)
  Relative segment, address: 475C - 476B (0x10 bytes), align: 1
  Segment part 12.            Intra module refs:   _GenldLarge
    -------------------------------------------------------------------------
<CODE> 1 (was CODE)
  Relative segment, address: 476C - 4779 (0xe bytes), align: 1
  Segment part 13.            Intra module refs:   _GenldLarge
    -------------------------------------------------------------------------
<CODE> 1 (was CODE)
  Relative segment, address: 477A - 477F (0x6 bytes), align: 1
  Segment part 14.            Intra module refs:   _GenldLarge
    -------------------------------------------------------------------------
<CODE> 1 (was CODE)
  Relative segment, address: 4780 - 478F (0x10 bytes), align: 1
  Segment part 15.            Intra module refs:   Segment part 14
                                                   _GenldLarge
    -------------------------------------------------------------------------
<CODE> 1 (was CODE)
  Relative segment, address: 4790 - 47A1 (0x12 bytes), align: 1
  Segment part 16.            Intra module refs:   _GenldLarge
    -------------------------------------------------------------------------
<CODE> 1 (was CODE)
  Relative segment, address: 47A2 - 47C5 (0x24 bytes), align: 1
  Segment part 17.            Intra module refs:   _GenldLarge
    -------------------------------------------------------------------------
<CODE> 1 (was CODE)
  Relative segment, address: 47C6 - 4807 (0x42 bytes), align: 1
  Segment part 18.            Intra module refs:   _LdtobLarge
           LOCAL                   ADDRESS         
           =====                   =======         
           scale                   47C6 
               calls direct
    -------------------------------------------------------------------------
<CODE> 1 (was CODE)
  Relative segment, address: 4808 - 4A61 (0x25a bytes), align: 1
  Segment part 19.            Intra module refs:   _PrintfLarge
           LOCAL                   ADDRESS         
           =====                   =======         
           _LdtobLarge             4808 
               calls direct
    -------------------------------------------------------------------------
<CODE> 1 (was CODE)
  Relative segment, address: 4A62 - 4C1F (0x1be bytes), align: 1
  Segment part 20.            Intra module refs:   _PrintfLarge
           LOCAL                   ADDRESS         
           =====                   =======         
           _LitobLarge             4A62 
               calls direct
    -------------------------------------------------------------------------
<CODE> 1 (was CODE)
  Relative segment, address: 4C20 - 4C31 (0x12 bytes), align: 1
  Segment part 21.            Intra module refs:   _LitobLarge
    -------------------------------------------------------------------------
<CODE> 1 (was CODE)
  Relative segment, address: 4C32 - 4C3B (0xa bytes), align: 1
  Segment part 22.            Intra module refs:   LoadInt
                                                   _LitobLarge
                                                   _PrintfLarge
    -------------------------------------------------------------------------
<CODE> 1 (was CODE)
  Relative segment, address: 8722 - 8751 (0x30 bytes), align: 1
  Segment part 32.            Intra module refs:   Segment part 27
           LOCAL                   ADDRESS         
           =====                   =======         
           pad                     8722 
               calls direct
    -------------------------------------------------------------------------
<CODE> 1 (was CODE)
  Relative segment, address: 8AFA - 8B1D (0x24 bytes), align: 1
  Segment part 33.            Intra module refs:   _PrintfLarge
                                                   _PutcharsLarge
           LOCAL                   ADDRESS         
           =====                   =======         
           _PutcharLarge           8AFA 
               calls indirect
    -------------------------------------------------------------------------
<CODE> 1 (was CODE)
  Relative segment, address: 8A62 - 8A87 (0x26 bytes), align: 1
  Segment part 34.            Intra module refs:   Segment part 25
                                                   pad
           LOCAL                   ADDRESS         
           =====                   =======         
           _PutcharsLarge          8A62 
               calls direct
    -------------------------------------------------------------------------
<CODE> 1 (was CODE)
  Relative segment, address: 8ED4 - 8EE1 (0xe bytes), align: 1
  Segment part 24.            Intra module refs:   _PrintfLarge
    -------------------------------------------------------------------------
<CODE> 1 (was CODE)
  Relative segment, address: 8E68 - 8E79 (0x12 bytes), align: 1
  Segment part 28.            Intra module refs:   _PrintfLarge
    -------------------------------------------------------------------------
<CODE> 1 (was CODE)
  Relative segment, address: 8DE0 - 8DF3 (0x14 bytes), align: 1
  Segment part 29.            Intra module refs:   _PrintfLarge
    -------------------------------------------------------------------------
<CODE> 1 (was CODE)
  Relative segment, address: 8656 - 868D (0x38 bytes), align: 1
  Segment part 30.            Intra module refs:   _PrintfLarge
    -------------------------------------------------------------------------
<CODE> 1 (was CODE)
  Relative segment, address: 8F16 - 8F21 (0xc bytes), align: 1
  Segment part 31.            Intra module refs:   Segment part 30
    -------------------------------------------------------------------------
DATA20_C
  Relative segment, address: 988D - 9893 (0x7 bytes), align: 0
  Segment part 2.             Intra module refs:   _PrintfLarge
    -------------------------------------------------------------------------
DATA20_C
  Relative segment, address: 9894 - 9897 (0x4 bytes), align: 0
  Segment part 3.             Intra module refs:   _LdtobLarge
    -------------------------------------------------------------------------
DATA20_C
  Relative segment, address: 9898 - 989B (0x4 bytes), align: 0
  Segment part 4.             Intra module refs:   _LdtobLarge
    -------------------------------------------------------------------------
DATA20_C
  Relative segment, address: 989C - 989F (0x4 bytes), align: 0
  Segment part 5.             Intra module refs:   _LdtobLarge
    -------------------------------------------------------------------------
DATA20_C
  Relative segment, address: 98A0 - 98A3 (0x4 bytes), align: 0
  Segment part 6.             Intra module refs:   _LdtobLarge
    -------------------------------------------------------------------------
DATA20_C
  Relative segment, address: 98A4 - 98A5 (0x2 bytes), align: 0
  Segment part 7.             Intra module refs:   _GenldLarge

    -------------------------------------------------------------------------
  LIBRARY MODULE, NAME : ?xsprout

  SEGMENTS IN THE MODULE
  ======================
<CODE> 1 (was CODE)
  Relative segment, address: 8EE2 - 8EEF (0xe bytes), align: 1
  Segment part 2.
           ENTRY                   ADDRESS         REF BY
           =====                   =======         ======
           _SProut                 8EE2            sprintf (?sprintf)




                ****************************************
                *                                      *
                *      SEGMENTS IN ADDRESS ORDER       *
                *                                      *
                ****************************************


SEGMENT              SPACE    START ADDRESS   END ADDRESS     SIZE  TYPE  ALIGN
=======              =====    =============   ===========     ====  ====  =====
DATA16_AN                              0102 - 0103               2   rel    0
                                       0120 - 0121               2 
                                       0124 - 0127               4 
                                       012C - 012F               4 
                                       0140 - 0141               2 
                                       0144 - 0145               2 
                                       015C - 015D               2 
                                       0160 - 0165               6 
                                       0168 - 016F               8 
                                       01B0 - 01B1               2 
                                       0200 - 0207               8 
                                       020A - 020B               2 
                                       0222 - 0227               6 
                                       022A - 022B               2 
                                       0242 - 0247               6 
                                       024A - 024B               2 
                                       0262 - 0267               6 
                                       026A - 026B               2 
                                       0282 - 0287               6 
                                       028A - 028B               2 
                                       0322 - 0325               4 
                                       032A - 032B               2 
                                       04A0 - 04A7               8 
                                       04AE - 04B7               A 
                                       04C2 - 04C3               2 
                                       04C8 - 04C9               2 
                                       04D0 - 04D7               8 
                                       04E0 - 04EB               C 
                                       0500 - 0501               2 
                                       050E - 0511               4 
                                       0520 - 052B               C 
                                       0530 - 0531               2 
                                       05C0 - 05C3               4 
                                       05C6 - 05C9               4 
                                       05CC - 05CF               4 
                                       05DA - 05E3               A 
                                       05E6 - 05E9               4 
                                       05EC - 05EF               4 
                                       05FA - 0601               8 
                                       0606 - 0609               4 
                                       060E - 060F               2 
                                       061C - 061D               2 
                                       0640 - 0641               2 
                                       0646 - 0649               4 
                                       064E - 064F               2 
                                       0660 - 0661               2 
                                       066A - 066D               4 
                                       0740 - 0745               6 
                                       074A - 074B               2 
                                       0752 - 0753               2 
                                       075A - 075D               4 
                                       0800 - 0805               6 
                                       0808 - 080D               6 
                                       0810 - 0827              18 
                                       0850 - 085B               C 
                                       09E0 - 09E1               2 
                                       09E4 - 09E5               2 
                                       09F4 - 09F7               4 
                                       09FC - 0A0F              14 
                                       0A12 - 0A13               2 
                                       0A20 - 0A20               1 
INFO                                   1800 - 187F              80   rel    1
CODE_I                                    1C00                       rel    1
DATA20_I                               1C00 - 1C12              13   rel    1
DATA20_Z                               1C14 - 2450             83D   rel    1
DATA20_N                                  2452                       rel    1
CSTACK                                 3B6A - 3BFF              96   rel    1
CSTART                                 4000 - 402F              30   rel    1
ISR_CODE                               4030 - 444B             41C   rel    1
<CODE> 1                               444C - 8FB7            4B6C   rel    1
DATA20_C                               8FB8 - 98A5             8EE   rel    1
DATA20_ID                              98A6 - 98B8              13   rel    1
CODE_ID                                   98BA                       rel    1
INTVEC                                 FF80 - FFFD              7E   com    1
RESET                                  FFFE - FFFF               2   rel    1

                ****************************************
                *                                      *
                *        END OF CROSS REFERENCE        *
                *                                      *
                ****************************************

 20 536 bytes of CODE  memory
  2 278 bytes of DATA  memory (+ 297 absolute )
  2 433 bytes of CONST memory

Errors: none
Warnings: none

