################################################################################
#                                                                              #
#      IAR Universal Linker V6.5.1.95                                          #
#                                                                              #
#           Link time     =  25/Apr/2024  19:06:04                             #
#           Target CPU    =  MSP430                                            #
#           List file     =  C:\Projetos\Ztec\Source\emeter-app\emeter-app-676 #
#                            41\Debug\List\emeter-app-67641.map                #
#           Output file 1 =  C:\Projetos\Ztec\Source\emeter-app\emeter-app-676 #
#                            41\Debug\Exe\emeter-app-67641.d43                 #
#                            Format: ubrof10                                   #
#                            UBROF version 10.0.6                              #
#                            Using library modules for C-SPY (-rt)             #
#           Command line  =  -f C:\Users\liwka\AppData\Local\Temp\EWEFBC.tmp   #
#                            (C:\Projetos\Ztec\Source\emeter-app\emeter-app-67 #
#                            641\Debug\Obj\emeter-basic-display.r43            #
#                            C:\Projetos\Ztec\Source\emeter-app\emeter-app-676 #
#                            41\Debug\Obj\emeter-basic-oled.r43                #
#                            C:\Projetos\Ztec\Source\emeter-app\emeter-app-676 #
#                            41\Debug\Obj\emeter-communication.r43             #
#                            C:\Projetos\Ztec\Source\emeter-app\emeter-app-676 #
#                            41\Debug\Obj\emeter-dlt645.r43                    #
#                            C:\Projetos\Ztec\Source\emeter-app\emeter-app-676 #
#                            41\Debug\Obj\emeter-keypad.r43                    #
#                            C:\Projetos\Ztec\Source\emeter-app\emeter-app-676 #
#                            41\Debug\Obj\emeter-lcd.r43                       #
#                            C:\Projetos\Ztec\Source\emeter-app\emeter-app-676 #
#                            41\Debug\Obj\emeter-main.r43                      #
#                            C:\Projetos\Ztec\Source\emeter-metrology\emeter-m #
#                            etrology-67641\Debug\Exe\emeter-metrology-67641.r #
#                            43                                                #
#                            C:\Projetos\Ztec\Source\emeter-app\emeter-app-676 #
#                            41\Debug\Obj\emeter-multirate.r43                 #
#                            C:\Projetos\Ztec\Source\emeter-app\emeter-app-676 #
#                            41\Debug\Obj\emeter-oled.r43                      #
#                            C:\Projetos\Ztec\Source\emeter-app\emeter-app-676 #
#                            41\Debug\Obj\emeter-rtc-c.r43                     #
#                            C:\Projetos\Ztec\Source\emeter-app\emeter-app-676 #
#                            41\Debug\Obj\emeter-setup.r43                     #
#                            -o                                                #
#                            C:\Projetos\Ztec\Source\emeter-app\emeter-app-676 #
#                            41\Debug\Exe\emeter-app-67641.d43                 #
#                            -l                                                #
#                            C:\Projetos\Ztec\Source\emeter-app\emeter-app-676 #
#                            41\Debug\List\emeter-app-67641.map                #
#                            -xms                                              #
#                            "-IC:\Program Files (x86)\IAR Systems\Embedded Wo #
#                            rkbench 8.0\430\LIB\"                             #
#                            -f                                                #
#                            "C:\Program Files (x86)\IAR Systems\Embedded Work #
#                            bench 8.0\430\config\linker\lnk430f67641a.xcl"    #
#                            (-cmsp430 -QCODE_I=CODE_ID -QTLS16_I=TLS16_ID     #
#                            -D__iar_HWMUL=4C0 -Z(CONST)INFO=1800-19FF         #
#                            -Z(CONST)INFOA=1980-19FF                          #
#                            -Z(CONST)INFOB=1900-197F                          #
#                            -Z(CONST)INFOC=1880-18FF                          #
#                            -Z(CONST)INFOD=1800-187F                          #
#                            -Z(DATA)DATA16_I,DATA16_Z,DATA16_N,TLS16_I=1C00-3 #
#                            BFF                                               #
#                            -Z(DATA)DATA16_HEAP+_DATA16_HEAP_SIZE             #
#                            -Z(DATA)CODE_I                                    #
#                            -Z(DATA)DATA20_I,DATA20_Z,DATA20_N,DATA20_HEAP+_D #
#                            ATA20_HEAP_SIZE                                   #
#                            -Z(DATA)CSTACK+_STACK_SIZE#                       #
#                            -Z(CONST)DATA16_C,DATA16_ID,TLS16_ID,DIFUNCT,CHEC #
#                            KSUM=4000-FF7F                                    #
#                            -Z(CODE)CSTART,ISR_CODE,CODE16=4000-FF7F          #
#                            -P(CODE)CODE=4000-FF7F,10000-23FFF                #
#                            -Z(CONST)DATA20_C,DATA20_ID,CODE_ID=4000-FF7F,100 #
#                            40-23FFF                                          #
#                            -Z(CODE)INTVEC=FF80-FFFF                          #
#                            -Z(CODE)RESET=FFFE-FFFF) -f                       #
#                            "C:\Program Files (x86)\IAR Systems\Embedded Work #
#                            bench 8.0\430\config\linker\multiplier32.xcl"     #
#                            (-e?Mul8Hw=?Mul8 -e?Mul16Hw=?Mul16                #
#                            -e?Mul16to32uHw=?Mul16to32u                       #
#                            -e?Mul16to32sHw=?Mul16to32s -e?Mul32Hw32=?Mul32   #
#                            -e?Mul64Hw32=_Mul64i                              #
#                            -e?Mul32u32uto64iHw32=_Mul32u32uto64i             #
#                            -e?Mul32fHw32=_Mul32f                             #
#                            -e_Mul64fHw32Ptr=_Mul64fPtr) -D_STACK_SIZE=96     #
#                            -rt                                               #
#                            "C:\Program Files (x86)\IAR Systems\Embedded Work #
#                            bench 8.0\430\lib\dlib\dl430xllfn.r43"            #
#                            -e_PrintfLarge=_Printf -e_ScanfLarge=_Scanf       #
#                            -D_DATA16_HEAP_SIZE=50 -s __program_start         #
#                            -D_DATA20_HEAP_SIZE=50)                           #
#                                                                              #
#                           Copyright (C) 1987-2016 IAR Systems AB.            #
################################################################################





                ****************************************
                *                                      *
                *           CROSS REFERENCE            *
                *                                      *
                ****************************************

       Program entry at :           4000  Relocatable, from module : ?cstart




                ****************************************
                *                                      *
                *            RUNTIME MODEL             *
                *                                      *
                ****************************************

  __Heap_Handler             = Basic
  __SystemLibrary            = DLib
  __code_model               = large
  __core                     = 430X
  __data_model               = large
  __dlib_file_descriptor     = 0
  __dlib_full_locale_support = 0
  __double_size              = 32
  __pic                      = no
  __reg_r4                   = free
  __reg_r5                   = free
  __rt_version               = 3

                ****************************************
                *                                      *
                *    AUTOMATIC SYMBOL REDIRECTIONS     *
                *                                      *
                ****************************************

                  There are no automatic symbol redirections.



                ****************************************
                *                                      *
                *              MODULE MAP              *
                *                                      *
                ****************************************


  DEFINED ABSOLUTE ENTRIES
    *************************************************************************

  DEFINED ABSOLUTE ENTRIES
  PROGRAM MODULE, NAME : ?ABS_ENTRY_MOD

Absolute parts
           ENTRY                   ADDRESS         REF BY
           =====                   =======         ======
           _DATA20_HEAP_SIZE       0050 
           _DATA16_HEAP_SIZE       0050 
           _STACK_SIZE             0096 
           __iar_HWMUL             04C0            ?Mul32Hw32 (?Mul32Hw32)
                                                   ?Mul32u32uto64iHw32 (?Mul32u32uto64iHw32)
                                                   ?Mul64Hw32 (?Mul64Hw32)
                                                   calculate_phase_readings (metrology-foreground)
                                                   div48 (div48)
                                                   estimate_current_rtc_correction (emeter-rtc-c)
                                                   evaluate_power_factor (metrology-foreground)
                                                   evaluate_reactive_power (metrology-foreground)
                                                   integrate_power_to_energy (metrology-foreground)
                                                   main (emeter-main)
    *************************************************************************

  FILE NAME : C:\Projetos\Ztec\Source\emeter-app\emeter-app-67641\Debug\Obj\emeter-basic-display.r43
    *************************************************************************

  FILE NAME : C:\Projetos\Ztec\Source\emeter-app\emeter-app-67641\Debug\Obj\emeter-basic-oled.r43
    *************************************************************************

  FILE NAME : C:\Projetos\Ztec\Source\emeter-app\emeter-app-67641\Debug\Obj\emeter-communication.r43
  PROGRAM MODULE, NAME : emeter-communication

  SEGMENTS IN THE MODULE
  ======================
DATA16_AN
  Relative segment, address: 0222 - 0223 (0x2 bytes), align: 0
  Segment part 1. ROOT        Intra module refs:   RS485_sendBuf
                                                   USCI_A0_isr
                                                   active_energy_pulse_end (emeter-main)
                                                   active_energy_pulse_start (emeter-main)
                                                   reactive_energy_pulse_end (emeter-main)
                                                   reactive_energy_pulse_start (emeter-main)
                                                   system_setup (emeter-setup)
           ENTRY                   ADDRESS         REF BY
           =====                   =======         ======
           _A_PBOUT_L              0222 
           LOCAL                   ADDRESS         
           =====                   =======         
           PBOUT                   0222 
           PBOUT_H                 0223 
           PBOUT_L                 0222 
    -------------------------------------------------------------------------
DATA16_AN
  Relative segment, address: 05C0 - 05C1 (0x2 bytes), align: 0
  Segment part 2. ROOT        Intra module refs:   serial_configure
           ENTRY                   ADDRESS         REF BY
           =====                   =======         ======
           _A_UCA0CTLW0_L          05C0 
           LOCAL                   ADDRESS         
           =====                   =======         
           UCA0CTLW0               05C0 
           UCA0CTLW0_H             05C1 
           UCA0CTLW0_L             05C0 
    -------------------------------------------------------------------------
DATA16_AN
  Relative segment, address: 05C6 - 05C7 (0x2 bytes), align: 0
  Segment part 3. ROOT        Intra module refs:   serial_configure
           ENTRY                   ADDRESS         REF BY
           =====                   =======         ======
           _A_UCA0BRW_L            05C6 
           LOCAL                   ADDRESS         
           =====                   =======         
           UCA0BRW                 05C6 
           UCA0BRW_H               05C7 
           UCA0BRW_L               05C6 
    -------------------------------------------------------------------------
DATA16_AN
  Relative segment, address: 05C8 - 05C9 (0x2 bytes), align: 0
  Segment part 4. ROOT        Intra module refs:   serial_configure
           ENTRY                   ADDRESS         REF BY
           =====                   =======         ======
           _A_UCA0MCTLW_L          05C8 
           LOCAL                   ADDRESS         
           =====                   =======         
           UCA0MCTLW               05C8 
           UCA0MCTLW_H             05C9 
           UCA0MCTLW_L             05C8 
    -------------------------------------------------------------------------
DATA16_AN
  Relative segment, address: 05CC - 05CD (0x2 bytes), align: 0
  Segment part 5. ROOT        Intra module refs:   USCI_A0_isr
           ENTRY                   ADDRESS         REF BY
           =====                   =======         ======
           _A_UCA0RXBUF_L          05CC 
           LOCAL                   ADDRESS         
           =====                   =======         
           UCA0RXBUF               05CC 
           UCA0RXBUF_H             05CD 
           UCA0RXBUF_L             05CC 
    -------------------------------------------------------------------------
DATA16_AN
  Relative segment, address: 05CE - 05CF (0x2 bytes), align: 0
  Segment part 6. ROOT        Intra module refs:   serial_configure
                                                   serial_write
           ENTRY                   ADDRESS         REF BY
           =====                   =======         ======
           _A_UCA0TXBUF_L          05CE 
           LOCAL                   ADDRESS         
           =====                   =======         
           UCA0TXBUF               05CE 
           UCA0TXBUF_H             05CF 
           UCA0TXBUF_L             05CE 
    -------------------------------------------------------------------------
DATA16_AN
  Relative segment, address: 05DA - 05DB (0x2 bytes), align: 0
  Segment part 7. ROOT        Intra module refs:   serial_configure
           ENTRY                   ADDRESS         REF BY
           =====                   =======         ======
           _A_UCA0IE_L             05DA 
           LOCAL                   ADDRESS         
           =====                   =======         
           UCA0IE                  05DA 
           UCA0IE_H                05DB 
           UCA0IE_L                05DA 
    -------------------------------------------------------------------------
DATA16_AN
  Relative segment, address: 05DC - 05DD (0x2 bytes), align: 0
  Segment part 8. ROOT        Intra module refs:   RS485_sendBuf
                                                   USCI_A0_isr
                                                   serial_write
           ENTRY                   ADDRESS         REF BY
           =====                   =======         ======
           _A_UCA0IFG_L            05DC 
           LOCAL                   ADDRESS         
           =====                   =======         
           UCA0IFG                 05DC 
           UCA0IFG_H               05DD 
           UCA0IFG_L               05DC 
    -------------------------------------------------------------------------
DATA16_AN
  Relative segment, address: 05DE - 05DF (0x2 bytes), align: 0
  Segment part 9. ROOT        Intra module refs:   USCI_A0_isr
           ENTRY                   ADDRESS         REF BY
           =====                   =======         ======
           UCA0IV                  05DE 
    -------------------------------------------------------------------------
DATA16_AN
  Relative segment, address: 05E0 - 05E1 (0x2 bytes), align: 0
  Segment part 10. ROOT       Intra module refs:   serial_configure
           ENTRY                   ADDRESS         REF BY
           =====                   =======         ======
           _A_UCA1CTLW0_L          05E0 
           LOCAL                   ADDRESS         
           =====                   =======         
           UCA1CTLW0               05E0 
           UCA1CTLW0_H             05E1 
           UCA1CTLW0_L             05E0 
    -------------------------------------------------------------------------
DATA16_AN
  Relative segment, address: 05E6 - 05E7 (0x2 bytes), align: 0
  Segment part 11. ROOT       Intra module refs:   serial_configure
           ENTRY                   ADDRESS         REF BY
           =====                   =======         ======
           _A_UCA1BRW_L            05E6 
           LOCAL                   ADDRESS         
           =====                   =======         
           UCA1BRW                 05E6 
           UCA1BRW_H               05E7 
           UCA1BRW_L               05E6 
    -------------------------------------------------------------------------
DATA16_AN
  Relative segment, address: 05E8 - 05E9 (0x2 bytes), align: 0
  Segment part 12. ROOT       Intra module refs:   serial_configure
           ENTRY                   ADDRESS         REF BY
           =====                   =======         ======
           _A_UCA1MCTLW_L          05E8 
           LOCAL                   ADDRESS         
           =====                   =======         
           UCA1MCTLW               05E8 
           UCA1MCTLW_H             05E9 
           UCA1MCTLW_L             05E8 
    -------------------------------------------------------------------------
DATA16_AN
  Relative segment, address: 05EC - 05ED (0x2 bytes), align: 0
  Segment part 13. ROOT       Intra module refs:   USCI_A1_isr
           ENTRY                   ADDRESS         REF BY
           =====                   =======         ======
           _A_UCA1RXBUF_L          05EC 
           LOCAL                   ADDRESS         
           =====                   =======         
           UCA1RXBUF               05EC 
           UCA1RXBUF_H             05ED 
           UCA1RXBUF_L             05EC 
    -------------------------------------------------------------------------
DATA16_AN
  Relative segment, address: 05EE - 05EF (0x2 bytes), align: 0
  Segment part 14. ROOT       Intra module refs:   serial_configure
                                                   serial_write
           ENTRY                   ADDRESS         REF BY
           =====                   =======         ======
           _A_UCA1TXBUF_L          05EE 
           LOCAL                   ADDRESS         
           =====                   =======         
           UCA1TXBUF               05EE 
           UCA1TXBUF_H             05EF 
           UCA1TXBUF_L             05EE 
    -------------------------------------------------------------------------
DATA16_AN
  Relative segment, address: 05FA - 05FB (0x2 bytes), align: 0
  Segment part 15. ROOT       Intra module refs:   serial_configure
           ENTRY                   ADDRESS         REF BY
           =====                   =======         ======
           _A_UCA1IE_L             05FA 
           LOCAL                   ADDRESS         
           =====                   =======         
           UCA1IE                  05FA 
           UCA1IE_H                05FB 
           UCA1IE_L                05FA 
    -------------------------------------------------------------------------
DATA16_AN
  Relative segment, address: 05FC - 05FD (0x2 bytes), align: 0
  Segment part 16. ROOT       Intra module refs:   USCI_A1_isr
                                                   serial_write
           ENTRY                   ADDRESS         REF BY
           =====                   =======         ======
           _A_UCA1IFG_L            05FC 
           LOCAL                   ADDRESS         
           =====                   =======         
           UCA1IFG                 05FC 
           UCA1IFG_H               05FD 
           UCA1IFG_L               05FC 
    -------------------------------------------------------------------------
DATA16_AN
  Relative segment, address: 05FE - 05FF (0x2 bytes), align: 0
  Segment part 17. ROOT       Intra module refs:   USCI_A1_isr
           ENTRY                   ADDRESS         REF BY
           =====                   =======         ======
           UCA1IV                  05FE 
    -------------------------------------------------------------------------
DATA16_AN
  Relative segment, address: 0600 - 0601 (0x2 bytes), align: 0
  Segment part 18. ROOT       Intra module refs:   IHD430_UART_configure
           ENTRY                   ADDRESS         REF BY
           =====                   =======         ======
           _A_UCA2CTLW0_L          0600 
           LOCAL                   ADDRESS         
           =====                   =======         
           UCA2CTLW0               0600 
           UCA2CTLW0_H             0601 
           UCA2CTLW0_L             0600 
    -------------------------------------------------------------------------
DATA16_AN
  Relative segment, address: 0606 - 0607 (0x2 bytes), align: 0
  Segment part 19. ROOT       Intra module refs:   IHD430_UART_configure
           ENTRY                   ADDRESS         REF BY
           =====                   =======         ======
           _A_UCA2BRW_L            0606 
           LOCAL                   ADDRESS         
           =====                   =======         
           UCA2BRW                 0606 
           UCA2BRW_H               0607 
           UCA2BRW_L               0606 
    -------------------------------------------------------------------------
DATA16_AN
  Relative segment, address: 0608 - 0609 (0x2 bytes), align: 0
  Segment part 20. ROOT       Intra module refs:   IHD430_UART_configure
           ENTRY                   ADDRESS         REF BY
           =====                   =======         ======
           _A_UCA2MCTLW_L          0608 
           LOCAL                   ADDRESS         
           =====                   =======         
           UCA2MCTLW               0608 
           UCA2MCTLW_H             0609 
           UCA2MCTLW_L             0608 
    -------------------------------------------------------------------------
DATA16_AN
  Relative segment, address: 060E - 060F (0x2 bytes), align: 0
  Segment part 21. ROOT       Intra module refs:   send_reading_to_CC2530_for_IHD430
           ENTRY                   ADDRESS         REF BY
           =====                   =======         ======
           _A_UCA2TXBUF_L          060E 
           LOCAL                   ADDRESS         
           =====                   =======         
           UCA2TXBUF               060E 
           UCA2TXBUF_H             060F 
           UCA2TXBUF_L             060E 
    -------------------------------------------------------------------------
DATA16_AN
  Relative segment, address: 061C - 061D (0x2 bytes), align: 0
  Segment part 22. ROOT       Intra module refs:   send_reading_to_CC2530_for_IHD430
           ENTRY                   ADDRESS         REF BY
           =====                   =======         ======
           _A_UCA2IFG_L            061C 
           LOCAL                   ADDRESS         
           =====                   =======         
           UCA2IFG                 061C 
           UCA2IFG_H               061D 
           UCA2IFG_L               061C 
    -------------------------------------------------------------------------
DATA20_Z
  Relative segment, address: 1C12 - 1D75 (0x164 bytes), align: 1
  Segment part 26.            Intra module refs:   ?Subroutine0
                                                   ?Subroutine1
                                                   ?Subroutine2
                                                   ?Subroutine3
                                                   RS485_sendBuf
                                                   USCI_A0_isr
                                                   USCI_A1_isr
                                                   serial_configure
                                                   serial_write
           ENTRY                   ADDRESS         REF BY
           =====                   =======         ======
           ports                   1C12            dlt645_service (emeter-dlt645)
                                                   process_read_inp_reg (emeter-dlt645)
    -------------------------------------------------------------------------
DATA20_C
  Relative segment, address: 74D2 - 74D9 (0x8 bytes), align: 0
  Segment part 27.            Intra module refs:   serial_configure
           LOCAL                   ADDRESS         
           =====                   =======         
           mod_patterns            74D2 
    -------------------------------------------------------------------------
<CODE> 1 (was CODE)
  Relative segment, address: 58AA - 59E3 (0x13a bytes), align: 1
  Segment part 30.
           ENTRY                   ADDRESS         REF BY
           =====                   =======         ======
           serial_configure        58AA            system_setup (emeter-setup)
               calls direct
    -------------------------------------------------------------------------
<CODE> 1 (was CODE)
  Relative segment, address: 6564 - 65BF (0x5c bytes), align: 1
  Segment part 31.            Intra module refs:   RS485_sendBuf
           ENTRY                   ADDRESS         REF BY
           =====                   =======         ======
           serial_write            6564 
    -------------------------------------------------------------------------
<CODE> 1 (was CODE)
  Relative segment, address: 688E - 68CD (0x40 bytes), align: 1
  Segment part 32.
           ENTRY                   ADDRESS         REF BY
           =====                   =======         ======
           RS485_sendBuf           688E            process_read_inp_reg (emeter-dlt645)
               calls direct
    -------------------------------------------------------------------------
ISR_CODE
  Relative segment, address: 4030 - 40EF (0xc0 bytes), align: 1
  Segment part 37.            Intra module refs:   USCI_A0_isr::??INTVEC 118
           ENTRY                   ADDRESS         REF BY
           =====                   =======         ======
           USCI_A0_isr             4030 
               interrupt function
    -------------------------------------------------------------------------
ISR_CODE
  Relative segment, address: 40F0 - 40F9 (0xa bytes), align: 1
  Segment part 38.            Intra module refs:   USCI_A0_isr
           LOCAL                   ADDRESS         
           =====                   =======         
           ?Subroutine0            40F0 
    -------------------------------------------------------------------------
ISR_CODE
  Relative segment, address: 40FA - 4107 (0xe bytes), align: 1
  Segment part 39.            Intra module refs:   ?Subroutine0
                                                   USCI_A0_isr
           LOCAL                   ADDRESS         
           =====                   =======         
           ?Subroutine2            40FA 
    -------------------------------------------------------------------------
ISR_CODE
  Relative segment, address: 4108 - 41AB (0xa4 bytes), align: 1
  Segment part 40.            Intra module refs:   USCI_A1_isr::??INTVEC 106
           ENTRY                   ADDRESS         REF BY
           =====                   =======         ======
           USCI_A1_isr             4108 
               interrupt function
    -------------------------------------------------------------------------
ISR_CODE
  Relative segment, address: 41AC - 41B5 (0xa bytes), align: 1
  Segment part 41.            Intra module refs:   USCI_A1_isr
           LOCAL                   ADDRESS         
           =====                   =======         
           ?Subroutine1            41AC 
    -------------------------------------------------------------------------
ISR_CODE
  Relative segment, address: 41B6 - 41C3 (0xe bytes), align: 1
  Segment part 42.            Intra module refs:   ?Subroutine1
                                                   USCI_A1_isr
           LOCAL                   ADDRESS         
           =====                   =======         
           ?Subroutine3            41B6 
    -------------------------------------------------------------------------
<CODE> 1 (was CODE)
  Relative segment, address: 671E - 676F (0x52 bytes), align: 1
  Segment part 35.
           ENTRY                   ADDRESS         REF BY
           =====                   =======         ======
           send_reading_to_CC2530_for_IHD430
                                   671E            main (emeter-main)
    -------------------------------------------------------------------------
DATA20_I
  Relative segment, address: 1C00 - 1C10 (0x11 bytes), align: 0
  Segment part 28.            Intra module refs:   send_reading_to_CC2530_for_IHD430
           LOCAL                   ADDRESS         
           =====                   =======         
           send_reading_to_CC2530_for_IHD430::RF_Tx
                                   1C00 
    -------------------------------------------------------------------------
<CODE> 1 (was CODE)
  Relative segment, address: 6DD8 - 6DF3 (0x1c bytes), align: 1
  Segment part 36.
           ENTRY                   ADDRESS         REF BY
           =====                   =======         ======
           IHD430_UART_configure   6DD8            system_setup (emeter-setup)
    -------------------------------------------------------------------------
INTVEC
  Common segment, address: FF80 - FFEB (0x6c bytes), align: 1
  Segment part 23. ROOT 
           ENTRY                   ADDRESS         REF BY
           =====                   =======         ======
           USCI_A1_isr::??INTVEC 106
                                   FFEA 
    -------------------------------------------------------------------------
INTVEC
  Common segment, address: FF80 - FFF7 (0x78 bytes), align: 1
  Segment part 24. ROOT 
           ENTRY                   ADDRESS         REF BY
           =====                   =======         ======
           USCI_A0_isr::??INTVEC 118
                                   FFF6 
    -------------------------------------------------------------------------
DATA20_ID
  Relative segment, address: 74DA - 74EA (0x11 bytes), align: 0
  Segment part 29.            Intra module refs:   send_reading_to_CC2530_for_IHD430::RF_Tx

    *************************************************************************

  FILE NAME : C:\Projetos\Ztec\Source\emeter-app\emeter-app-67641\Debug\Obj\emeter-dlt645.r43
  PROGRAM MODULE, NAME : emeter-dlt645

  SEGMENTS IN THE MODULE
  ======================
<CODE> 1 (was CODE)
  Relative segment, address: 6B16 - 6B41 (0x2c bytes), align: 1
  Segment part 4.             Intra module refs:   dlt645_service
                                                   process_read_inp_reg
           ENTRY                   ADDRESS         REF BY
           =====                   =======         ======
           CalculateCRC            6B16 
    -------------------------------------------------------------------------
<CODE> 1 (was CODE)
  Relative segment, address: 661A - 6671 (0x58 bytes), align: 1
  Segment part 5.             Intra module refs:   process_read_inp_reg
           LOCAL                   ADDRESS         
           =====                   =======         
           reg_to_ptr              661A 
    -------------------------------------------------------------------------
<CODE> 1 (was CODE)
  Relative segment, address: 6048 - 60D7 (0x90 bytes), align: 1
  Segment part 6.             Intra module refs:   dlt645_service
           LOCAL                   ADDRESS         
           =====                   =======         
           process_read_inp_reg    6048 
               calls direct
    -------------------------------------------------------------------------
<CODE> 1 (was CODE)
  Relative segment, address: 5B1C - 5C0F (0xf4 bytes), align: 1
  Segment part 7.
           ENTRY                   ADDRESS         REF BY
           =====                   =======         ======
           dlt645_service          5B1C            main (emeter-main)
               calls direct

    *************************************************************************

  FILE NAME : C:\Projetos\Ztec\Source\emeter-app\emeter-app-67641\Debug\Obj\emeter-keypad.r43
    *************************************************************************

  FILE NAME : C:\Projetos\Ztec\Source\emeter-app\emeter-app-67641\Debug\Obj\emeter-lcd.r43
  PROGRAM MODULE, NAME : emeter-lcd

  SEGMENTS IN THE MODULE
  ======================
DATA16_AN
  Relative segment, address: 0A00 - 0A01 (0x2 bytes), align: 0
  Segment part 1. ROOT 
           ENTRY                   ADDRESS         REF BY
           =====                   =======         ======
           _A_LCDCCTL0_L           0A00 
           LOCAL                   ADDRESS         
           =====                   =======         
           LCDCCTL0                0A00 
           LCDCCTL0_H              0A01 
           LCDCCTL0_L              0A00 
    -------------------------------------------------------------------------
DATA16_AN
  Relative segment, address: 0A02 - 0A03 (0x2 bytes), align: 0
  Segment part 2. ROOT 
           ENTRY                   ADDRESS         REF BY
           =====                   =======         ======
           _A_LCDCCTL1_L           0A02 
           LOCAL                   ADDRESS         
           =====                   =======         
           LCDCCTL1                0A02 
           LCDCCTL1_H              0A03 
           LCDCCTL1_L              0A02 
    -------------------------------------------------------------------------
DATA16_AN
  Relative segment, address: 0A04 - 0A05 (0x2 bytes), align: 0
  Segment part 3. ROOT 
           ENTRY                   ADDRESS         REF BY
           =====                   =======         ======
           _A_LCDCBLKCTL_L         0A04 
           LOCAL                   ADDRESS         
           =====                   =======         
           LCDCBLKCTL              0A04 
           LCDCBLKCTL_H            0A05 
           LCDCBLKCTL_L            0A04 
    -------------------------------------------------------------------------
DATA16_AN
  Relative segment, address: 0A06 - 0A07 (0x2 bytes), align: 0
  Segment part 4. ROOT 
           ENTRY                   ADDRESS         REF BY
           =====                   =======         ======
           _A_LCDCMEMCTL_L         0A06 
           LOCAL                   ADDRESS         
           =====                   =======         
           LCDCMEMCTL              0A06 
           LCDCMEMCTL_H            0A07 
           LCDCMEMCTL_L            0A06 
    -------------------------------------------------------------------------
DATA16_AN
  Relative segment, address: 0A08 - 0A09 (0x2 bytes), align: 0
  Segment part 5. ROOT 
           ENTRY                   ADDRESS         REF BY
           =====                   =======         ======
           _A_LCDCVCTL_L           0A08 
           LOCAL                   ADDRESS         
           =====                   =======         
           LCDCVCTL                0A08 
           LCDCVCTL_H              0A09 
           LCDCVCTL_L              0A08 
    -------------------------------------------------------------------------
DATA16_AN
  Relative segment, address: 0A0A - 0A0B (0x2 bytes), align: 0
  Segment part 6. ROOT 
           ENTRY                   ADDRESS         REF BY
           =====                   =======         ======
           _A_LCDCPCTL0_L          0A0A 
           LOCAL                   ADDRESS         
           =====                   =======         
           LCDCPCTL0               0A0A 
           LCDCPCTL0_H             0A0B 
           LCDCPCTL0_L             0A0A 
    -------------------------------------------------------------------------
DATA16_AN
  Relative segment, address: 0A0C - 0A0D (0x2 bytes), align: 0
  Segment part 7. ROOT 
           ENTRY                   ADDRESS         REF BY
           =====                   =======         ======
           _A_LCDCPCTL1_L          0A0C 
           LOCAL                   ADDRESS         
           =====                   =======         
           LCDCPCTL1               0A0C 
           LCDCPCTL1_H             0A0D 
           LCDCPCTL1_L             0A0C 
    -------------------------------------------------------------------------
DATA16_AN
  Relative segment, address: 0A0E - 0A0F (0x2 bytes), align: 0
  Segment part 8. ROOT 
           ENTRY                   ADDRESS         REF BY
           =====                   =======         ======
           _A_LCDCPCTL2_L          0A0E 
           LOCAL                   ADDRESS         
           =====                   =======         
           LCDCPCTL2               0A0E 
           LCDCPCTL2_H             0A0F 
           LCDCPCTL2_L             0A0E 
    -------------------------------------------------------------------------
DATA16_AN
  Relative segment, address: 0A12 - 0A13 (0x2 bytes), align: 0
  Segment part 9. ROOT 
           ENTRY                   ADDRESS         REF BY
           =====                   =======         ======
           _A_LCDCCPCTL_L          0A12 
           LOCAL                   ADDRESS         
           =====                   =======         
           LCDCCPCTL               0A12 
           LCDCCPCTL_H             0A13 
           LCDCCPCTL_L             0A12 
    -------------------------------------------------------------------------
DATA16_AN
  Relative segment, address: 0A20 - 0A20 (0x1 bytes), align: 0
  Segment part 10. ROOT 
           ENTRY                   ADDRESS         REF BY
           =====                   =======         ======
           LCDM1                   0A20 

    *************************************************************************

  FILE NAME : C:\Projetos\Ztec\Source\emeter-app\emeter-app-67641\Debug\Obj\emeter-main.r43
  PROGRAM MODULE, NAME : emeter-main

  SEGMENTS IN THE MODULE
  ======================
DATA16_AN
  Relative segment, address: 0200 - 0201 (0x2 bytes), align: 0
  Segment part 1. ROOT        Intra module refs:   main
           ENTRY                   ADDRESS         REF BY
           =====                   =======         ======
           _A_PAIN_L               0200 
           LOCAL                   ADDRESS         
           =====                   =======         
           PAIN                    0200 
           PAIN_H                  0201 
           PAIN_L                  0200 
    -------------------------------------------------------------------------
DATA16_AN
  Relative segment, address: 0262 - 0263 (0x2 bytes), align: 0
  Segment part 3. ROOT        Intra module refs:   active_energy_pulse_end
                                                   active_energy_pulse_start
                                                   main
                                                   system_setup (emeter-setup)
           ENTRY                   ADDRESS         REF BY
           =====                   =======         ======
           _A_PDOUT_L              0262 
           LOCAL                   ADDRESS         
           =====                   =======         
           PDOUT                   0262 
           PDOUT_H                 0263 
           PDOUT_L                 0262 
    -------------------------------------------------------------------------
DATA16_AN
  Relative segment, address: 015C - 015D (0x2 bytes), align: 0
  Segment part 4. ROOT        Intra module refs:   ISR_trap
                                                   system_setup (emeter-setup)
           ENTRY                   ADDRESS         REF BY
           =====                   =======         ======
           _A_WDTCTL_L             015C 
           LOCAL                   ADDRESS         
           =====                   =======         
           WDTCTL                  015C 
           WDTCTL_H                015D 
           WDTCTL_L                015C 
    -------------------------------------------------------------------------
DATA20_Z
  Relative segment, address: 1D76 - 1D77 (0x2 bytes), align: 1
  Segment part 20.            Intra module refs:   main
           ENTRY                   ADDRESS         REF BY
           =====                   =======         ======
           ModoDisplay             1D76 
    -------------------------------------------------------------------------
DATA20_Z
  Relative segment, address: 1D78 - 1D7B (0x4 bytes), align: 1
  Segment part 21.            Intra module refs:   main
           ENTRY                   ADDRESS         REF BY
           =====                   =======         ======
           Contador4096            1D78            adc_interrupt (metrology-background)
                                                   dlt645_service (emeter-dlt645)
    -------------------------------------------------------------------------
DATA20_Z
  Relative segment, address: 1D7C - 1D7F (0x4 bytes), align: 1
  Segment part 22.            Intra module refs:   main
           ENTRY                   ADDRESS         REF BY
           =====                   =======         ======
           TempoMapaMemoria        1D7C 
    -------------------------------------------------------------------------
DATA20_Z
  Relative segment, address: 1D80 - 1D83 (0x4 bytes), align: 1
  Segment part 23.            Intra module refs:   main
           ENTRY                   ADDRESS         REF BY
           =====                   =======         ======
           TempoBotao              1D80 
    -------------------------------------------------------------------------
DATA20_Z
  Relative segment, address: 1D84 - 1D87 (0x4 bytes), align: 1
  Segment part 24.            Intra module refs:   ?Subroutine6
                                                   main
           ENTRY                   ADDRESS         REF BY
           =====                   =======         ======
           TempoDisplayOled        1D84 
    -------------------------------------------------------------------------
DATA20_Z
  Relative segment, address: 1D88 - 1E87 (0x100 bytes), align: 1
  Segment part 25.            Intra module refs:   energy_update
                                                   updateMapaMemoria
           ENTRY                   ADDRESS         REF BY
           =====                   =======         ======
           energy_consumed         1D88 
    -------------------------------------------------------------------------
DATA20_Z
  Relative segment, address: 1E88 - 1E8D (0x6 bytes), align: 1
  Segment part 26.            Intra module refs:   sag_swell_event
           ENTRY                   ADDRESS         REF BY
           =====                   =======         ======
           sag_events              1E88 
    -------------------------------------------------------------------------
DATA20_Z
  Relative segment, address: 1E8E - 1E99 (0xc bytes), align: 1
  Segment part 27.            Intra module refs:   sag_swell_event
           ENTRY                   ADDRESS         REF BY
           =====                   =======         ======
           sag_duration            1E8E 
    -------------------------------------------------------------------------
DATA20_Z
  Relative segment, address: 1E9A - 1E9F (0x6 bytes), align: 1
  Segment part 28.            Intra module refs:   sag_swell_event
           ENTRY                   ADDRESS         REF BY
           =====                   =======         ======
           swell_events            1E9A 
    -------------------------------------------------------------------------
DATA20_Z
  Relative segment, address: 1EA0 - 1EAB (0xc bytes), align: 1
  Segment part 29.            Intra module refs:   sag_swell_event
           ENTRY                   ADDRESS         REF BY
           =====                   =======         ======
           swell_duration          1EA0 
    -------------------------------------------------------------------------
<CODE> 1 (was CODE)
  Relative segment, address: 527A - 54CB (0x252 bytes), align: 1
  Segment part 33.            Intra module refs:   main
           ENTRY                   ADDRESS         REF BY
           =====                   =======         ======
           updateMapaMemoria       527A 
               calls direct
    -------------------------------------------------------------------------
<CODE> 1 (was CODE)
  Relative segment, address: 7036 - 703D (0x8 bytes), align: 1
  Segment part 34.            Intra module refs:   updateMapaMemoria
           LOCAL                   ADDRESS         
           =====                   =======         
           ?Subroutine5            7036 
    -------------------------------------------------------------------------
<CODE> 1 (was CODE)
  Relative segment, address: 704E - 7055 (0x8 bytes), align: 1
  Segment part 35.            Intra module refs:   updateMapaMemoria
           LOCAL                   ADDRESS         
           =====                   =======         
           ?Subroutine4            704E 
    -------------------------------------------------------------------------
<CODE> 1 (was CODE)
  Relative segment, address: 7022 - 7025 (0x4 bytes), align: 1
  Segment part 36.            Intra module refs:   updateMapaMemoria
           LOCAL                   ADDRESS         
           =====                   =======         
           ?Subroutine3            7022 
    -------------------------------------------------------------------------
<CODE> 1 (was CODE)
  Relative segment, address: 7026 - 702B (0x6 bytes), align: 1
  Segment part 37.            Intra module refs:   ?Subroutine3
                                                   updateMapaMemoria
    -------------------------------------------------------------------------
<CODE> 1 (was CODE)
  Relative segment, address: 6FB2 - 6FB5 (0x4 bytes), align: 1
  Segment part 38.            Intra module refs:   updateMapaMemoria
           LOCAL                   ADDRESS         
           =====                   =======         
           ?Subroutine2            6FB2 
    -------------------------------------------------------------------------
<CODE> 1 (was CODE)
  Relative segment, address: 6FB6 - 6FC1 (0xc bytes), align: 1
  Segment part 39.            Intra module refs:   ?Subroutine2
                                                   updateMapaMemoria
    -------------------------------------------------------------------------
<CODE> 1 (was CODE)
  Relative segment, address: 54CC - 54D3 (0x8 bytes), align: 1
  Segment part 41.            Intra module refs:   active_energy_pulse_end
           LOCAL                   ADDRESS         
           =====                   =======         
           ?Subroutine0            54CC 
    -------------------------------------------------------------------------
<CODE> 1 (was CODE)
  Relative segment, address: 54D4 - 54DB (0x8 bytes), align: 1
  Segment part 43.            Intra module refs:   active_energy_pulse_start
           LOCAL                   ADDRESS         
           =====                   =======         
           ?Subroutine1            54D4 
    -------------------------------------------------------------------------
DATA20_Z
  Relative segment, address: 1EAC - 200B (0x160 bytes), align: 1
  Segment part 30.            Intra module refs:   main
           ENTRY                   ADDRESS         REF BY
           =====                   =======         ======
           mapaMemoria             1EAC            reg_to_ptr (emeter-dlt645)
    -------------------------------------------------------------------------
<CODE> 1 (was CODE)
  Relative segment, address: 54DC - 5699 (0x1be bytes), align: 1
  Segment part 44.
           ENTRY                   ADDRESS         REF BY
           =====                   =======         ======
           main                    54DC            Segment part 27 (?cstart)
               calls direct
    -------------------------------------------------------------------------
<CODE> 1 (was CODE)
  Relative segment, address: 569A - 56A9 (0x10 bytes), align: 1
  Segment part 45.            Intra module refs:   main
           LOCAL                   ADDRESS         
           =====                   =======         
           ?Subroutine6            569A 
    -------------------------------------------------------------------------
DATA20_Z
  Relative segment, address: 200C - 200F (0x4 bytes), align: 1
  Segment part 31.            Intra module refs:   main
           LOCAL                   ADDRESS         
           =====                   =======         
           main::x                 200C 
    -------------------------------------------------------------------------
<CODE> 1 (was CODE)
  Relative segment, address: 56AA - 56AB (0x2 bytes), align: 1
  Segment part 46.
           ENTRY                   ADDRESS         REF BY
           =====                   =======         ======
           switch_to_normal_mode   56AA            metrology_switch_to_normal_mode (metrology-setup)
    -------------------------------------------------------------------------
<CODE> 1 (was CODE)
  Relative segment, address: 56AC - 56D3 (0x28 bytes), align: 1
  Segment part 48.
           ENTRY                   ADDRESS         REF BY
           =====                   =======         ======
           active_energy_pulse_start
                                   56AC            per_sample_energy_pulse_processing (metrology-background)
    -------------------------------------------------------------------------
<CODE> 1 (was CODE)
  Relative segment, address: 56D4 - 56FB (0x28 bytes), align: 1
  Segment part 49.
           ENTRY                   ADDRESS         REF BY
           =====                   =======         ======
           active_energy_pulse_end
                                   56D4            per_sample_energy_pulse_processing (metrology-background)
                                                   system_setup (emeter-setup)
    -------------------------------------------------------------------------
<CODE> 1 (was CODE)
  Relative segment, address: 6FF2 - 6FFD (0xc bytes), align: 1
  Segment part 50.
           ENTRY                   ADDRESS         REF BY
           =====                   =======         ======
           reactive_energy_pulse_start
                                   6FF2            per_sample_energy_pulse_processing (metrology-background)
    -------------------------------------------------------------------------
<CODE> 1 (was CODE)
  Relative segment, address: 6FE6 - 6FF1 (0xc bytes), align: 1
  Segment part 51.
           ENTRY                   ADDRESS         REF BY
           =====                   =======         ======
           reactive_energy_pulse_end
                                   6FE6            per_sample_energy_pulse_processing (metrology-background)
                                                   system_setup (emeter-setup)
    -------------------------------------------------------------------------
<CODE> 1 (was CODE)
  Relative segment, address: 6808 - 684B (0x44 bytes), align: 1
  Segment part 52.
           ENTRY                   ADDRESS         REF BY
           =====                   =======         ======
           energy_update           6808            ?Subroutine13 (metrology-foreground)
                                                   ?Subroutine14 (metrology-foreground)
               calls direct
    -------------------------------------------------------------------------
DATA20_C
  Relative segment, address: 7064 - 7083 (0x20 bytes), align: 1
  Segment part 32.            Intra module refs:   energy_update
           LOCAL                   ADDRESS         
           =====                   =======         
           energy_update::map      7064 
    -------------------------------------------------------------------------
<CODE> 1 (was CODE)
  Relative segment, address: 636A - 63D9 (0x70 bytes), align: 1
  Segment part 53.
           ENTRY                   ADDRESS         REF BY
           =====                   =======         ======
           sag_swell_event         636A            per_sample_dsp (metrology-background)
    -------------------------------------------------------------------------
ISR_CODE
  Relative segment, address: 41C4 - 41C9 (0x6 bytes), align: 1
  Segment part 55.            Intra module refs:   ISR_trap::??INTVEC 104
                                                   ISR_trap::??INTVEC 108
                                                   ISR_trap::??INTVEC 116
                                                   ISR_trap::??INTVEC 122
                                                   ISR_trap::??INTVEC 124
                                                   ISR_trap::??INTVEC 82
                                                   ISR_trap::??INTVEC 84
                                                   ISR_trap::??INTVEC 86
                                                   ISR_trap::??INTVEC 88
                                                   ISR_trap::??INTVEC 90
                                                   ISR_trap::??INTVEC 92
                                                   ISR_trap::??INTVEC 94
                                                   ISR_trap::??INTVEC 96
                                                   ISR_trap::??INTVEC 98
           ENTRY                   ADDRESS         REF BY
           =====                   =======         ======
           ISR_trap                41C4 
               interrupt function
    -------------------------------------------------------------------------
INTVEC
  Common segment, address: FF80 - FFD3 (0x54 bytes), align: 1
  Segment part 5. ROOT 
           ENTRY                   ADDRESS         REF BY
           =====                   =======         ======
           ISR_trap::??INTVEC 82   FFD2 
    -------------------------------------------------------------------------
INTVEC
  Common segment, address: FF80 - FFD5 (0x56 bytes), align: 1
  Segment part 6. ROOT 
           ENTRY                   ADDRESS         REF BY
           =====                   =======         ======
           ISR_trap::??INTVEC 84   FFD4 
    -------------------------------------------------------------------------
INTVEC
  Common segment, address: FF80 - FFD7 (0x58 bytes), align: 1
  Segment part 7. ROOT 
           ENTRY                   ADDRESS         REF BY
           =====                   =======         ======
           ISR_trap::??INTVEC 86   FFD6 
    -------------------------------------------------------------------------
INTVEC
  Common segment, address: FF80 - FFD9 (0x5a bytes), align: 1
  Segment part 8. ROOT 
           ENTRY                   ADDRESS         REF BY
           =====                   =======         ======
           ISR_trap::??INTVEC 88   FFD8 
    -------------------------------------------------------------------------
INTVEC
  Common segment, address: FF80 - FFDB (0x5c bytes), align: 1
  Segment part 9. ROOT 
           ENTRY                   ADDRESS         REF BY
           =====                   =======         ======
           ISR_trap::??INTVEC 90   FFDA 
    -------------------------------------------------------------------------
INTVEC
  Common segment, address: FF80 - FFDD (0x5e bytes), align: 1
  Segment part 10. ROOT 
           ENTRY                   ADDRESS         REF BY
           =====                   =======         ======
           ISR_trap::??INTVEC 92   FFDC 
    -------------------------------------------------------------------------
INTVEC
  Common segment, address: FF80 - FFDF (0x60 bytes), align: 1
  Segment part 11. ROOT 
           ENTRY                   ADDRESS         REF BY
           =====                   =======         ======
           ISR_trap::??INTVEC 94   FFDE 
    -------------------------------------------------------------------------
INTVEC
  Common segment, address: FF80 - FFE1 (0x62 bytes), align: 1
  Segment part 12. ROOT 
           ENTRY                   ADDRESS         REF BY
           =====                   =======         ======
           ISR_trap::??INTVEC 96   FFE0 
    -------------------------------------------------------------------------
INTVEC
  Common segment, address: FF80 - FFE3 (0x64 bytes), align: 1
  Segment part 13. ROOT 
           ENTRY                   ADDRESS         REF BY
           =====                   =======         ======
           ISR_trap::??INTVEC 98   FFE2 
    -------------------------------------------------------------------------
INTVEC
  Common segment, address: FF80 - FFE9 (0x6a bytes), align: 1
  Segment part 14. ROOT 
           ENTRY                   ADDRESS         REF BY
           =====                   =======         ======
           ISR_trap::??INTVEC 104
                                   FFE8 
    -------------------------------------------------------------------------
INTVEC
  Common segment, address: FF80 - FFED (0x6e bytes), align: 1
  Segment part 15. ROOT 
           ENTRY                   ADDRESS         REF BY
           =====                   =======         ======
           ISR_trap::??INTVEC 108
                                   FFEC 
    -------------------------------------------------------------------------
INTVEC
  Common segment, address: FF80 - FFF5 (0x76 bytes), align: 1
  Segment part 16. ROOT 
           ENTRY                   ADDRESS         REF BY
           =====                   =======         ======
           ISR_trap::??INTVEC 116
                                   FFF4 
    -------------------------------------------------------------------------
INTVEC
  Common segment, address: FF80 - FFFB (0x7c bytes), align: 1
  Segment part 17. ROOT 
           ENTRY                   ADDRESS         REF BY
           =====                   =======         ======
           ISR_trap::??INTVEC 122
                                   FFFA 
    -------------------------------------------------------------------------
INTVEC
  Common segment, address: FF80 - FFFD (0x7e bytes), align: 1
  Segment part 18. ROOT 
           ENTRY                   ADDRESS         REF BY
           =====                   =======         ======
           ISR_trap::??INTVEC 124
                                   FFFC 

    *************************************************************************

  FILE NAME : C:\Projetos\Ztec\Source\emeter-metrology\emeter-metrology-67641\Debug\Exe\emeter-metrology-67641.r43
  PROGRAM MODULE, NAME : accum48

Absolute parts
           LOCAL                   ADDRESS         
           =====                   =======         
           __MSP430F6779__         0000 
           __MSP430_6779__         0000 
  SEGMENTS IN THE MODULE
  ======================
<CODE> 1 (was CODE)
  Relative segment, address: 690E - 6927 (0x1a bytes), align: 1
  Segment part 0. ROOT 
           ENTRY                   ADDRESS         REF BY
           =====                   =======         ======
           accum48                 690E 
    -------------------------------------------------------------------------
<CODE> 1 (was CODE)
  Relative segment, address: 6928 - 6939 (0x12 bytes), align: 1
  Segment part 1. ROOT 
           ENTRY                   ADDRESS         REF BY
           =====                   =======         ======
           accum48_48              6928            per_sample_dsp (metrology-background)
    -------------------------------------------------------------------------
<CODE> 1 (was CODE)
  Relative segment, address: 693A - 694B (0x12 bytes), align: 1
  Segment part 2. ROOT 
           ENTRY                   ADDRESS         REF BY
           =====                   =======         ======
           decum48_48              693A            per_sample_dsp (metrology-background)

    -------------------------------------------------------------------------
  PROGRAM MODULE, NAME : bin2bcd16

Absolute parts
           LOCAL                   ADDRESS         
           =====                   =======         
           __MSP430F6779__         0000 
           __MSP430_6779__         0000 
  SEGMENTS IN THE MODULE
  ======================
<CODE> 1 (was CODE)
  Relative segment, address: 6C50 - 6C75 (0x26 bytes), align: 1
  Segment part 0. ROOT 
           ENTRY                   ADDRESS         REF BY
           =====                   =======         ======
           bin2bcd16               6C50 
           LOCAL                   ADDRESS         
           =====                   =======         
           bin2bcd16_1             6C5A 

    -------------------------------------------------------------------------
  PROGRAM MODULE, NAME : bin2bcd32

Absolute parts
           LOCAL                   ADDRESS         
           =====                   =======         
           __MSP430F6779__         0000 
           __MSP430_6779__         0000 
  SEGMENTS IN THE MODULE
  ======================
<CODE> 1 (was CODE)
  Relative segment, address: 684C - 688D (0x42 bytes), align: 1
  Segment part 0. ROOT 
           ENTRY                   ADDRESS         REF BY
           =====                   =======         ======
           bin2bcd32               684C 
           LOCAL                   ADDRESS         
           =====                   =======         
           bin2bcd32_1             6858 
           bin2bcd32_2             6866 

    -------------------------------------------------------------------------
  PROGRAM MODULE, NAME : bin2bcd64

Absolute parts
           LOCAL                   ADDRESS         
           =====                   =======         
           __MSP430F6779__         0000 
           __MSP430_6779__         0000 
  SEGMENTS IN THE MODULE
  ======================
<CODE> 1 (was CODE)
  Relative segment, address: 6164 - 61E9 (0x86 bytes), align: 1
  Segment part 0. ROOT 
           ENTRY                   ADDRESS         REF BY
           =====                   =======         ======
           bin2bcd64               6164 
           LOCAL                   ADDRESS         
           =====                   =======         
           bin2bcd64_1             6174 
           bin2bcd64_2             6182 
           bin2bcd64_3             6192 
           bin2bcd64_4             61A4 

    -------------------------------------------------------------------------
  PROGRAM MODULE, NAME : dc_filter16

Absolute parts
           LOCAL                   ADDRESS         
           =====                   =======         
           __MSP430F6779__         0000 
           __MSP430_6779__         0000 
  SEGMENTS IN THE MODULE
  ======================
<CODE> 1 (was CODE)
  Relative segment, address: 66CA - 66F3 (0x2a bytes), align: 1
  Segment part 0. ROOT 
           ENTRY                   ADDRESS         REF BY
           =====                   =======         ======
           dc_filter16             66CA            per_sample_dsp (metrology-background)
    -------------------------------------------------------------------------
<CODE> 1 (was CODE)
  Relative segment, address: 66F4 - 66FB (0x8 bytes), align: 1
  Segment part 1. ROOT 
           ENTRY                   ADDRESS         REF BY
           =====                   =======         ======
           dc_filter16_no_update   66F4 
    -------------------------------------------------------------------------
<CODE> 1 (was CODE)
  Relative segment, address: 66FC - 6705 (0xa bytes), align: 1
  Segment part 2. ROOT 
           ENTRY                   ADDRESS         REF BY
           =====                   =======         ======
           dc_filter16_init        66FC            metrology_init_from_nv_data (metrology-setup)
    -------------------------------------------------------------------------
<CODE> 1 (was CODE)
  Relative segment, address: 6706 - 671D (0x18 bytes), align: 1
  Segment part 3. ROOT 
           ENTRY                   ADDRESS         REF BY
           =====                   =======         ======
           dc_filter16_estimate    6706            per_sample_dsp (metrology-background)

    -------------------------------------------------------------------------
  PROGRAM MODULE, NAME : dc_filter24

Absolute parts
           LOCAL                   ADDRESS         
           =====                   =======         
           __MSP430F6779__         0000 
           __MSP430_6779__         0000 
  SEGMENTS IN THE MODULE
  ======================
<CODE> 1 (was CODE)
  Relative segment, address: 626E - 62A7 (0x3a bytes), align: 1
  Segment part 0. ROOT 
           ENTRY                   ADDRESS         REF BY
           =====                   =======         ======
           dc_filter24             626E            per_sample_dsp (metrology-background)
    -------------------------------------------------------------------------
<CODE> 1 (was CODE)
  Relative segment, address: 62A8 - 62B5 (0xe bytes), align: 1
  Segment part 1. ROOT 
           ENTRY                   ADDRESS         REF BY
           =====                   =======         ======
           dc_filter24_no_update   62A8 
    -------------------------------------------------------------------------
<CODE> 1 (was CODE)
  Relative segment, address: 62B6 - 62CF (0x1a bytes), align: 1
  Segment part 2. ROOT 
           ENTRY                   ADDRESS         REF BY
           =====                   =======         ======
           dc_filter24_init        62B6            metrology_init_from_nv_data (metrology-setup)
    -------------------------------------------------------------------------
<CODE> 1 (was CODE)
  Relative segment, address: 62D0 - 62EB (0x1c bytes), align: 1
  Segment part 3. ROOT 
           ENTRY                   ADDRESS         REF BY
           =====                   =======         ======
           dc_filter24_estimate    62D0            per_sample_dsp (metrology-background)

    -------------------------------------------------------------------------
  LIBRARY MODULE, NAME : div48

  SEGMENTS IN THE MODULE
  ======================
<CODE> 1 (was CODE)
  Relative segment, address: 63DA - 643F (0x66 bytes), align: 1
  Segment part 2.
           ENTRY                   ADDRESS         REF BY
           =====                   =======         ======
           div48                   63DA            evaluate_rms_voltage (metrology-foreground)
               calls direct

    -------------------------------------------------------------------------
  LIBRARY MODULE, NAME : hal_pmm

  SEGMENTS IN THE MODULE
  ======================
DATA16_AN
  Relative segment, address: 0126 - 0127 (0x2 bytes), align: 0
  Segment part 3. ROOT        Intra module refs:   SetVCoreDown
                                                   SetVCoreUp
           ENTRY                   ADDRESS         REF BY
           =====                   =======         ======
           _A_SVSMLCTL_L           0126 
           LOCAL                   ADDRESS         
           =====                   =======         
           SVSMLCTL                0126 
           SVSMLCTL_H              0127 
           SVSMLCTL_L              0126 
    -------------------------------------------------------------------------
DATA16_AN
  Relative segment, address: 012C - 012D (0x2 bytes), align: 0
  Segment part 4. ROOT        Intra module refs:   SetVCoreDown
                                                   SetVCoreUp
           ENTRY                   ADDRESS         REF BY
           =====                   =======         ======
           _A_PMMIFG_L             012C 
           LOCAL                   ADDRESS         
           =====                   =======         
           PMMIFG                  012C 
           PMMIFG_H                012D 
           PMMIFG_L                012C 
    -------------------------------------------------------------------------
DATA16_AN
  Relative segment, address: 012E - 012F (0x2 bytes), align: 0
  Segment part 5. ROOT        Intra module refs:   SetVCoreDown
                                                   SetVCoreUp
           ENTRY                   ADDRESS         REF BY
           =====                   =======         ======
           _A_PMMRIE_L             012E 
           LOCAL                   ADDRESS         
           =====                   =======         
           PMMRIE                  012E 
           PMMRIE_H                012F 
           PMMRIE_L                012E 
    -------------------------------------------------------------------------
<CODE> 1 (was CODE)
  Relative segment, address: 5DAC - 5E6B (0xc0 bytes), align: 1
  Segment part 7.             Intra module refs:   SetVCore
           ENTRY                   ADDRESS         REF BY
           =====                   =======         ======
           SetVCoreUp              5DAC 
    -------------------------------------------------------------------------
<CODE> 1 (was CODE)
  Relative segment, address: 60D8 - 6163 (0x8c bytes), align: 1
  Segment part 8.             Intra module refs:   SetVCore
           ENTRY                   ADDRESS         REF BY
           =====                   =======         ======
           SetVCoreDown            60D8 
    -------------------------------------------------------------------------
<CODE> 1 (was CODE)
  Relative segment, address: 694C - 6989 (0x3e bytes), align: 1
  Segment part 9.
           ENTRY                   ADDRESS         REF BY
           =====                   =======         ======
           SetVCore                694C            set_clock_slow (emeter-setup)
               calls direct

    -------------------------------------------------------------------------
  PROGRAM MODULE, NAME : imul16

Absolute parts
           LOCAL                   ADDRESS         
           =====                   =======         
           __MSP430F6779__         0000 
           __MSP430_6779__         0000 
  SEGMENTS IN THE MODULE
  ======================
<CODE> 1 (was CODE)
  Relative segment, address: 6E7A - 6E93 (0x1a bytes), align: 1
  Segment part 0. ROOT 
           ENTRY                   ADDRESS         REF BY
           =====                   =======         ======
           imul16                  6E7A 

    -------------------------------------------------------------------------
  PROGRAM MODULE, NAME : imul16u

Absolute parts
           LOCAL                   ADDRESS         
           =====                   =======         
           __MSP430F6779__         0000 
           __MSP430_6779__         0000 
  SEGMENTS IN THE MODULE
  ======================
<CODE> 1 (was CODE)
  Relative segment, address: 6EAE - 6EC7 (0x1a bytes), align: 1
  Segment part 0. ROOT 
           ENTRY                   ADDRESS         REF BY
           =====                   =======         ======
           imul16u                 6EAE 

    -------------------------------------------------------------------------
  PROGRAM MODULE, NAME : isqrt16

Absolute parts
           LOCAL                   ADDRESS         
           =====                   =======         
           __MSP430F6779__         0000 
           __MSP430_6779__         0000 
  SEGMENTS IN THE MODULE
  ======================
<CODE> 1 (was CODE)
  Relative segment, address: 6BDE - 6C03 (0x26 bytes), align: 1
  Segment part 0. ROOT 
           ENTRY                   ADDRESS         REF BY
           =====                   =======         ======
           isqrt16                 6BDE 
           LOCAL                   ADDRESS         
           =====                   =======         
           isqrt16_1               6BE6 
           isqrt16_2               6BF2 

    -------------------------------------------------------------------------
  PROGRAM MODULE, NAME : isqrt32

Absolute parts
           LOCAL                   ADDRESS         
           =====                   =======         
           __MSP430F6779__         0000 
           __MSP430_6779__         0000 
  SEGMENTS IN THE MODULE
  ======================
<CODE> 1 (was CODE)
  Relative segment, address: 64A4 - 6505 (0x62 bytes), align: 1
  Segment part 0. ROOT 
           ENTRY                   ADDRESS         REF BY
           =====                   =======         ======
           isqrt32                 64A4            evaluate_rms_voltage (metrology-foreground)
           LOCAL                   ADDRESS         
           =====                   =======         
           isqrt32_1               64B2 
           isqrt32_2               64C4 
           isqrt32_3               64DE 
           isqrt32_4               64F0 

    -------------------------------------------------------------------------
  PROGRAM MODULE, NAME : isqrt64

Absolute parts
           LOCAL                   ADDRESS         
           =====                   =======         
           __MSP430F6779__         0000 
           __MSP430_6779__         0000 
  SEGMENTS IN THE MODULE
  ======================
<CODE> 1 (was CODE)
  Relative segment, address: 5E6C - 5F13 (0xa8 bytes), align: 1
  Segment part 0. ROOT 
           ENTRY                   ADDRESS         REF BY
           =====                   =======         ======
           isqrt64                 5E6C            evaluate_rms_current (metrology-foreground)
                                                   isqrt64i (isqrt64i)
           LOCAL                   ADDRESS         
           =====                   =======         
           isqrt64_1               5E84 
           isqrt64_2               5EA2 
           isqrt64_3               5ED0 
           isqrt64_4               5EEE 

    -------------------------------------------------------------------------
  LIBRARY MODULE, NAME : isqrt64i

  SEGMENTS IN THE MODULE
  ======================
<CODE> 1 (was CODE)
  Relative segment, address: 6DBC - 6DD1 (0x16 bytes), align: 1
  Segment part 2.
           ENTRY                   ADDRESS         REF BY
           =====                   =======         ======
           isqrt64i                6DBC            calculate_phase_readings (metrology-foreground)
               calls direct
    -------------------------------------------------------------------------
<CODE> 1 (was CODE)
  Relative segment, address: 6DD2 - 6DD7 (0x6 bytes), align: 1
  Segment part 3.             Intra module refs:   isqrt64i
           LOCAL                   ADDRESS         
           =====                   =======         
           ?Subroutine0            6DD2 

    -------------------------------------------------------------------------
  PROGRAM MODULE, NAME : mac48

Absolute parts
           LOCAL                   ADDRESS         
           =====                   =======         
           __MSP430F6779__         0000 
           __MSP430_6779__         0000 
  SEGMENTS IN THE MODULE
  ======================
<CODE> 1 (was CODE)
  Relative segment, address: 6E60 - 6E79 (0x1a bytes), align: 1
  Segment part 0. ROOT 
           ENTRY                   ADDRESS         REF BY
           =====                   =======         ======
           mac48_16                6E60 

    -------------------------------------------------------------------------
  PROGRAM MODULE, NAME : mac64_16_24

Absolute parts
           LOCAL                   ADDRESS         
           =====                   =======         
           __MSP430F6779__         0000 
           __MSP430_6779__         0000 
  SEGMENTS IN THE MODULE
  ======================
<CODE> 1 (was CODE)
  Relative segment, address: 6B92 - 6BB7 (0x26 bytes), align: 1
  Segment part 0. ROOT 
           ENTRY                   ADDRESS         REF BY
           =====                   =======         ======
           mac64_16_24             6B92 
           LOCAL                   ADDRESS         
           =====                   =======         
           __MSP430_HAS_MPY__      6B92 
           __TOOLKIT_USE_SOFT_MPY__
                                   6B92 

    -------------------------------------------------------------------------
  PROGRAM MODULE, NAME : mul48_32_16

Absolute parts
           LOCAL                   ADDRESS         
           =====                   =======         
           __MSP430F6779__         0000 
           __MSP430_6779__         0000 
  SEGMENTS IN THE MODULE
  ======================
<CODE> 1 (was CODE)
  Relative segment, address: 6C76 - 6C9B (0x26 bytes), align: 1
  Segment part 0. ROOT 
           ENTRY                   ADDRESS         REF BY
           =====                   =======         ======
           mul48_32_16             6C76 
           LOCAL                   ADDRESS         
           =====                   =======         
           __MSP430_HAS_MPY__      6C76 
           __TOOLKIT_USE_SOFT_MPY__
                                   6C76 

    -------------------------------------------------------------------------
  PROGRAM MODULE, NAME : mul48u_32_16

Absolute parts
           LOCAL                   ADDRESS         
           =====                   =======         
           __MSP430F6779__         0000 
           __MSP430_6779__         0000 
  SEGMENTS IN THE MODULE
  ======================
<CODE> 1 (was CODE)
  Relative segment, address: 6D58 - 6D79 (0x22 bytes), align: 1
  Segment part 0. ROOT 
           ENTRY                   ADDRESS         REF BY
           =====                   =======         ======
           mul48u_32_16            6D58 
           LOCAL                   ADDRESS         
           =====                   =======         
           __MSP430_HAS_MPY__      6D58 
           __TOOLKIT_USE_SOFT_MPY__
                                   6D58 

    -------------------------------------------------------------------------
  PROGRAM MODULE, NAME : q1_15_mul

Absolute parts
           LOCAL                   ADDRESS         
           =====                   =======         
           __MSP430F6779__         0000 
           __MSP430_6779__         0000 
  SEGMENTS IN THE MODULE
  ======================
<CODE> 1 (was CODE)
  Relative segment, address: 6D9C - 6DBB (0x20 bytes), align: 1
  Segment part 0. ROOT 
           ENTRY                   ADDRESS         REF BY
[...]
  Segment part 8.             Intra module refs:   _Div64s
    -------------------------------------------------------------------------
<CODE> 1 (was CODE)
  Relative segment, address: 6F8E - 6F9F (0x12 bytes), align: 1
  Segment part 9.             Intra module refs:   Segment part 6
                                                   _Div64s
    -------------------------------------------------------------------------
<CODE> 1 (was CODE)
  Relative segment, address: 6E94 - 6EAD (0x1a bytes), align: 1
  Segment part 4.             Intra module refs:   _Div64u

    -------------------------------------------------------------------------
  LIBRARY MODULE, NAME : ?exit

  SEGMENTS IN THE MODULE
  ======================
<CODE> 1 (was CODE)
  Relative segment, address: 7056 - 7059 (0x4 bytes), align: 1
  Segment part 2.
           ENTRY                   ADDRESS         REF BY
           =====                   =======         ======
           exit                    7056            Segment part 27 (?cstart)
               calls direct

    -------------------------------------------------------------------------
  LIBRARY MODULE, NAME : ?Cast32f32i

  SEGMENTS IN THE MODULE
  ======================
<CODE> 1 (was CODE)
  Relative segment, address: 5FB6 - 5FC9 (0x14 bytes), align: 1
  Segment part 0.
           ENTRY                   ADDRESS         REF BY
           =====                   =======         ======
           _Cast32sto32f           5FB6            ?Subroutine4 (emeter-main)
                                                   ?Subroutine5 (emeter-main)
                                                   Segment part 37 (emeter-main)
                                                   Segment part 39 (emeter-main)
                                                   updateMapaMemoria (emeter-main)
    -------------------------------------------------------------------------
<CODE> 1 (was CODE)
  Relative segment, address: 5FCA - 6047 (0x7e bytes), align: 1
  Segment part 1.             Intra module refs:   _Cast32sto32f
           ENTRY                   ADDRESS         REF BY
           =====                   =======         ======
           _Cast32uto32f           5FCA 

    -------------------------------------------------------------------------
  LIBRARY MODULE, NAME : ?DivMod816u

  SEGMENTS IN THE MODULE
  ======================
<CODE> 1 (was CODE)
  Relative segment, address: 6EE2 - 6EF9 (0x18 bytes), align: 1
  Segment part 1.
           ENTRY                   ADDRESS         REF BY
           =====                   =======         ======
           ?DivMod16u              6EE2            ?DivMod16s (?DivMod816s)

    -------------------------------------------------------------------------
  LIBRARY MODULE, NAME : ?DivMod816s

  SEGMENTS IN THE MODULE
  ======================
<CODE> 1 (was CODE)
  Relative segment, address: 6A60 - 6A8F (0x30 bytes), align: 1
  Segment part 1.
           ENTRY                   ADDRESS         REF BY
           =====                   =======         ======
           ?DivMod16s              6A60            div48 (div48)

    -------------------------------------------------------------------------
  LIBRARY MODULE, NAME : ?DivMod32u

  SEGMENTS IN THE MODULE
  ======================
<CODE> 1 (was CODE)
  Relative segment, address: 6A30 - 6A5F (0x30 bytes), align: 1
  Segment part 0.
           ENTRY                   ADDRESS         REF BY
           =====                   =======         ======
           ?DivMod32u              6A30            ?DivMod32s (?DivMod32s)
                                                   sag_swell_control (metrology-foreground)
                                                   serial_configure (emeter-communication)

    -------------------------------------------------------------------------
  LIBRARY MODULE, NAME : ?DivMod32s

  SEGMENTS IN THE MODULE
  ======================
<CODE> 1 (was CODE)
  Relative segment, address: 68CE - 690D (0x40 bytes), align: 1
  Segment part 0.
           ENTRY                   ADDRESS         REF BY
           =====                   =======         ======
           ?DivMod32s              68CE            ?Subroutine8 (metrology-foreground)
                                                   calculate_phase_readings (metrology-foreground)
                                                   div48 (div48)

    -------------------------------------------------------------------------
  LIBRARY MODULE, NAME : ?ShiftLeft32

  SEGMENTS IN THE MODULE
  ======================
<CODE> 1 (was CODE)
  Relative segment, address: 6E46 - 6E49 (0x4 bytes), align: 1
  Segment part 2.
           ENTRY                   ADDRESS         REF BY
           =====                   =======         ======
           ?ShiftLeft32_6          6E46            energy_update (emeter-main)
    -------------------------------------------------------------------------
<CODE> 1 (was CODE)
  Relative segment, address: 6E4A - 6E4D (0x4 bytes), align: 1
  Segment part 3.             Intra module refs:   ?ShiftLeft32_6
           ENTRY                   ADDRESS         REF BY
           =====                   =======         ======
           ?ShiftLeft32_5          6E4A 
    -------------------------------------------------------------------------
<CODE> 1 (was CODE)
  Relative segment, address: 6E4E - 6E51 (0x4 bytes), align: 1
  Segment part 4.             Intra module refs:   ?ShiftLeft32_5
           ENTRY                   ADDRESS         REF BY
           =====                   =======         ======
           ?ShiftLeft32_4          6E4E 
    -------------------------------------------------------------------------
<CODE> 1 (was CODE)
  Relative segment, address: 6E52 - 6E5F (0xe bytes), align: 1
  Segment part 5.             Intra module refs:   ?ShiftLeft32_4
           ENTRY                   ADDRESS         REF BY
           =====                   =======         ======
           ?ShiftLeft32_3          6E52 

    -------------------------------------------------------------------------
  LIBRARY MODULE, NAME : ?ShiftRight32u_8n

  SEGMENTS IN THE MODULE
  ======================
<CODE> 1 (was CODE)
  Relative segment, address: 6F3E - 6F41 (0x4 bytes), align: 1
  Segment part 4.
           ENTRY                   ADDRESS         REF BY
           =====                   =======         ======
           ?ShiftRight32u_10       6F3E            evaluate_rms_voltage (metrology-foreground)
    -------------------------------------------------------------------------
<CODE> 1 (was CODE)
  Relative segment, address: 6F42 - 6F45 (0x4 bytes), align: 1
  Segment part 5.             Intra module refs:   ?ShiftRight32u_10
           ENTRY                   ADDRESS         REF BY
           =====                   =======         ======
           ?ShiftRight32u_9        6F42 
    -------------------------------------------------------------------------
<CODE> 1 (was CODE)
  Relative segment, address: 6F46 - 6F51 (0xc bytes), align: 1
  Segment part 6.             Intra module refs:   ?ShiftRight32u_9
           ENTRY                   ADDRESS         REF BY
           =====                   =======         ======
           ?ShiftRight32u_8        6F46 

    -------------------------------------------------------------------------
  LIBRARY MODULE, NAME : ?ShiftRight64s_n

  SEGMENTS IN THE MODULE
  ======================
<CODE> 1 (was CODE)
  Relative segment, address: 69C4 - 69CB (0x8 bytes), align: 1
  Segment part 0.
           ENTRY                   ADDRESS         REF BY
           =====                   =======         ======
           ?ShiftRight64s_7        69C4            evaluate_reactive_power (metrology-foreground)
    -------------------------------------------------------------------------
<CODE> 1 (was CODE)
  Relative segment, address: 69CC - 69D3 (0x8 bytes), align: 1
  Segment part 1.             Intra module refs:   ?ShiftRight64s_7
           ENTRY                   ADDRESS         REF BY
           =====                   =======         ======
           ?ShiftRight64s_6        69CC 
    -------------------------------------------------------------------------
<CODE> 1 (was CODE)
  Relative segment, address: 69D4 - 69DB (0x8 bytes), align: 1
  Segment part 2.             Intra module refs:   ?ShiftRight64s_6
           ENTRY                   ADDRESS         REF BY
           =====                   =======         ======
           ?ShiftRight64s_5        69D4 
    -------------------------------------------------------------------------
<CODE> 1 (was CODE)
  Relative segment, address: 69DC - 69E3 (0x8 bytes), align: 1
  Segment part 3.             Intra module refs:   ?ShiftRight64s_5
           ENTRY                   ADDRESS         REF BY
           =====                   =======         ======
           ?ShiftRight64s_4        69DC 
    -------------------------------------------------------------------------
<CODE> 1 (was CODE)
  Relative segment, address: 69E4 - 69EB (0x8 bytes), align: 1
  Segment part 4.             Intra module refs:   ?ShiftRight64s_4
           ENTRY                   ADDRESS         REF BY
           =====                   =======         ======
           ?ShiftRight64s_3        69E4 
    -------------------------------------------------------------------------
<CODE> 1 (was CODE)
  Relative segment, address: 69EC - 69FD (0x12 bytes), align: 1
  Segment part 5.             Intra module refs:   ?ShiftRight64s_3
           ENTRY                   ADDRESS         REF BY
           =====                   =======         ======
           ?ShiftRight64s_2        69EC 

    -------------------------------------------------------------------------
  LIBRARY MODULE, NAME : ?memcpy

  SEGMENTS IN THE MODULE
  ======================
<CODE> 1 (was CODE)
  Relative segment, address: 6E10 - 6E2B (0x1c bytes), align: 1
  Segment part 2.
           ENTRY                   ADDRESS         REF BY
           =====                   =======         ======
           memcpy                  6E10            __data20_memcpy (?memzero)
                                                   process_read_inp_reg (emeter-dlt645)

    -------------------------------------------------------------------------
  LIBRARY MODULE, NAME : ?memset

  SEGMENTS IN THE MODULE
  ======================
<CODE> 1 (was CODE)
  Relative segment, address: 6DF4 - 6E0F (0x1c bytes), align: 1
  Segment part 2.
           ENTRY                   ADDRESS         REF BY
           =====                   =======         ======
           memset                  6DF4            calculate_phase_readings (metrology-foreground)
                                                   dlt645_service (emeter-dlt645)

    -------------------------------------------------------------------------
  LIBRARY MODULE, NAME : ?memzero

  SEGMENTS IN THE MODULE
  ======================
<CODE> 1 (was CODE)
  Relative segment, address: 6EFA - 6F11 (0x18 bytes), align: 1
  Segment part 5.
           ENTRY                   ADDRESS         REF BY
           =====                   =======         ======
           __data20_memzero        6EFA            ?cstart_init_zero20 (?cstart)
    -------------------------------------------------------------------------
<CODE> 1 (was CODE)
  Relative segment, address: 705E - 7061 (0x4 bytes), align: 1
  Segment part 6.
           ENTRY                   ADDRESS         REF BY
           =====                   =======         ======
           __data20_memcpy         705E            ?cstart_init_copy20 (?cstart)
               calls direct

    -------------------------------------------------------------------------
  LIBRARY MODULE, NAME : ?mul32s32sto64i

  SEGMENTS IN THE MODULE
  ======================
<CODE> 1 (was CODE)
  Relative segment, address: 6D7A - 6D9B (0x22 bytes), align: 1
  Segment part 2.
           ENTRY                   ADDRESS         REF BY
           =====                   =======         ======
           _Mul32s32sto64i         6D7A            calculate_phase_readings (metrology-foreground)
               calls direct

    -------------------------------------------------------------------------
  LIBRARY MODULE, NAME : ?Mul32Hw32

  SEGMENTS IN THE MODULE
  ======================
<CODE> 1 (was CODE)
  Relative segment, address: 6D34 - 6D57 (0x24 bytes), align: 1
  Segment part 0.
           ENTRY                   ADDRESS         REF BY
           =====                   =======         ======
           ?Mul32Hw32              6D34            estimate_current_rtc_correction (emeter-rtc-c)

    -------------------------------------------------------------------------
  LIBRARY MODULE, NAME : ?Mul32u32uto64iHw32

  SEGMENTS IN THE MODULE
  ======================
<CODE> 1 (was CODE)
  Relative segment, address: 6AEA - 6B15 (0x2c bytes), align: 1
  Segment part 0.
           ENTRY                   ADDRESS         REF BY
           =====                   =======         ======
           ?Mul32u32uto64iHw32     6AEA            _Mul32s32sto64i (?mul32s32sto64i)

    -------------------------------------------------------------------------
  LIBRARY MODULE, NAME : ?Mul64Hw32

  SEGMENTS IN THE MODULE
  ======================
<CODE> 1 (was CODE)
  Relative segment, address: 6672 - 66C9 (0x58 bytes), align: 1
  Segment part 0.
           ENTRY                   ADDRESS         REF BY
           =====                   =======         ======
           ?Mul64Hw32              6672            ?Subroutine4 (metrology-foreground)
                                                   integrate_power_to_energy (metrology-foreground)
                                                   sag_swell_control (metrology-foreground)




                ****************************************
                *                                      *
                *      SEGMENTS IN ADDRESS ORDER       *
                *                                      *
                ****************************************


SEGMENT              SPACE    START ADDRESS   END ADDRESS     SIZE  TYPE  ALIGN
=======              =====    =============   ===========     ====  ====  =====
DATA16_AN                              0102 - 0103               2   rel    0
                                       0120 - 0121               2 
                                       0124 - 0127               4 
                                       012C - 012F               4 
                                       0140 - 0141               2 
                                       0144 - 0145               2 
                                       015C - 015D               2 
                                       0160 - 0165               6 
                                       0168 - 016F               8 
                                       01B0 - 01B1               2 
                                       0200 - 0207               8 
                                       020A - 020B               2 
                                       0222 - 0227               6 
                                       022A - 022B               2 
                                       0242 - 0247               6 
                                       024A - 024B               2 
                                       0262 - 0267               6 
                                       026A - 026B               2 
                                       0282 - 0287               6 
                                       028A - 028B               2 
                                       0322 - 0325               4 
                                       032A - 032B               2 
                                       04A0 - 04A7               8 
                                       04AE - 04B7               A 
                                       04C2 - 04C3               2 
                                       04C8 - 04C9               2 
                                       04D0 - 04D7               8 
                                       04E0 - 04EB               C 
                                       0500 - 0501               2 
                                       050E - 0511               4 
                                       0520 - 052B               C 
                                       0530 - 0531               2 
                                       05C0 - 05C1               2 
                                       05C6 - 05C9               4 
                                       05CC - 05CF               4 
                                       05DA - 05E1               8 
                                       05E6 - 05E9               4 
                                       05EC - 05EF               4 
                                       05FA - 0601               8 
                                       0606 - 0609               4 
                                       060E - 060F               2 
                                       061C - 061D               2 
                                       0640 - 0641               2 
                                       0646 - 0649               4 
                                       064E - 064F               2 
                                       0660 - 0661               2 
                                       066A - 066D               4 
                                       0740 - 0745               6 
                                       074A - 074B               2 
                                       0752 - 0753               2 
                                       075A - 075D               4 
                                       0800 - 0805               6 
                                       0808 - 080D               6 
                                       0810 - 0827              18 
                                       0850 - 085B               C 
                                       09E0 - 09E1               2 
                                       09E4 - 09E5               2 
                                       09F4 - 09F7               4 
                                       09FC - 0A0F              14 
                                       0A12 - 0A13               2 
                                       0A20 - 0A20               1 
INFO                                   1800 - 187F              80   rel    1
CODE_I                                    1C00                       rel    1
DATA20_I                               1C00 - 1C10              11   rel    1
DATA20_Z                               1C12 - 244E             83D   rel    1
DATA20_N                                  2450                       rel    1
CSTACK                                 3B6A - 3BFF              96   rel    1
CSTART                                 4000 - 402F              30   rel    1
ISR_CODE                               4030 - 444B             41C   rel    1
<CODE> 1                               444C - 7063            2C18   rel    1
DATA20_C                               7064 - 74D9             476   rel    1
DATA20_ID                              74DA - 74EA              11   rel    1
CODE_ID                                   74EC                       rel    1
INTVEC                                 FF80 - FFFD              7E   com    1
RESET                                  FFFE - FFFF               2   rel    1

                ****************************************
                *                                      *
                *        END OF CROSS REFERENCE        *
                *                                      *
                ****************************************

 12 516 bytes of CODE  memory
  2 276 bytes of DATA  memory (+ 293 absolute )
  1 287 bytes of CONST memory

Errors: none
Warnings: none

