################################################################################
#                                                                              #
#      IAR Universal Linker V6.5.1.95                                          #
#                                                                              #
#           Link time     =  01/Jul/2024  14:30:28                             #
#           Target CPU    =  MSP430                                            #
#           List file     =  C:\Projetos\Ztec\Source\emeter-app\emeter-app-676 #
#                            41\Debug\List\emeter-app-67641.map                #
#           Output file 1 =  C:\Projetos\Ztec\Source\emeter-app\emeter-app-676 #
#                            41\Debug\Exe\emeter-app-67641.d43                 #
#                            Format: ubrof10                                   #
#                            UBROF version 10.0.6                              #
#                            Using library modules for C-SPY (-rt)             #
#           Command line  =  -f C:\Users\liwka\AppData\Local\Temp\EW34F0.tmp   #
#                            (C:\Projetos\Ztec\Source\emeter-app\emeter-app-67 #
#                            641\Debug\Obj\emeter-basic-display.r43            #
#                            C:\Projetos\Ztec\Source\emeter-app\emeter-app-676 #
#                            41\Debug\Obj\emeter-basic-oled.r43                #
#                            C:\Projetos\Ztec\Source\emeter-app\emeter-app-676 #
#                            41\Debug\Obj\emeter-communication.r43             #
#                            C:\Projetos\Ztec\Source\emeter-app\emeter-app-676 #
#                            41\Debug\Obj\emeter-dlt645.r43                    #
#                            C:\Projetos\Ztec\Source\emeter-app\emeter-app-676 #
#                            41\Debug\Obj\emeter-keypad.r43                    #
#                            C:\Projetos\Ztec\Source\emeter-app\emeter-app-676 #
#                            41\Debug\Obj\emeter-lcd.r43                       #
#                            C:\Projetos\Ztec\Source\emeter-app\emeter-app-676 #
#                            41\Debug\Obj\emeter-main.r43                      #
#                            C:\Projetos\Ztec\Source\emeter-metrology\emeter-m #
#                            etrology-67641\Debug\Exe\emeter-metrology-67641.r #
#                            43                                                #
#                            C:\Projetos\Ztec\Source\emeter-app\emeter-app-676 #
#                            41\Debug\Obj\emeter-multirate.r43                 #
#                            C:\Projetos\Ztec\Source\emeter-app\emeter-app-676 #
#                            41\Debug\Obj\emeter-oled.r43                      #
#                            C:\Projetos\Ztec\Source\emeter-app\emeter-app-676 #
#                            41\Debug\Obj\emeter-rtc-c.r43                     #
#                            C:\Projetos\Ztec\Source\emeter-app\emeter-app-676 #
#                            41\Debug\Obj\emeter-setup.r43                     #
#                            -o                                                #
#                            C:\Projetos\Ztec\Source\emeter-app\emeter-app-676 #
#                            41\Debug\Exe\emeter-app-67641.d43                 #
#                            -l                                                #
#                            C:\Projetos\Ztec\Source\emeter-app\emeter-app-676 #
#                            41\Debug\List\emeter-app-67641.map                #
#                            -xms                                              #
#                            "-IC:\Program Files (x86)\IAR Systems\Embedded Wo #
#                            rkbench 8.0\430\LIB\"                             #
#                            -f                                                #
#                            "C:\Program Files (x86)\IAR Systems\Embedded Work #
#                            bench 8.0\430\config\linker\lnk430f67641a.xcl"    #
#                            (-cmsp430 -QCODE_I=CODE_ID -QTLS16_I=TLS16_ID     #
#                            -D__iar_HWMUL=4C0 -Z(CONST)INFO=1800-19FF         #
#                            -Z(CONST)INFOA=1980-19FF                          #
#                            -Z(CONST)INFOB=1900-197F                          #
#                            -Z(CONST)INFOC=1880-18FF                          #
#                            -Z(CONST)INFOD=1800-187F                          #
#                            -Z(DATA)DATA16_I,DATA16_Z,DATA16_N,TLS16_I=1C00-3 #
#                            BFF                                               #
#                            -Z(DATA)DATA16_HEAP+_DATA16_HEAP_SIZE             #
#                            -Z(DATA)CODE_I                                    #
#                            -Z(DATA)DATA20_I,DATA20_Z,DATA20_N,DATA20_HEAP+_D #
#                            ATA20_HEAP_SIZE                                   #
#                            -Z(DATA)CSTACK+_STACK_SIZE#                       #
#                            -Z(CONST)DATA16_C,DATA16_ID,TLS16_ID,DIFUNCT,CHEC #
#                            KSUM=4000-FF7F                                    #
#                            -Z(CODE)CSTART,ISR_CODE,CODE16=4000-FF7F          #
#                            -P(CODE)CODE=4000-FF7F,10000-23FFF                #
#                            -Z(CONST)DATA20_C,DATA20_ID,CODE_ID=4000-FF7F,100 #
#                            40-23FFF                                          #
#                            -Z(CODE)INTVEC=FF80-FFFF                          #
#                            -Z(CODE)RESET=FFFE-FFFF) -f                       #
#                            "C:\Program Files (x86)\IAR Systems\Embedded Work #
#                            bench 8.0\430\config\linker\multiplier32.xcl"     #
#                            (-e?Mul8Hw=?Mul8 -e?Mul16Hw=?Mul16                #
#                            -e?Mul16to32uHw=?Mul16to32u                       #
#                            -e?Mul16to32sHw=?Mul16to32s -e?Mul32Hw32=?Mul32   #
#                            -e?Mul64Hw32=_Mul64i                              #
#                            -e?Mul32u32uto64iHw32=_Mul32u32uto64i             #
#                            -e?Mul32fHw32=_Mul32f                             #
#                            -e_Mul64fHw32Ptr=_Mul64fPtr) -D_STACK_SIZE=96     #
#                            -rt                                               #
#                            "C:\Program Files (x86)\IAR Systems\Embedded Work #
#                            bench 8.0\430\lib\dlib\dl430xllfn.r43"            #
#                            -e_PrintfLarge=_Printf -e_ScanfLarge=_Scanf       #
#                            -D_DATA16_HEAP_SIZE=50 -s __program_start         #
#                            -D_DATA20_HEAP_SIZE=50)                           #
#                                                                              #
#                           Copyright (C) 1987-2016 IAR Systems AB.            #
################################################################################





                ****************************************
                *                                      *
                *           CROSS REFERENCE            *
                *                                      *
                ****************************************

       Program entry at :           4000  Relocatable, from module : ?cstart




                ****************************************
                *                                      *
                *            RUNTIME MODEL             *
                *                                      *
                ****************************************

  __Heap_Handler             = Basic
  __SystemLibrary            = DLib
  __code_model               = large
  __core                     = 430X
  __data_model               = large
  __dlib_file_descriptor     = 0
  __dlib_full_locale_support = 0
  __double_size              = 32
  __pic                      = no
  __reg_r4                   = free
  __reg_r5                   = free
  __rt_version               = 3

                ****************************************
                *                                      *
                *    AUTOMATIC SYMBOL REDIRECTIONS     *
                *                                      *
                ****************************************

                  There are no automatic symbol redirections.



                ****************************************
                *                                      *
                *              MODULE MAP              *
                *                                      *
                ****************************************


  DEFINED ABSOLUTE ENTRIES
    *************************************************************************

  DEFINED ABSOLUTE ENTRIES
  PROGRAM MODULE, NAME : ?ABS_ENTRY_MOD

Absolute parts
           ENTRY                   ADDRESS         REF BY
           =====                   =======         ======
           _DATA20_HEAP_SIZE       0050 
           _DATA16_HEAP_SIZE       0050 
           _STACK_SIZE             0096 
           __iar_HWMUL             04C0            ?Mul16to32sHw (?Mul16to32sHw)
                                                   ?Mul32Hw32 (?Mul32Hw32)
                                                   ?Mul32fHw32 (?Mul32fHw32)
                                                   ?Mul32u32uto64iHw32 (?Mul32u32uto64iHw32)
                                                   ?Mul64Hw32 (?Mul64Hw32)
                                                   ?Subroutine10 (emeter-dlt645)
                                                   ?Subroutine4 (emeter-dlt645)
                                                   ?Subroutine9 (emeter-dlt645)
                                                   Segment part 1 (?Mul8Hw)
                                                   estimate_current_rtc_correction (emeter-rtc-c)
    *************************************************************************

  FILE NAME : C:\Projetos\Ztec\Source\emeter-app\emeter-app-67641\Debug\Obj\emeter-basic-display.r43
    *************************************************************************

  FILE NAME : C:\Projetos\Ztec\Source\emeter-app\emeter-app-67641\Debug\Obj\emeter-basic-oled.r43
  PROGRAM MODULE, NAME : emeter-basic-oled

  SEGMENTS IN THE MODULE
  ======================
DATA20_I
  Relative segment, address: 1C00 - 1C01 (0x2 bytes), align: 1
  Segment part 53.            Intra module refs:   update_oled
                                                   update_oled_measures
           ENTRY                   ADDRESS         REF BY
           =====                   =======         ======
           oled_step               1C00            main (emeter-main)
    -------------------------------------------------------------------------
<CODE> 1 (was CODE)
  Relative segment, address: 8B40 - 8B7B (0x3c bytes), align: 1
  Segment part 55.
           ENTRY                   ADDRESS         REF BY
           =====                   =======         ======
           OLED_display_startup_message
                                   8B40            system_setup (emeter-setup)
               calls direct
    -------------------------------------------------------------------------
<CODE> 1 (was CODE)
  Relative segment, address: 7D9C - 7E2B (0x90 bytes), align: 1
  Segment part 56.            Intra module refs:   update_oled
                                                   update_oled_measures
           LOCAL                   ADDRESS         
           =====                   =======         
           oled_date_temp          7D9C 
               calls direct
    -------------------------------------------------------------------------
<CODE> 1 (was CODE)
  Relative segment, address: 7B4C - 7B51 (0x6 bytes), align: 1
  Segment part 80.            Intra module refs:   oled_rms_current
                                                   oled_rms_voltage
           LOCAL                   ADDRESS         
           =====                   =======         
           ?Subroutine7            7B4C 
    -------------------------------------------------------------------------
<CODE> 1 (was CODE)
  Relative segment, address: 7B52 - 7B55 (0x4 bytes), align: 1
  Segment part 81.            Intra module refs:   oled_rms_current
                                                   oled_rms_voltage
           LOCAL                   ADDRESS         
           =====                   =======         
           ?Subroutine6            7B52 
    -------------------------------------------------------------------------
<CODE> 1 (was CODE)
  Relative segment, address: 7B56 - 7B5B (0x6 bytes), align: 1
  Segment part 82.            Intra module refs:   ?Subroutine4
                                                   ?Subroutine6
           LOCAL                   ADDRESS         
           =====                   =======         
           ?Subroutine25           7B56 
    -------------------------------------------------------------------------
<CODE> 1 (was CODE)
  Relative segment, address: 7B5C - 7BB5 (0x5a bytes), align: 1
  Segment part 83.            Intra module refs:   update_oled
                                                   update_oled_measures
           LOCAL                   ADDRESS         
           =====                   =======         
           oled_mains_frequency    7B5C 
               calls direct
    -------------------------------------------------------------------------
<CODE> 1 (was CODE)
  Relative segment, address: 7BB6 - 7BBF (0xa bytes), align: 1
  Segment part 84.            Intra module refs:   oled_date_temp
                                                   oled_mains_frequency
           LOCAL                   ADDRESS         
           =====                   =======         
           ?Subroutine8            7BB6 
    -------------------------------------------------------------------------
<CODE> 1 (was CODE)
  Relative segment, address: 7BC0 - 7BC3 (0x4 bytes), align: 1
  Segment part 85.            Intra module refs:   oled_mains_frequency
                                                   oled_power_factor
           LOCAL                   ADDRESS         
           =====                   =======         
           ?Subroutine5            7BC0 
    -------------------------------------------------------------------------
<CODE> 1 (was CODE)
  Relative segment, address: 7BC4 - 7BC7 (0x4 bytes), align: 1
  Segment part 86.            Intra module refs:   ?Subroutine5
                                                   ?Subroutine7
           LOCAL                   ADDRESS         
           =====                   =======         
           ?Subroutine21           7BC4 
    -------------------------------------------------------------------------
<CODE> 1 (was CODE)
  Relative segment, address: 7BC8 - 7BCD (0x6 bytes), align: 1
  Segment part 87.            Intra module refs:   ?Subroutine21
                                                   ?Subroutine25
                                                   Segment part 71
                                                   oled_mains_frequency
    -------------------------------------------------------------------------
<CODE> 1 (was CODE)
  Relative segment, address: 7BCE - 7BD9 (0xc bytes), align: 1
  Segment part 88.            Intra module refs:   ?Subroutine4
                                                   ?Subroutine5
                                                   ?Subroutine8
                                                   oled_power_factor
           LOCAL                   ADDRESS         
           =====                   =======         
           ?Subroutine20           7BCE 
    -------------------------------------------------------------------------
<CODE> 1 (was CODE)
  Relative segment, address: 7BDA - 7BE1 (0x8 bytes), align: 1
  Segment part 89.            Intra module refs:   oled_mains_frequency
                                                   oled_power_factor
           LOCAL                   ADDRESS         
           =====                   =======         
           ?Subroutine4            7BDA 
    -------------------------------------------------------------------------
<CODE> 1 (was CODE)
  Relative segment, address: 6238 - 624D (0x16 bytes), align: 1
  Segment part 57.            Intra module refs:   update_oled
                                                   update_oled_measures
           LOCAL                   ADDRESS         
           =====                   =======         
           oled_active_power       6238 
               calls direct
    -------------------------------------------------------------------------
<CODE> 1 (was CODE)
  Relative segment, address: 624E - 62ED (0xa0 bytes), align: 1
  Segment part 58.            Intra module refs:   oled_active_power
                                                   oled_apparent_power
           LOCAL                   ADDRESS         
           =====                   =======         
           ?Subroutine1            624E 
    -------------------------------------------------------------------------
<CODE> 1 (was CODE)
  Relative segment, address: 62EE - 63AF (0xc2 bytes), align: 1
  Segment part 59.            Intra module refs:   update_oled
                                                   update_oled_measures
           LOCAL                   ADDRESS         
           =====                   =======         
           oled_reactive_power     62EE 
               calls direct
    -------------------------------------------------------------------------
<CODE> 1 (was CODE)
  Relative segment, address: 63B0 - 63BD (0xe bytes), align: 1
  Segment part 60.            Intra module refs:   oled_active_power
                                                   oled_apparent_power
                                                   oled_reactive_power
           LOCAL                   ADDRESS         
           =====                   =======         
           ?Subroutine16           63B0 
    -------------------------------------------------------------------------
<CODE> 1 (was CODE)
  Relative segment, address: 63BE - 63C5 (0x8 bytes), align: 1
  Segment part 61.            Intra module refs:   ?Subroutine1
                                                   oled_reactive_power
           LOCAL                   ADDRESS         
           =====                   =======         
           ?Subroutine15           63BE 
    -------------------------------------------------------------------------
<CODE> 1 (was CODE)
  Relative segment, address: 63C6 - 63CB (0x6 bytes), align: 1
  Segment part 62.            Intra module refs:   ?Subroutine10
                                                   ?Subroutine12
                                                   ?Subroutine15
           LOCAL                   ADDRESS         
           =====                   =======         
           ?Subroutine23           63C6 
    -------------------------------------------------------------------------
<CODE> 1 (was CODE)
  Relative segment, address: 63CC - 63D5 (0xa bytes), align: 1
  Segment part 63.            Intra module refs:   ?Subroutine1
                                                   oled_reactive_power
           LOCAL                   ADDRESS         
           =====                   =======         
           ?Subroutine14           63CC 
    -------------------------------------------------------------------------
<CODE> 1 (was CODE)
  Relative segment, address: 63D6 - 63E1 (0xc bytes), align: 1
  Segment part 64.            Intra module refs:   ?Subroutine1
                                                   oled_reactive_power
           LOCAL                   ADDRESS         
           =====                   =======         
           ?Subroutine12           63D6 
    -------------------------------------------------------------------------
<CODE> 1 (was CODE)
  Relative segment, address: 63E2 - 63ED (0xc bytes), align: 1
  Segment part 65.            Intra module refs:   ?Subroutine1
                                                   oled_reactive_power
           LOCAL                   ADDRESS         
           =====                   =======         
           ?Subroutine10           63E2 
    -------------------------------------------------------------------------
<CODE> 1 (was CODE)
  Relative segment, address: 63EE - 6407 (0x1a bytes), align: 1
  Segment part 66.            Intra module refs:   update_oled
                                                   update_oled_measures
           LOCAL                   ADDRESS         
           =====                   =======         
           oled_apparent_power     63EE 
               calls direct
    -------------------------------------------------------------------------
<CODE> 1 (was CODE)
  Relative segment, address: 675C - 67B5 (0x5a bytes), align: 1
  Segment part 67.            Intra module refs:   update_oled
                                                   update_oled_measures
           LOCAL                   ADDRESS         
           =====                   =======         
           oled_power_factor       675C 
               calls direct
    -------------------------------------------------------------------------
<CODE> 1 (was CODE)
  Relative segment, address: 67B6 - 67C9 (0x14 bytes), align: 1
  Segment part 68.            Intra module refs:   oled_power_factor
           LOCAL                   ADDRESS         
           =====                   =======         
           ?Subroutine17           67B6 
    -------------------------------------------------------------------------
<CODE> 1 (was CODE)
  Relative segment, address: 67CA - 6845 (0x7c bytes), align: 1
  Segment part 69.            Intra module refs:   update_oled
                                                   update_oled_measures
           LOCAL                   ADDRESS         
           =====                   =======         
           oled_rms_voltage        67CA 
               calls direct
    -------------------------------------------------------------------------
<CODE> 1 (was CODE)
  Relative segment, address: 6846 - 6853 (0xe bytes), align: 1
  Segment part 70.            Intra module refs:   oled_rms_current
                                                   oled_rms_voltage
           LOCAL                   ADDRESS         
           =====                   =======         
           ?Subroutine2            6846 
    -------------------------------------------------------------------------
<CODE> 1 (was CODE)
  Relative segment, address: 6854 - 6861 (0xe bytes), align: 1
  Segment part 71.            Intra module refs:   ?Subroutine2
                                                   oled_power_factor
    -------------------------------------------------------------------------
<CODE> 1 (was CODE)
  Relative segment, address: 6862 - 6865 (0x4 bytes), align: 1
  Segment part 72.            Intra module refs:   oled_rms_voltage
           LOCAL                   ADDRESS         
           =====                   =======         
           ?Subroutine18           6862 
    -------------------------------------------------------------------------
<CODE> 1 (was CODE)
  Relative segment, address: 6866 - 686B (0x6 bytes), align: 1
  Segment part 73.            Intra module refs:   ?Subroutine18
                                                   ?Subroutine19
           LOCAL                   ADDRESS         
           =====                   =======         
           ?Subroutine22           6866 
    -------------------------------------------------------------------------
<CODE> 1 (was CODE)
  Relative segment, address: 686C - 6875 (0xa bytes), align: 1
  Segment part 74.            Intra module refs:   oled_rms_current
                                                   oled_rms_voltage
           LOCAL                   ADDRESS         
           =====                   =======         
           ?Subroutine0            686C 
    -------------------------------------------------------------------------
<CODE> 1 (was CODE)
  Relative segment, address: 6876 - 68F5 (0x80 bytes), align: 1
  Segment part 75.            Intra module refs:   update_oled
                                                   update_oled_measures
           LOCAL                   ADDRESS         
           =====                   =======         
           oled_rms_current        6876 
               calls direct
    -------------------------------------------------------------------------
<CODE> 1 (was CODE)
  Relative segment, address: 68F6 - 68FD (0x8 bytes), align: 1
  Segment part 76.            Intra module refs:   oled_rms_current
           LOCAL                   ADDRESS         
           =====                   =======         
           ?Subroutine19           68F6 
    -------------------------------------------------------------------------
<CODE> 1 (was CODE)
  Relative segment, address: 94C0 - 94C3 (0x4 bytes), align: 1
  Segment part 77.            Intra module refs:   oled_rms_current
                                                   oled_rms_voltage
           LOCAL                   ADDRESS         
           =====                   =======         
           ?Subroutine11           94C0 
    -------------------------------------------------------------------------
<CODE> 1 (was CODE)
  Relative segment, address: 94C4 - 94C9 (0x6 bytes), align: 1
  Segment part 78.            Intra module refs:   ?Subroutine11
                                                   ?Subroutine9
           LOCAL                   ADDRESS         
           =====                   =======         
           ?Subroutine24           94C4 
    -------------------------------------------------------------------------
<CODE> 1 (was CODE)
  Relative segment, address: 94CA - 94D1 (0x8 bytes), align: 1
  Segment part 79.            Intra module refs:   oled_rms_current
                                                   oled_rms_voltage
           LOCAL                   ADDRESS         
           =====                   =======         
           ?Subroutine9            94CA 
    -------------------------------------------------------------------------
<CODE> 1 (was CODE)
  Relative segment, address: 6D42 - 6DBD (0x7c bytes), align: 1
  Segment part 90.            Intra module refs:   update_oled
                                                   update_oled_measures
           LOCAL                   ADDRESS         
           =====                   =======         
           oled_imported_active_energy
                                   6D42 
               calls direct
    -------------------------------------------------------------------------
<CODE> 1 (was CODE)
  Relative segment, address: 6DBE - 6DCD (0x10 bytes), align: 1
  Segment part 91.            Intra module refs:   oled_imported_active_energy
                                                   oled_imported_reactive_energy
           LOCAL                   ADDRESS         
           =====                   =======         
           ?Subroutine3            6DBE 
    -------------------------------------------------------------------------
<CODE> 1 (was CODE)
  Relative segment, address: 6DCE - 6E7D (0xb0 bytes), align: 1
  Segment part 92.            Intra module refs:   update_oled
                                                   update_oled_measures
           LOCAL                   ADDRESS         
           =====                   =======         
           oled_imported_reactive_energy
                                   6DCE 
               calls direct
    -------------------------------------------------------------------------
<CODE> 1 (was CODE)
  Relative segment, address: 956A - 9577 (0xe bytes), align: 1
  Segment part 93.            Intra module refs:   oled_imported_active_energy
                                                   oled_imported_reactive_energy
           LOCAL                   ADDRESS         
           =====                   =======         
           ?Subroutine13           956A 
    -------------------------------------------------------------------------
<CODE> 1 (was CODE)
  Relative segment, address: 77EA - 78A9 (0xc0 bytes), align: 1
  Segment part 95.
           ENTRY                   ADDRESS         REF BY
           =====                   =======         ======
           update_oled             77EA            main (emeter-main)
               calls direct
    -------------------------------------------------------------------------
<CODE> 1 (was CODE)
  Relative segment, address: 83B2 - 8415 (0x64 bytes), align: 1
  Segment part 96.
           ENTRY                   ADDRESS         REF BY
           =====                   =======         ======
           update_oled_measures    83B2            main (emeter-main)
               calls direct
    -------------------------------------------------------------------------
DATA20_ID
  Relative segment, address: 9FE6 - 9FE7 (0x2 bytes), align: 1
  Segment part 54.            Intra module refs:   oled_step
    -------------------------------------------------------------------------
DATA20_C
  Relative segment, address: 9B72 - 9B77 (0x6 bytes), align: 0
  Segment part 2.             Intra module refs:   OLED_display_startup_message
    -------------------------------------------------------------------------
DATA20_C
  Relative segment, address: 9B78 - 9B8A (0x13 bytes), align: 0
  Segment part 3.             Intra module refs:   OLED_display_startup_message
    -------------------------------------------------------------------------
DATA20_C
  Relative segment, address: 9B8B - 9B9B (0x11 bytes), align: 0
  Segment part 4.             Intra module refs:   OLED_display_startup_message
    -------------------------------------------------------------------------
DATA20_C
  Relative segment, address: 9B9C - 9BAB (0x10 bytes), align: 0
  Segment part 5.             Intra module refs:   OLED_display_startup_message
    -------------------------------------------------------------------------
DATA20_C
  Relative segment, address: 9BAC - 9BB3 (0x8 bytes), align: 0
  Segment part 6.             Intra module refs:   oled_date_temp
    -------------------------------------------------------------------------
DATA20_C
  Relative segment, address: 9BB4 - 9BC4 (0x11 bytes), align: 0
  Segment part 7.             Intra module refs:   oled_date_temp
    -------------------------------------------------------------------------
DATA20_C
  Relative segment, address: 9BC5 - 9BD3 (0xf bytes), align: 0
  Segment part 8.             Intra module refs:   oled_date_temp
    -------------------------------------------------------------------------
DATA20_C
  Relative segment, address: 9BD4 - 9BD4 (0x1 bytes), align: 0
  Segment part 9.             Intra module refs:   oled_date_temp
    -------------------------------------------------------------------------
DATA20_C
  Relative segment, address: 9BD5 - 9BE3 (0xf bytes), align: 0
  Segment part 10.            Intra module refs:   oled_date_temp
    -------------------------------------------------------------------------
DATA20_C
  Relative segment, address: 9BE4 - 9BF2 (0xf bytes), align: 0
  Segment part 11.            Intra module refs:   oled_active_power
    -------------------------------------------------------------------------
DATA20_C
  Relative segment, address: 9BF3 - 9BF5 (0x3 bytes), align: 0
  Segment part 12.            Intra module refs:   oled_active_power
    -------------------------------------------------------------------------
DATA20_C
  Relative segment, address: 9BF6 - 9BFD (0x8 bytes), align: 0
  Segment part 13.            Intra module refs:   ?Subroutine1
                                                   oled_imported_active_energy
                                                   oled_reactive_power
    -------------------------------------------------------------------------
DATA20_C
  Relative segment, address: 9BFE - 9C12 (0x15 bytes), align: 0
  Segment part 14.            Intra module refs:   ?Subroutine10
    -------------------------------------------------------------------------
DATA20_C
  Relative segment, address: 9C13 - 9C18 (0x6 bytes), align: 0
  Segment part 15.            Intra module refs:   ?Subroutine1
                                                   oled_imported_reactive_energy
                                                   oled_reactive_power
    -------------------------------------------------------------------------
DATA20_C
  Relative segment, address: 9C19 - 9C2D (0x15 bytes), align: 0
  Segment part 16.            Intra module refs:   ?Subroutine15
    -------------------------------------------------------------------------
DATA20_C
  Relative segment, address: 9C2E - 9C33 (0x6 bytes), align: 0
  Segment part 17.            Intra module refs:   ?Subroutine1
                                                   oled_imported_reactive_energy
                                                   oled_reactive_power
    -------------------------------------------------------------------------
DATA20_C
  Relative segment, address: 9C34 - 9C48 (0x15 bytes), align: 0
  Segment part 18.            Intra module refs:   ?Subroutine12
    -------------------------------------------------------------------------
DATA20_C
  Relative segment, address: 9C49 - 9C4E (0x6 bytes), align: 0
  Segment part 19.            Intra module refs:   ?Subroutine1
                                                   oled_imported_reactive_energy
                                                   oled_reactive_power
    -------------------------------------------------------------------------
DATA20_C
  Relative segment, address: 9C4F - 9C5F (0x11 bytes), align: 0
  Segment part 20.            Intra module refs:   oled_reactive_power
    -------------------------------------------------------------------------
DATA20_C
  Relative segment, address: 9C60 - 9C64 (0x5 bytes), align: 0
  Segment part 21.            Intra module refs:   oled_reactive_power
    -------------------------------------------------------------------------
DATA20_C
  Relative segment, address: 9C65 - 9C69 (0x5 bytes), align: 0
  Segment part 22.            Intra module refs:   oled_reactive_power
    -------------------------------------------------------------------------
DATA20_C
  Relative segment, address: 9C6A - 9C6D (0x4 bytes), align: 0
  Segment part 23.            Intra module refs:   oled_apparent_power
    -------------------------------------------------------------------------
DATA20_C
  Relative segment, address: 9C6E - 9C7F (0x12 bytes), align: 0
  Segment part 24.            Intra module refs:   oled_apparent_power
    -------------------------------------------------------------------------
DATA20_C
  Relative segment, address: 9C80 - 9C91 (0x12 bytes), align: 0
  Segment part 25.            Intra module refs:   oled_power_factor
    -------------------------------------------------------------------------
DATA20_C
  Relative segment, address: 9C92 - 9C94 (0x3 bytes), align: 0
  Segment part 26.            Intra module refs:   ?Subroutine17
    -------------------------------------------------------------------------
DATA20_C
  Relative segment, address: 9C95 - 9C97 (0x3 bytes), align: 0
  Segment part 27.            Intra module refs:   ?Subroutine17
    -------------------------------------------------------------------------
DATA20_C
  Relative segment, address: 9C98 - 9C9B (0x4 bytes), align: 0
  Segment part 28.            Intra module refs:   oled_power_factor
                                                   oled_rms_current
                                                   oled_rms_voltage
    -------------------------------------------------------------------------
DATA20_C
  Relative segment, address: 9C9C - 9C9F (0x4 bytes), align: 0
  Segment part 29.            Intra module refs:   oled_power_factor
                                                   oled_rms_current
                                                   oled_rms_voltage
    -------------------------------------------------------------------------
DATA20_C
  Relative segment, address: 9CA0 - 9CA3 (0x4 bytes), align: 0
  Segment part 30.            Intra module refs:   ?Subroutine2
                                                   oled_power_factor
    -------------------------------------------------------------------------
DATA20_C
  Relative segment, address: 9CA4 - 9CAE (0xb bytes), align: 0
  Segment part 31.            Intra module refs:   oled_rms_voltage
    -------------------------------------------------------------------------
DATA20_C
  Relative segment, address: 9CAF - 9CBC (0xe bytes), align: 0
  Segment part 32.            Intra module refs:   oled_rms_voltage
    -------------------------------------------------------------------------
DATA20_C
  Relative segment, address: 9CBD - 9CBF (0x3 bytes), align: 0
  Segment part 33.            Intra module refs:   oled_rms_voltage
    -------------------------------------------------------------------------
DATA20_C
  Relative segment, address: 9CC0 - 9CCD (0xe bytes), align: 0
  Segment part 34.            Intra module refs:   oled_rms_voltage
    -------------------------------------------------------------------------
DATA20_C
  Relative segment, address: 9CCE - 9CDB (0xe bytes), align: 0
  Segment part 35.            Intra module refs:   oled_rms_voltage
    -------------------------------------------------------------------------
DATA20_C
  Relative segment, address: 9CDC - 9CE8 (0xd bytes), align: 0
  Segment part 36.            Intra module refs:   oled_rms_current
    -------------------------------------------------------------------------
DATA20_C
  Relative segment, address: 9CE9 - 9CFA (0x12 bytes), align: 0
  Segment part 37.            Intra module refs:   oled_rms_current
    -------------------------------------------------------------------------
DATA20_C
  Relative segment, address: 9CFB - 9CFD (0x3 bytes), align: 0
  Segment part 38.            Intra module refs:   oled_rms_current
    -------------------------------------------------------------------------
DATA20_C
  Relative segment, address: 9CFE - 9D0F (0x12 bytes), align: 0
  Segment part 39.            Intra module refs:   oled_rms_current
    -------------------------------------------------------------------------
DATA20_C
  Relative segment, address: 9D10 - 9D21 (0x12 bytes), align: 0
  Segment part 40.            Intra module refs:   oled_rms_current
    -------------------------------------------------------------------------
DATA20_C
  Relative segment, address: 9D22 - 9D2C (0xb bytes), align: 0
  Segment part 41.            Intra module refs:   oled_mains_frequency
    -------------------------------------------------------------------------
DATA20_C
  Relative segment, address: 9D2D - 9D31 (0x5 bytes), align: 0
  Segment part 42.            Intra module refs:   oled_imported_active_energy
                                                   oled_mains_frequency
    -------------------------------------------------------------------------
DATA20_C
  Relative segment, address: 9D32 - 9D35 (0x4 bytes), align: 0
  Segment part 43.            Intra module refs:   oled_mains_frequency
    -------------------------------------------------------------------------
DATA20_C
  Relative segment, address: 9D36 - 9D3A (0x5 bytes), align: 0
  Segment part 44.            Intra module refs:   oled_imported_active_energy
                                                   oled_mains_frequency
    -------------------------------------------------------------------------
DATA20_C
  Relative segment, address: 9D3B - 9D3F (0x5 bytes), align: 0
  Segment part 45.            Intra module refs:   oled_imported_active_energy
                                                   oled_mains_frequency
    -------------------------------------------------------------------------
DATA20_C
  Relative segment, address: 9D40 - 9D43 (0x4 bytes), align: 0
  Segment part 46.            Intra module refs:   oled_imported_active_energy
    -------------------------------------------------------------------------
DATA20_C
  Relative segment, address: 9D44 - 9D51 (0xe bytes), align: 0
  Segment part 47.            Intra module refs:   oled_imported_active_energy
    -------------------------------------------------------------------------
DATA20_C
  Relative segment, address: 9D52 - 9D57 (0x6 bytes), align: 0
  Segment part 48.            Intra module refs:   oled_imported_reactive_energy
    -------------------------------------------------------------------------
DATA20_C
  Relative segment, address: 9D58 - 9D67 (0x10 bytes), align: 0
  Segment part 49.            Intra module refs:   oled_imported_reactive_energy
    -------------------------------------------------------------------------
DATA20_C
  Relative segment, address: 9D68 - 9D70 (0x9 bytes), align: 0
  Segment part 50.            Intra module refs:   oled_imported_reactive_energy
    -------------------------------------------------------------------------
DATA20_C
  Relative segment, address: 9D71 - 9D78 (0x8 bytes), align: 0
  Segment part 51.            Intra module refs:   update_oled
    -------------------------------------------------------------------------
DATA20_C
  Relative segment, address: 9D79 - 9D7C (0x4 bytes), align: 0
  Segment part 52.            Intra module refs:   update_oled

    *************************************************************************

  FILE NAME : C:\Projetos\Ztec\Source\emeter-app\emeter-app-67641\Debug\Obj\emeter-communication.r43
  PROGRAM MODULE, NAME : emeter-communication

  SEGMENTS IN THE MODULE
  ======================
DATA16_AN
  Relative segment, address: 0222 - 0223 (0x2 bytes), align: 0
  Segment part 1. ROOT        Intra module refs:   RS485_sendBuf
                                                   USCI_A0_isr
                                                   USCI_A2_isr
                                                   main (emeter-main)
                                                   reactive_energy_pulse_end (emeter-main)
                                                   reactive_energy_pulse_start (emeter-main)
                                                   system_setup (emeter-setup)
           ENTRY                   ADDRESS         REF BY
           =====                   =======         ======
           _A_PBOUT_L              0222 
           LOCAL                   ADDRESS         
           =====                   =======         
           PBOUT                   0222 
           PBOUT_H                 0223 
           PBOUT_L                 0222 
    -------------------------------------------------------------------------
DATA16_AN
  Relative segment, address: 05C0 - 05C1 (0x2 bytes), align: 0
  Segment part 2. ROOT        Intra module refs:   serial_configure
           ENTRY                   ADDRESS         REF BY
           =====                   =======         ======
           _A_UCA0CTLW0_L          05C0 
           LOCAL                   ADDRESS         
           =====                   =======         
           UCA0CTLW0               05C0 
           UCA0CTLW0_H             05C1 
           UCA0CTLW0_L             05C0 
    -------------------------------------------------------------------------
DATA16_AN
  Relative segment, address: 05C2 - 05C3 (0x2 bytes), align: 0
  Segment part 3. ROOT        Intra module refs:   serial_configure
           ENTRY                   ADDRESS         REF BY
           =====                   =======         ======
           _A_UCA0CTLW1_L          05C2 
           LOCAL                   ADDRESS         
           =====                   =======         
           UCA0CTLW1               05C2 
           UCA0CTLW1_H             05C3 
           UCA0CTLW1_L             05C2 
    -------------------------------------------------------------------------
DATA16_AN
  Relative segment, address: 05C6 - 05C7 (0x2 bytes), align: 0
  Segment part 4. ROOT        Intra module refs:   serial_configure
           ENTRY                   ADDRESS         REF BY
           =====                   =======         ======
           _A_UCA0BRW_L            05C6 
           LOCAL                   ADDRESS         
           =====                   =======         
           UCA0BRW                 05C6 
           UCA0BRW_H               05C7 
           UCA0BRW_L               05C6 
    -------------------------------------------------------------------------
DATA16_AN
  Relative segment, address: 05C8 - 05C9 (0x2 bytes), align: 0
  Segment part 5. ROOT        Intra module refs:   serial_configure
           ENTRY                   ADDRESS         REF BY
           =====                   =======         ======
           _A_UCA0MCTLW_L          05C8 
           LOCAL                   ADDRESS         
           =====                   =======         
           UCA0MCTLW               05C8 
           UCA0MCTLW_H             05C9 
           UCA0MCTLW_L             05C8 
    -------------------------------------------------------------------------
DATA16_AN
  Relative segment, address: 05CC - 05CD (0x2 bytes), align: 0
  Segment part 6. ROOT        Intra module refs:   USCI_A0_isr
           ENTRY                   ADDRESS         REF BY
           =====                   =======         ======
           _A_UCA0RXBUF_L          05CC 
           LOCAL                   ADDRESS         
           =====                   =======         
           UCA0RXBUF               05CC 
           UCA0RXBUF_H             05CD 
           UCA0RXBUF_L             05CC 
    -------------------------------------------------------------------------
DATA16_AN
  Relative segment, address: 05CE - 05CF (0x2 bytes), align: 0
  Segment part 7. ROOT        Intra module refs:   serial_configure
                                                   serial_write
           ENTRY                   ADDRESS         REF BY
           =====                   =======         ======
           _A_UCA0TXBUF_L          05CE 
           LOCAL                   ADDRESS         
           =====                   =======         
           UCA0TXBUF               05CE 
           UCA0TXBUF_H             05CF 
           UCA0TXBUF_L             05CE 
    -------------------------------------------------------------------------
DATA16_AN
  Relative segment, address: 05DA - 05DB (0x2 bytes), align: 0
  Segment part 8. ROOT        Intra module refs:   serial_configure
           ENTRY                   ADDRESS         REF BY
           =====                   =======         ======
           _A_UCA0IE_L             05DA 
           LOCAL                   ADDRESS         
           =====                   =======         
           UCA0IE                  05DA 
           UCA0IE_H                05DB 
           UCA0IE_L                05DA 
    -------------------------------------------------------------------------
DATA16_AN
  Relative segment, address: 05DC - 05DD (0x2 bytes), align: 0
  Segment part 9. ROOT        Intra module refs:   RS485_sendBuf
                                                   USCI_A0_isr
                                                   serial_write
           ENTRY                   ADDRESS         REF BY
           =====                   =======         ======
           _A_UCA0IFG_L            05DC 
           LOCAL                   ADDRESS         
           =====                   =======         
           UCA0IFG                 05DC 
           UCA0IFG_H               05DD 
           UCA0IFG_L               05DC 
    -------------------------------------------------------------------------
DATA16_AN
  Relative segment, address: 05DE - 05DF (0x2 bytes), align: 0
  Segment part 10. ROOT       Intra module refs:   USCI_A0_isr
           ENTRY                   ADDRESS         REF BY
           =====                   =======         ======
           UCA0IV                  05DE 
    -------------------------------------------------------------------------
DATA16_AN
  Relative segment, address: 05E0 - 05E1 (0x2 bytes), align: 0
  Segment part 11. ROOT       Intra module refs:   serial_configure
           ENTRY                   ADDRESS         REF BY
           =====                   =======         ======
           _A_UCA1CTLW0_L          05E0 
           LOCAL                   ADDRESS         
           =====                   =======         
           UCA1CTLW0               05E0 
           UCA1CTLW0_H             05E1 
           UCA1CTLW0_L             05E0 
    -------------------------------------------------------------------------
DATA16_AN
  Relative segment, address: 05E2 - 05E3 (0x2 bytes), align: 0
  Segment part 12. ROOT       Intra module refs:   serial_configure
           ENTRY                   ADDRESS         REF BY
           =====                   =======         ======
           _A_UCA1CTLW1_L          05E2 
           LOCAL                   ADDRESS         
           =====                   =======         
           UCA1CTLW1               05E2 
           UCA1CTLW1_H             05E3 
           UCA1CTLW1_L             05E2 
    -------------------------------------------------------------------------
DATA16_AN
  Relative segment, address: 05E6 - 05E7 (0x2 bytes), align: 0
  Segment part 13. ROOT       Intra module refs:   serial_configure
           ENTRY                   ADDRESS         REF BY
           =====                   =======         ======
           _A_UCA1BRW_L            05E6 
           LOCAL                   ADDRESS         
           =====                   =======         
           UCA1BRW                 05E6 
           UCA1BRW_H               05E7 
           UCA1BRW_L               05E6 
    -------------------------------------------------------------------------
DATA16_AN
  Relative segment, address: 05E8 - 05E9 (0x2 bytes), align: 0
  Segment part 14. ROOT       Intra module refs:   serial_configure
           ENTRY                   ADDRESS         REF BY
           =====                   =======         ======
           _A_UCA1MCTLW_L          05E8 
           LOCAL                   ADDRESS         
           =====                   =======         
           UCA1MCTLW               05E8 
           UCA1MCTLW_H             05E9 
           UCA1MCTLW_L             05E8 
    -------------------------------------------------------------------------
DATA16_AN
  Relative segment, address: 05EC - 05ED (0x2 bytes), align: 0
  Segment part 15. ROOT       Intra module refs:   USCI_A1_isr
           ENTRY                   ADDRESS         REF BY
           =====                   =======         ======
           _A_UCA1RXBUF_L          05EC 
           LOCAL                   ADDRESS         
           =====                   =======         
           UCA1RXBUF               05EC 
           UCA1RXBUF_H             05ED 
           UCA1RXBUF_L             05EC 
    -------------------------------------------------------------------------
DATA16_AN
  Relative segment, address: 05EE - 05EF (0x2 bytes), align: 0
  Segment part 16. ROOT       Intra module refs:   serial_configure
                                                   serial_write
           ENTRY                   ADDRESS         REF BY
           =====                   =======         ======
           _A_UCA1TXBUF_L          05EE 
           LOCAL                   ADDRESS         
           =====                   =======         
           UCA1TXBUF               05EE 
           UCA1TXBUF_H             05EF 
           UCA1TXBUF_L             05EE 
    -------------------------------------------------------------------------
DATA16_AN
  Relative segment, address: 05FA - 05FB (0x2 bytes), align: 0
  Segment part 17. ROOT       Intra module refs:   serial_configure
           ENTRY                   ADDRESS         REF BY
           =====                   =======         ======
           _A_UCA1IE_L             05FA 
           LOCAL                   ADDRESS         
           =====                   =======         
           UCA1IE                  05FA 
           UCA1IE_H                05FB 
           UCA1IE_L                05FA 
    -------------------------------------------------------------------------
DATA16_AN
  Relative segment, address: 05FC - 05FD (0x2 bytes), align: 0
  Segment part 18. ROOT       Intra module refs:   RS485_sendBuf
                                                   USCI_A1_isr
                                                   serial_write
           ENTRY                   ADDRESS         REF BY
           =====                   =======         ======
           _A_UCA1IFG_L            05FC 
           LOCAL                   ADDRESS         
           =====                   =======         
           UCA1IFG                 05FC 
           UCA1IFG_H               05FD 
           UCA1IFG_L               05FC 
    -------------------------------------------------------------------------
DATA16_AN
  Relative segment, address: 05FE - 05FF (0x2 bytes), align: 0
  Segment part 19. ROOT       Intra module refs:   USCI_A1_isr
           ENTRY                   ADDRESS         REF BY
           =====                   =======         ======
           UCA1IV                  05FE 
    -------------------------------------------------------------------------
DATA16_AN
  Relative segment, address: 0600 - 0601 (0x2 bytes), align: 0
  Segment part 20. ROOT       Intra module refs:   serial_configure
           ENTRY                   ADDRESS         REF BY
           =====                   =======         ======
           _A_UCA2CTLW0_L          0600 
           LOCAL                   ADDRESS         
           =====                   =======         
           UCA2CTLW0               0600 
           UCA2CTLW0_H             0601 
           UCA2CTLW0_L             0600 
    -------------------------------------------------------------------------
DATA16_AN
  Relative segment, address: 0602 - 0603 (0x2 bytes), align: 0
  Segment part 21. ROOT       Intra module refs:   serial_configure
           ENTRY                   ADDRESS         REF BY
           =====                   =======         ======
           _A_UCA2CTLW1_L          0602 
           LOCAL                   ADDRESS         
           =====                   =======         
           UCA2CTLW1               0602 
           UCA2CTLW1_H             0603 
           UCA2CTLW1_L             0602 
    -------------------------------------------------------------------------
DATA16_AN
  Relative segment, address: 0606 - 0607 (0x2 bytes), align: 0
  Segment part 22. ROOT       Intra module refs:   serial_configure
           ENTRY                   ADDRESS         REF BY
           =====                   =======         ======
           _A_UCA2BRW_L            0606 
           LOCAL                   ADDRESS         
           =====                   =======         
           UCA2BRW                 0606 
           UCA2BRW_H               0607 
           UCA2BRW_L               0606 
    -------------------------------------------------------------------------
DATA16_AN
  Relative segment, address: 0608 - 0609 (0x2 bytes), align: 0
  Segment part 23. ROOT       Intra module refs:   serial_configure
           ENTRY                   ADDRESS         REF BY
           =====                   =======         ======
           _A_UCA2MCTLW_L          0608 
           LOCAL                   ADDRESS         
           =====                   =======         
           UCA2MCTLW               0608 
           UCA2MCTLW_H             0609 
           UCA2MCTLW_L             0608 
    -------------------------------------------------------------------------
DATA16_AN
  Relative segment, address: 060C - 060D (0x2 bytes), align: 0
  Segment part 24. ROOT       Intra module refs:   USCI_A2_isr
           ENTRY                   ADDRESS         REF BY
           =====                   =======         ======
           _A_UCA2RXBUF_L          060C 
           LOCAL                   ADDRESS         
           =====                   =======         
           UCA2RXBUF               060C 
           UCA2RXBUF_H             060D 
           UCA2RXBUF_L             060C 
    -------------------------------------------------------------------------
DATA16_AN
  Relative segment, address: 060E - 060F (0x2 bytes), align: 0
  Segment part 25. ROOT       Intra module refs:   serial_configure
                                                   serial_write
           ENTRY                   ADDRESS         REF BY
           =====                   =======         ======
           _A_UCA2TXBUF_L          060E 
           LOCAL                   ADDRESS         
           =====                   =======         
           UCA2TXBUF               060E 
           UCA2TXBUF_H             060F 
           UCA2TXBUF_L             060E 
    -------------------------------------------------------------------------
DATA16_AN
  Relative segment, address: 061A - 061B (0x2 bytes), align: 0
  Segment part 26. ROOT       Intra module refs:   serial_configure
           ENTRY                   ADDRESS         REF BY
           =====                   =======         ======
           _A_UCA2IE_L             061A 
           LOCAL                   ADDRESS         
           =====                   =======         
           UCA2IE                  061A 
           UCA2IE_H                061B 
           UCA2IE_L                061A 
    -------------------------------------------------------------------------
DATA16_AN
  Relative segment, address: 061C - 061D (0x2 bytes), align: 0
  Segment part 27. ROOT       Intra module refs:   RS485_sendBuf
                                                   USCI_A2_isr
                                                   serial_write
           ENTRY                   ADDRESS         REF BY
           =====                   =======         ======
           _A_UCA2IFG_L            061C 
           LOCAL                   ADDRESS         
           =====                   =======         
           UCA2IFG                 061C 
           UCA2IFG_H               061D 
           UCA2IFG_L               061C 
    -------------------------------------------------------------------------
DATA16_AN
  Relative segment, address: 061E - 061F (0x2 bytes), align: 0
  Segment part 28. ROOT       Intra module refs:   USCI_A2_isr
           ENTRY                   ADDRESS         REF BY
           =====                   =======         ======
           UCA2IV                  061E 
    -------------------------------------------------------------------------
DATA20_Z
  Relative segment, address: 1C02 - 1E17 (0x216 bytes), align: 1
  Segment part 33.            Intra module refs:   ?Subroutine0
                                                   ?Subroutine1
                                                   ?Subroutine2
                                                   ?Subroutine3
                                                   ?Subroutine4
                                                   ?Subroutine5
                                                   RS485_sendBuf
                                                   USCI_A0_isr
                                                   USCI_A1_isr
                                                   USCI_A2_isr
                                                   serial_configure
                                                   serial_write
           ENTRY                   ADDRESS         REF BY
           =====                   =======         ======
           ports                   1C02            ?Subroutine3 (emeter-dlt645)
                                                   ?Subroutine5 (emeter-dlt645)
                                                   ?Subroutine7 (emeter-dlt645)
                                                   dlt645_service (emeter-dlt645)
                                                   process_preset_single_reg (emeter-dlt645)
                                                   process_read_hold_reg (emeter-dlt645)
                                                   process_read_inp_reg (emeter-dlt645)
    -------------------------------------------------------------------------
DATA20_C
  Relative segment, address: 9D7D - 9D84 (0x8 bytes), align: 0
  Segment part 34.            Intra module refs:   serial_configure
           LOCAL                   ADDRESS         
           =====                   =======         
           mod_patterns            9D7D 
    -------------------------------------------------------------------------
<CODE> 1 (was CODE)
  Relative segment, address: 5DB8 - 5FFD (0x246 bytes), align: 1
  Segment part 35.
           ENTRY                   ADDRESS         REF BY
           =====                   =======         ======
           serial_configure        5DB8            system_setup (emeter-setup)
               calls direct
    -------------------------------------------------------------------------
<CODE> 1 (was CODE)
  Relative segment, address: 8042 - 80B7 (0x76 bytes), align: 1
  Segment part 37.            Intra module refs:   RS485_sendBuf
           ENTRY                   ADDRESS         REF BY
           =====                   =======         ======
           serial_write            8042 
    -------------------------------------------------------------------------
<CODE> 1 (was CODE)
  Relative segment, address: 812A - 8199 (0x70 bytes), align: 1
  Segment part 38.
           ENTRY                   ADDRESS         REF BY
           =====                   =======         ======
           RS485_sendBuf           812A            ?Subroutine3 (emeter-dlt645)
                                                   process_preset_single_reg (emeter-dlt645)
               calls direct
    -------------------------------------------------------------------------
ISR_CODE
  Relative segment, address: 4030 - 40F3 (0xc4 bytes), align: 1
  Segment part 41.            Intra module refs:   USCI_A0_isr::??INTVEC 118
           ENTRY                   ADDRESS         REF BY
           =====                   =======         ======
           USCI_A0_isr             4030 
               interrupt function
               calls direct
    -------------------------------------------------------------------------
ISR_CODE
  Relative segment, address: 40F4 - 40FD (0xa bytes), align: 1
  Segment part 42.            Intra module refs:   USCI_A0_isr
           LOCAL                   ADDRESS         
           =====                   =======         
           ?Subroutine0            40F4 
    -------------------------------------------------------------------------
ISR_CODE
  Relative segment, address: 40FE - 410B (0xe bytes), align: 1
  Segment part 43.            Intra module refs:   ?Subroutine0
                                                   USCI_A0_isr
           LOCAL                   ADDRESS         
           =====                   =======         
           ?Subroutine3            40FE 
    -------------------------------------------------------------------------
ISR_CODE
  Relative segment, address: 410C - 41B3 (0xa8 bytes), align: 1
  Segment part 44.            Intra module refs:   USCI_A1_isr::??INTVEC 106
           ENTRY                   ADDRESS         REF BY
           =====                   =======         ======
           USCI_A1_isr             410C 
               interrupt function
               calls direct
    -------------------------------------------------------------------------
ISR_CODE
  Relative segment, address: 41B4 - 41BD (0xa bytes), align: 1
  Segment part 45.            Intra module refs:   USCI_A1_isr
           LOCAL                   ADDRESS         
           =====                   =======         
           ?Subroutine1            41B4 
    -------------------------------------------------------------------------
ISR_CODE
  Relative segment, address: 41BE - 41CB (0xe bytes), align: 1
  Segment part 46.            Intra module refs:   ?Subroutine1
                                                   USCI_A1_isr
           LOCAL                   ADDRESS         
           =====                   =======         
           ?Subroutine4            41BE 
    -------------------------------------------------------------------------
ISR_CODE
  Relative segment, address: 41CC - 428F (0xc4 bytes), align: 1
  Segment part 47.            Intra module refs:   USCI_A2_isr::??INTVEC 104
           ENTRY                   ADDRESS         REF BY
           =====                   =======         ======
           USCI_A2_isr             41CC 
               interrupt function
               calls direct
    -------------------------------------------------------------------------
ISR_CODE
  Relative segment, address: 4290 - 4299 (0xa bytes), align: 1
  Segment part 48.            Intra module refs:   USCI_A2_isr
           LOCAL                   ADDRESS         
           =====                   =======         
           ?Subroutine2            4290 
    -------------------------------------------------------------------------
ISR_CODE
  Relative segment, address: 429A - 42A7 (0xe bytes), align: 1
  Segment part 49.            Intra module refs:   ?Subroutine2
                                                   USCI_A2_isr
           LOCAL                   ADDRESS         
           =====                   =======         
           ?Subroutine5            429A 
    -------------------------------------------------------------------------
INTVEC
  Common segment, address: FF80 - FFE9 (0x6a bytes), align: 1
  Segment part 29. ROOT 
           ENTRY                   ADDRESS         REF BY
           =====                   =======         ======
           USCI_A2_isr::??INTVEC 104
                                   FFE8 
    -------------------------------------------------------------------------
INTVEC
  Common segment, address: FF80 - FFEB (0x6c bytes), align: 1
  Segment part 30. ROOT 
           ENTRY                   ADDRESS         REF BY
           =====                   =======         ======
           USCI_A1_isr::??INTVEC 106
                                   FFEA 
    -------------------------------------------------------------------------
INTVEC
  Common segment, address: FF80 - FFF7 (0x78 bytes), align: 1
  Segment part 31. ROOT 
           ENTRY                   ADDRESS         REF BY
           =====                   =======         ======
           USCI_A0_isr::??INTVEC 118
                                   FFF6 

    *************************************************************************

  FILE NAME : C:\Projetos\Ztec\Source\emeter-app\emeter-app-67641\Debug\Obj\emeter-dlt645.r43
  PROGRAM MODULE, NAME : emeter-dlt645

  SEGMENTS IN THE MODULE
  ======================
DATA20_Z
  Relative segment, address: 1E18 - 1E19 (0x2 bytes), align: 1
  Segment part 2.             Intra module refs:   ?Subroutine5
                                                   dlt645_service
                                                   process_preset_single_reg
                                                   process_read_hold_reg
                                                   process_read_inp_reg
           ENTRY                   ADDRESS         REF BY
           =====                   =======         ======
           word1                   1E18 
    -------------------------------------------------------------------------
DATA20_Z
  Relative segment, address: 1E1A - 1E1B (0x2 bytes), align: 1
  Segment part 3.             Intra module refs:   ?Subroutine5
                                                   ?Subroutine7
                                                   ?Subroutine8
                                                   process_preset_single_reg
           ENTRY                   ADDRESS         REF BY
           =====                   =======         ======
           word2                   1E1A 
    -------------------------------------------------------------------------
DATA20_Z
  Relative segment, address: 1E1C - 1E1D (0x2 bytes), align: 1
  Segment part 4.             Intra module refs:   ?Subroutine3
                                                   ?Subroutine9
                                                   dlt645_service
                                                   process_preset_single_reg
           ENTRY                   ADDRESS         REF BY
           =====                   =======         ======
           port                    1E1C 
    -------------------------------------------------------------------------
<CODE> 1 (was CODE)
  Relative segment, address: 8E60 - 8E8B (0x2c bytes), align: 1
  Segment part 5.             Intra module refs:   ?Subroutine3
                                                   dlt645_service
           ENTRY                   ADDRESS         REF BY
           =====                   =======         ======
           CalculateCRC            8E60 
    -------------------------------------------------------------------------
<CODE> 1 (was CODE)
  Relative segment, address: 8276 - 82E1 (0x6c bytes), align: 1
  Segment part 6.             Intra module refs:   dlt645_service
           ENTRY                   ADDRESS         REF BY
           =====                   =======         ======
           update_holding_registers
                                   8276            main (emeter-main)
               calls direct
    -------------------------------------------------------------------------
<CODE> 1 (was CODE)
  Relative segment, address: 8416 - 8473 (0x5e bytes), align: 1
  Segment part 7.             Intra module refs:   process_read_inp_reg
           LOCAL                   ADDRESS         
           =====                   =======         
           get_ptr_from_input_register_addr
                                   8416 
    -------------------------------------------------------------------------
<CODE> 1 (was CODE)
  Relative segment, address: 8474 - 8479 (0x6 bytes), align: 1
  Segment part 8.             Intra module refs:   get_ptr_from_input_register_addr
           LOCAL                   ADDRESS         
           =====                   =======         
           ?Subroutine0            8474 
    -------------------------------------------------------------------------
<CODE> 1 (was CODE)
  Relative segment, address: 95BE - 95CB (0xe bytes), align: 1
  Segment part 23.            Intra module refs:   dlt645_service
           LOCAL                   ADDRESS         
           =====                   =======         
           ?Subroutine2            95BE 
    -------------------------------------------------------------------------
<CODE> 1 (was CODE)
  Relative segment, address: 6FBA - 70ED (0x134 bytes), align: 1
  Segment part 10.            Intra module refs:   dlt645_service
           ENTRY                   ADDRESS         REF BY
           =====                   =======         ======
           process_preset_single_reg
                                   6FBA 
               calls direct
    -------------------------------------------------------------------------
<CODE> 1 (was CODE)
  Relative segment, address: 68FE - 6901 (0x4 bytes), align: 1
  Segment part 17.            Intra module refs:   process_read_hold_reg
                                                   process_read_inp_reg
           LOCAL                   ADDRESS         
           =====                   =======         
           ?Subroutine1            68FE 
    -------------------------------------------------------------------------
<CODE> 1 (was CODE)
  Relative segment, address: 6902 - 690F (0xe bytes), align: 1
  Segment part 18.            Intra module refs:   ?Subroutine1
                                                   process_read_hold_reg
                                                   process_read_inp_reg
           LOCAL                   ADDRESS         
           =====                   =======         
           ?Subroutine9            6902 
    -------------------------------------------------------------------------
<CODE> 1 (was CODE)
  Relative segment, address: 6910 - 6919 (0xa bytes), align: 1
  Segment part 19.            Intra module refs:   ?Subroutine4
                                                   ?Subroutine9
           LOCAL                   ADDRESS         
           =====                   =======         
           ?Subroutine11           6910 
    -------------------------------------------------------------------------
<CODE> 1 (was CODE)
  Relative segment, address: 691A - 6A73 (0x15a bytes), align: 1
  Segment part 20.
           ENTRY                   ADDRESS         REF BY
           =====                   =======         ======
           dlt645_service          691A            main (emeter-main)
               calls direct
    -------------------------------------------------------------------------
<CODE> 1 (was CODE)
  Relative segment, address: 6A74 - 6A81 (0xe bytes), align: 1
  Segment part 21.            Intra module refs:   dlt645_service
                                                   process_preset_single_reg
           LOCAL                   ADDRESS         
           =====                   =======         
           ?Subroutine4            6A74 
    -------------------------------------------------------------------------
<CODE> 1 (was CODE)
  Relative segment, address: 94F2 - 9501 (0x10 bytes), align: 1
  Segment part 22.            Intra module refs:   ?Subroutine11
           LOCAL                   ADDRESS         
           =====                   =======         
           ?Subroutine10           94F2 
    -------------------------------------------------------------------------
<CODE> 1 (was CODE)
  Relative segment, address: 88FE - 8941 (0x44 bytes), align: 1
  Segment part 11.            Intra module refs:   dlt645_service
           ENTRY                   ADDRESS         REF BY
           =====                   =======         ======
           process_read_hold_reg   88FE 
               calls direct
    -------------------------------------------------------------------------
<CODE> 1 (was CODE)
  Relative segment, address: 9578 - 9585 (0xe bytes), align: 1
  Segment part 13.            Intra module refs:   process_read_hold_reg
                                                   process_read_inp_reg
           LOCAL                   ADDRESS         
           =====                   =======         
           ?Subroutine8            9578 
    -------------------------------------------------------------------------
<CODE> 1 (was CODE)
  Relative segment, address: 94E2 - 94F1 (0x10 bytes), align: 1
  Segment part 14.            Intra module refs:   process_read_hold_reg
                                                   process_read_inp_reg
           LOCAL                   ADDRESS         
           =====                   =======         
           ?Subroutine7            94E2 
    -------------------------------------------------------------------------
<CODE> 1 (was CODE)
  Relative segment, address: 8C5A - 8C8B (0x32 bytes), align: 1
  Segment part 15.            Intra module refs:   process_read_hold_reg
                                                   process_read_inp_reg
           LOCAL                   ADDRESS         
           =====                   =======         
           ?Subroutine5            8C5A 
    -------------------------------------------------------------------------
<CODE> 1 (was CODE)
  Relative segment, address: 88BA - 88FD (0x44 bytes), align: 1
  Segment part 16.            Intra module refs:   process_read_hold_reg
                                                   process_read_inp_reg
           LOCAL                   ADDRESS         
           =====                   =======         
           ?Subroutine3            88BA 
    -------------------------------------------------------------------------
<CODE> 1 (was CODE)
  Relative segment, address: 8942 - 8985 (0x44 bytes), align: 1
  Segment part 12.            Intra module refs:   dlt645_service
           ENTRY                   ADDRESS         REF BY
           =====                   =======         ======
           process_read_inp_reg    8942 
               calls direct

    *************************************************************************

  FILE NAME : C:\Projetos\Ztec\Source\emeter-app\emeter-app-67641\Debug\Obj\emeter-keypad.r43
    *************************************************************************

  FILE NAME : C:\Projetos\Ztec\Source\emeter-app\emeter-app-67641\Debug\Obj\emeter-lcd.r43
  PROGRAM MODULE, NAME : emeter-lcd

  SEGMENTS IN THE MODULE
  ======================
DATA16_AN
  Relative segment, address: 0A00 - 0A01 (0x2 bytes), align: 0
  Segment part 1. ROOT 
           ENTRY                   ADDRESS         REF BY
           =====                   =======         ======
           _A_LCDCCTL0_L           0A00 
           LOCAL                   ADDRESS         
           =====                   =======         
           LCDCCTL0                0A00 
           LCDCCTL0_H              0A01 
           LCDCCTL0_L              0A00 
    -------------------------------------------------------------------------
DATA16_AN
  Relative segment, address: 0A02 - 0A03 (0x2 bytes), align: 0
  Segment part 2. ROOT 
           ENTRY                   ADDRESS         REF BY
           =====                   =======         ======
           _A_LCDCCTL1_L           0A02 
           LOCAL                   ADDRESS         
           =====                   =======         
           LCDCCTL1                0A02 
           LCDCCTL1_H              0A03 
           LCDCCTL1_L              0A02 
    -------------------------------------------------------------------------
DATA16_AN
  Relative segment, address: 0A04 - 0A05 (0x2 bytes), align: 0
  Segment part 3. ROOT 
           ENTRY                   ADDRESS         REF BY
           =====                   =======         ======
           _A_LCDCBLKCTL_L         0A04 
           LOCAL                   ADDRESS         
           =====                   =======         
           LCDCBLKCTL              0A04 
           LCDCBLKCTL_H            0A05 
           LCDCBLKCTL_L            0A04 
    -------------------------------------------------------------------------
DATA16_AN
  Relative segment, address: 0A06 - 0A07 (0x2 bytes), align: 0
  Segment part 4. ROOT 
           ENTRY                   ADDRESS         REF BY
           =====                   =======         ======
           _A_LCDCMEMCTL_L         0A06 
           LOCAL                   ADDRESS         
           =====                   =======         
           LCDCMEMCTL              0A06 
           LCDCMEMCTL_H            0A07 
           LCDCMEMCTL_L            0A06 
    -------------------------------------------------------------------------
DATA16_AN
[...]
                                                   div48 (div48)
                                                   estimate_current_rtc_correction (emeter-rtc-c)
                                                   evaluate_power_factor (metrology-foreground)
                                                   evaluate_reactive_power (metrology-foreground)

    -------------------------------------------------------------------------
  LIBRARY MODULE, NAME : ?Mul32u32uto64iHw32

  SEGMENTS IN THE MODULE
  ======================
<CODE> 1 (was CODE)
  Relative segment, address: 8E08 - 8E33 (0x2c bytes), align: 1
  Segment part 0.
           ENTRY                   ADDRESS         REF BY
           =====                   =======         ======
           ?Mul32u32uto64iHw32     8E08            _Mul32s32sto64i (?mul32s32sto64i)

    -------------------------------------------------------------------------
  LIBRARY MODULE, NAME : ?Mul64Hw32

  SEGMENTS IN THE MODULE
  ======================
<CODE> 1 (was CODE)
  Relative segment, address: 859C - 85F3 (0x58 bytes), align: 1
  Segment part 0.
           ENTRY                   ADDRESS         REF BY
           =====                   =======         ======
           ?Mul64Hw32              859C            ?Subroutine2 (metrology-foreground)
                                                   sag_swell_control (metrology-foreground)

    -------------------------------------------------------------------------
  LIBRARY MODULE, NAME : ?sprintf

  SEGMENTS IN THE MODULE
  ======================
<CODE> 1 (was CODE)
  Relative segment, address: 8B04 - 8B3F (0x3c bytes), align: 1
  Segment part 2.
           ENTRY                   ADDRESS         REF BY
           =====                   =======         ======
           sprintf                 8B04            Oled_display_valor (emeter-oled)
                                                   oled_date_temp (emeter-basic-oled)
                                                   update_oled (emeter-basic-oled)
               calls direct

    -------------------------------------------------------------------------
  LIBRARY MODULE, NAME : ?strchr

  SEGMENTS IN THE MODULE
  ======================
<CODE> 1 (was CODE)
  Relative segment, address: 95A2 - 95AF (0xe bytes), align: 1
  Segment part 2.
           ENTRY                   ADDRESS         REF BY
           =====                   =======         ======
           __iar_Strchr            95A2            _PrintfLarge (?xprintflarge)

    -------------------------------------------------------------------------
  LIBRARY MODULE, NAME : ?strlen

  SEGMENTS IN THE MODULE
  ======================
<CODE> 1 (was CODE)
  Relative segment, address: 91C4 - 91E3 (0x20 bytes), align: 1
  Segment part 2.
           ENTRY                   ADDRESS         REF BY
           =====                   =======         ======
           strlen                  91C4            Oled_titulo (emeter-oled)
                                                   _PrintfLarge (?xprintflarge)

    -------------------------------------------------------------------------
  LIBRARY MODULE, NAME : ?xdtest

  SEGMENTS IN THE MODULE
  ======================
<CODE> 1 (was CODE)
  Relative segment, address: 90D8 - 90FB (0x24 bytes), align: 1
  Segment part 2.
           ENTRY                   ADDRESS         REF BY
           =====                   =======         ======
           __iar_Dtest             90D8            fmax (?fmax)

    -------------------------------------------------------------------------
  LIBRARY MODULE, NAME : ?xdunscal

  SEGMENTS IN THE MODULE
  ======================
<CODE> 1 (was CODE)
  Relative segment, address: 882E - 8875 (0x48 bytes), align: 1
  Segment part 2.
           ENTRY                   ADDRESS         REF BY
           =====                   =======         ======
           __iar_Dunscale          882E            _LdtobLarge (?xprintflarge)

    -------------------------------------------------------------------------
  LIBRARY MODULE, NAME : ?xprintflarge

  SEGMENTS IN THE MODULE
  ======================
<CODE> 1 (was CODE)
  Relative segment, address: 5338 - 57ED (0x4b6 bytes), align: 1
  Segment part 23.
           ENTRY                   ADDRESS         REF BY
           =====                   =======         ======
           _PrintfLarge            5338            sprintf (?sprintf)
               calls direct
    -------------------------------------------------------------------------
<CODE> 1 (was CODE)
  Relative segment, address: 9594 - 95A1 (0xe bytes), align: 1
  Segment part 25.            Intra module refs:   _PrintfLarge
    -------------------------------------------------------------------------
<CODE> 1 (was CODE)
  Relative segment, address: 9476 - 947B (0x6 bytes), align: 1
  Segment part 26.            Intra module refs:   _PrintfLarge
    -------------------------------------------------------------------------
<CODE> 1 (was CODE)
  Relative segment, address: 947C - 9489 (0xe bytes), align: 1
  Segment part 27.            Intra module refs:   Segment part 26
                                                   _PrintfLarge
    -------------------------------------------------------------------------
<CODE> 1 (was CODE)
  Relative segment, address: 453C - 45BB (0x80 bytes), align: 1
  Segment part 8.             Intra module refs:   _PrintfLarge
           LOCAL                   ADDRESS         
           =====                   =======         
           LoadInt                 453C 
    -------------------------------------------------------------------------
<CODE> 1 (was CODE)
  Relative segment, address: 45BC - 45CD (0x12 bytes), align: 1
  Segment part 9.             Intra module refs:   LoadInt
    -------------------------------------------------------------------------
<CODE> 1 (was CODE)
  Relative segment, address: 45CE - 483B (0x26e bytes), align: 1
  Segment part 10.            Intra module refs:   _LdtobLarge
           LOCAL                   ADDRESS         
           =====                   =======         
           _GenldLarge             45CE 
               calls direct
    -------------------------------------------------------------------------
<CODE> 1 (was CODE)
  Relative segment, address: 483C - 484B (0x10 bytes), align: 1
  Segment part 11.            Intra module refs:   _GenldLarge
    -------------------------------------------------------------------------
<CODE> 1 (was CODE)
  Relative segment, address: 484C - 485B (0x10 bytes), align: 1
  Segment part 12.            Intra module refs:   _GenldLarge
    -------------------------------------------------------------------------
<CODE> 1 (was CODE)
  Relative segment, address: 485C - 4869 (0xe bytes), align: 1
  Segment part 13.            Intra module refs:   _GenldLarge
    -------------------------------------------------------------------------
<CODE> 1 (was CODE)
  Relative segment, address: 486A - 486F (0x6 bytes), align: 1
  Segment part 14.            Intra module refs:   _GenldLarge
    -------------------------------------------------------------------------
<CODE> 1 (was CODE)
  Relative segment, address: 4870 - 487F (0x10 bytes), align: 1
  Segment part 15.            Intra module refs:   Segment part 14
                                                   _GenldLarge
    -------------------------------------------------------------------------
<CODE> 1 (was CODE)
  Relative segment, address: 4880 - 4891 (0x12 bytes), align: 1
  Segment part 16.            Intra module refs:   _GenldLarge
    -------------------------------------------------------------------------
<CODE> 1 (was CODE)
  Relative segment, address: 4892 - 48B5 (0x24 bytes), align: 1
  Segment part 17.            Intra module refs:   _GenldLarge
    -------------------------------------------------------------------------
<CODE> 1 (was CODE)
  Relative segment, address: 48B6 - 48F7 (0x42 bytes), align: 1
  Segment part 18.            Intra module refs:   _LdtobLarge
           LOCAL                   ADDRESS         
           =====                   =======         
           scale                   48B6 
               calls direct
    -------------------------------------------------------------------------
<CODE> 1 (was CODE)
  Relative segment, address: 48F8 - 4B51 (0x25a bytes), align: 1
  Segment part 19.            Intra module refs:   _PrintfLarge
           LOCAL                   ADDRESS         
           =====                   =======         
           _LdtobLarge             48F8 
               calls direct
    -------------------------------------------------------------------------
<CODE> 1 (was CODE)
  Relative segment, address: 4B52 - 4D0F (0x1be bytes), align: 1
  Segment part 20.            Intra module refs:   _PrintfLarge
           LOCAL                   ADDRESS         
           =====                   =======         
           _LitobLarge             4B52 
               calls direct
    -------------------------------------------------------------------------
<CODE> 1 (was CODE)
  Relative segment, address: 4D10 - 4D21 (0x12 bytes), align: 1
  Segment part 21.            Intra module refs:   _LitobLarge
    -------------------------------------------------------------------------
<CODE> 1 (was CODE)
  Relative segment, address: 4D22 - 4D2B (0xa bytes), align: 1
  Segment part 22.            Intra module refs:   LoadInt
                                                   _LitobLarge
                                                   _PrintfLarge
    -------------------------------------------------------------------------
<CODE> 1 (was CODE)
  Relative segment, address: 8D4E - 8D7D (0x30 bytes), align: 1
  Segment part 32.            Intra module refs:   Segment part 27
           LOCAL                   ADDRESS         
           =====                   =======         
           pad                     8D4E 
               calls direct
    -------------------------------------------------------------------------
<CODE> 1 (was CODE)
  Relative segment, address: 90B4 - 90D7 (0x24 bytes), align: 1
  Segment part 33.            Intra module refs:   _PrintfLarge
                                                   _PutcharsLarge
           LOCAL                   ADDRESS         
           =====                   =======         
           _PutcharLarge           90B4 
               calls indirect
    -------------------------------------------------------------------------
<CODE> 1 (was CODE)
  Relative segment, address: 9042 - 9067 (0x26 bytes), align: 1
  Segment part 34.            Intra module refs:   Segment part 25
                                                   pad
           LOCAL                   ADDRESS         
           =====                   =======         
           _PutcharsLarge          9042 
               calls direct
    -------------------------------------------------------------------------
<CODE> 1 (was CODE)
  Relative segment, address: 955C - 9569 (0xe bytes), align: 1
  Segment part 24.            Intra module refs:   _PrintfLarge
    -------------------------------------------------------------------------
<CODE> 1 (was CODE)
  Relative segment, address: 949C - 94AD (0x12 bytes), align: 1
  Segment part 28.            Intra module refs:   _PrintfLarge
    -------------------------------------------------------------------------
<CODE> 1 (was CODE)
  Relative segment, address: 943A - 944D (0x14 bytes), align: 1
  Segment part 29.            Intra module refs:   _PrintfLarge
    -------------------------------------------------------------------------
<CODE> 1 (was CODE)
  Relative segment, address: 8BF0 - 8C27 (0x38 bytes), align: 1
  Segment part 30.            Intra module refs:   _PrintfLarge
    -------------------------------------------------------------------------
<CODE> 1 (was CODE)
  Relative segment, address: 9614 - 961F (0xc bytes), align: 1
  Segment part 31.            Intra module refs:   Segment part 30
    -------------------------------------------------------------------------
DATA20_C
  Relative segment, address: 9FCD - 9FD3 (0x7 bytes), align: 0
  Segment part 2.             Intra module refs:   _PrintfLarge
    -------------------------------------------------------------------------
DATA20_C
  Relative segment, address: 9FD4 - 9FD7 (0x4 bytes), align: 0
  Segment part 3.             Intra module refs:   _LdtobLarge
    -------------------------------------------------------------------------
DATA20_C
  Relative segment, address: 9FD8 - 9FDB (0x4 bytes), align: 0
  Segment part 4.             Intra module refs:   _LdtobLarge
    -------------------------------------------------------------------------
DATA20_C
  Relative segment, address: 9FDC - 9FDF (0x4 bytes), align: 0
  Segment part 5.             Intra module refs:   _LdtobLarge
    -------------------------------------------------------------------------
DATA20_C
  Relative segment, address: 9FE0 - 9FE3 (0x4 bytes), align: 0
  Segment part 6.             Intra module refs:   _LdtobLarge
    -------------------------------------------------------------------------
DATA20_C
  Relative segment, address: 9FE4 - 9FE5 (0x2 bytes), align: 0
  Segment part 7.             Intra module refs:   _GenldLarge

    -------------------------------------------------------------------------
  LIBRARY MODULE, NAME : ?xsprout

  SEGMENTS IN THE MODULE
  ======================
<CODE> 1 (was CODE)
  Relative segment, address: 954E - 955B (0xe bytes), align: 1
  Segment part 2.
           ENTRY                   ADDRESS         REF BY
           =====                   =======         ======
           _SProut                 954E            sprintf (?sprintf)




                ****************************************
                *                                      *
                *      SEGMENTS IN ADDRESS ORDER       *
                *                                      *
                ****************************************


SEGMENT              SPACE    START ADDRESS   END ADDRESS     SIZE  TYPE  ALIGN
=======              =====    =============   ===========     ====  ====  =====
DATA16_AN                              0102 - 0103               2   rel    0
                                       0120 - 0121               2 
                                       0124 - 0127               4 
                                       012C - 012F               4 
                                       0140 - 0141               2 
                                       0144 - 0145               2 
                                       015C - 015D               2 
                                       0160 - 0165               6 
                                       0168 - 016F               8 
                                       01B0 - 01B1               2 
                                       0200 - 0207               8 
                                       020A - 020B               2 
                                       0222 - 0227               6 
                                       022A - 022B               2 
                                       0242 - 0247               6 
                                       024A - 024B               2 
                                       0262 - 0267               6 
                                       026A - 026B               2 
                                       0282 - 0287               6 
                                       028A - 028B               2 
                                       0322 - 0325               4 
                                       032A - 032B               2 
                                       04A0 - 04A7               8 
                                       04AE - 04B7               A 
                                       04C2 - 04C3               2 
                                       04C8 - 04C9               2 
                                       04D0 - 04D7               8 
                                       04E0 - 04EB               C 
                                       0500 - 0501               2 
                                       050E - 0511               4 
                                       0520 - 052B               C 
                                       0530 - 0531               2 
                                       05C0 - 05C3               4 
                                       05C6 - 05C9               4 
                                       05CC - 05CF               4 
                                       05DA - 05E3               A 
                                       05E6 - 05E9               4 
                                       05EC - 05EF               4 
                                       05FA - 0603               A 
                                       0606 - 0609               4 
                                       060C - 060F               4 
                                       061A - 061F               6 
                                       0640 - 0641               2 
                                       0646 - 0649               4 
                                       064E - 064F               2 
                                       0660 - 0661               2 
                                       066A - 066D               4 
                                       0740 - 0745               6 
                                       074A - 074B               2 
                                       0752 - 0753               2 
                                       075A - 075D               4 
                                       0800 - 0805               6 
                                       0808 - 080D               6 
                                       0810 - 0827              18 
                                       0850 - 085B               C 
                                       09E0 - 09E1               2 
                                       09E4 - 09E5               2 
                                       09F4 - 09F7               4 
                                       09FC - 0A0F              14 
                                       0A12 - 0A13               2 
                                       0A20 - 0A20               1 
INFO                                   1800 - 187F              80   rel    1
CODE_I                                    1C00                       rel    1
DATA20_I                               1C00 - 1C01               2   rel    1
DATA20_Z                               1C02 - 24F7             8F6   rel    1
DATA20_N                                  24F8                       rel    1
CSTACK                                 3B6A - 3BFF              96   rel    1
CSTART                                 4000 - 402F              30   rel    1
ISR_CODE                               4030 - 453B             50C   rel    1
<CODE> 1                               453C - 96FF            51C4   rel    1
DATA20_C                               9700 - 9FE5             8E6   rel    1
DATA20_ID                              9FE6 - 9FE7               2   rel    1
CODE_ID                                   9FE8                       rel    1
INTVEC                                 FF80 - FFFD              7E   com    1
RESET                                  FFFE - FFFF               2   rel    1

                ****************************************
                *                                      *
                *        END OF CROSS REFERENCE        *
                *                                      *
                ****************************************

 22 400 bytes of CODE  memory
  2 446 bytes of DATA  memory (+ 305 absolute )
  2 408 bytes of CONST memory

Errors: none
Warnings: none

